Archive member included because of file (symbol)

build/waf.bootloader-NoOS-LSRSTERLING_00950/libraries/App_WICED_Bootloader_LSRSTERLING_00950.a(bootloader.o)
                              build/waf.bootloader-NoOS-LSRSTERLING_00950/Modules/./WICED/platform/MCU/STM32F4xx/../../ARM_CM4/crt0_GCC.o (main)
build/waf.bootloader-NoOS-LSRSTERLING_00950/libraries/Platform_LSRSTERLING_00950.a(platform.o)
                              build/waf.bootloader-NoOS-LSRSTERLING_00950/Modules/./WICED/platform/MCU/STM32F4xx/../../ARM_CM4/crt0_GCC.o (platform_init_external_devices)
build/waf.bootloader-NoOS-LSRSTERLING_00950/libraries/WWD_NoOS_Interface.a(wwd_rtos.o)
                              build/waf.bootloader-NoOS-LSRSTERLING_00950/Modules/WICED/platform/GCC/time_newlib.o (host_rtos_get_time)
build/waf.bootloader-NoOS-LSRSTERLING_00950/libraries/WWD_NoOS_Interface.a(noos.o)
                              build/waf.bootloader-NoOS-LSRSTERLING_00950/libraries/App_WICED_Bootloader_LSRSTERLING_00950.a(bootloader.o) (NoOS_setup_timing)
build/waf.bootloader-NoOS-LSRSTERLING_00950/libraries/STM32F4xx.a(platform_stdio.o)
                              build/waf.bootloader-NoOS-LSRSTERLING_00950/Modules/WICED/platform/GCC/stdio_newlib.o (platform_stdio_write)
build/waf.bootloader-NoOS-LSRSTERLING_00950/libraries/STM32F4xx.a(wiced_waf_common.o)
                              build/waf.bootloader-NoOS-LSRSTERLING_00950/libraries/App_WICED_Bootloader_LSRSTERLING_00950.a(bootloader.o) (wiced_waf_app_set_boot)
build/waf.bootloader-NoOS-LSRSTERLING_00950/libraries/STM32F4xx.a(platform_init.o)
                              build/waf.bootloader-NoOS-LSRSTERLING_00950/libraries/STM32F4xx.a(wiced_waf_common.o) (platform_mcu_reset)
build/waf.bootloader-NoOS-LSRSTERLING_00950/libraries/STM32F4xx.a(platform_unhandled_isr.o)
                              build/waf.bootloader-NoOS-LSRSTERLING_00950/Modules/./WICED/platform/MCU/STM32F4xx/platform_vector_table.o (UnhandledInterrupt)
build/waf.bootloader-NoOS-LSRSTERLING_00950/libraries/STM32F4xx.a(waf_platform.o)
                              build/waf.bootloader-NoOS-LSRSTERLING_00950/libraries/STM32F4xx.a(wiced_waf_common.o) (platform_start_app)
build/waf.bootloader-NoOS-LSRSTERLING_00950/libraries/STM32F4xx.a(wiced_dct_internal_common.o)
                              build/waf.bootloader-NoOS-LSRSTERLING_00950/libraries/App_WICED_Bootloader_LSRSTERLING_00950.a(bootloader.o) (wiced_dct_read_with_copy)
build/waf.bootloader-NoOS-LSRSTERLING_00950/libraries/STM32F4xx.a(wiced_dct_update.o)
                              build/waf.bootloader-NoOS-LSRSTERLING_00950/libraries/STM32F4xx.a(wiced_dct_internal_common.o) (wiced_dct_minimal_check_dct_header)
build/waf.bootloader-NoOS-LSRSTERLING_00950/libraries/STM32F4xx.a(wwd_platform_separate_mcu.o)
                              build/waf.bootloader-NoOS-LSRSTERLING_00950/libraries/STM32F4xx.a(platform_init.o) (host_platform_init)
build/waf.bootloader-NoOS-LSRSTERLING_00950/libraries/STM32F4xx.a(wiced_apps_common.o)
                              build/waf.bootloader-NoOS-LSRSTERLING_00950/libraries/STM32F4xx.a(wiced_waf_common.o) (wiced_apps_get_size)
build/waf.bootloader-NoOS-LSRSTERLING_00950/libraries/STM32F4xx.a(platform_filesystem.o)
                              build/waf.bootloader-NoOS-LSRSTERLING_00950/libraries/STM32F4xx.a(wwd_platform_separate_mcu.o) (platform_filesystem_init)
build/waf.bootloader-NoOS-LSRSTERLING_00950/libraries/STM32F4xx_Peripheral_Drivers.a(platform_gpio.o)
                              build/waf.bootloader-NoOS-LSRSTERLING_00950/libraries/Platform_LSRSTERLING_00950.a(platform.o) (platform_gpio_output_high)
build/waf.bootloader-NoOS-LSRSTERLING_00950/libraries/STM32F4xx_Peripheral_Drivers.a(platform_mcu_powersave.o)
                              build/waf.bootloader-NoOS-LSRSTERLING_00950/libraries/STM32F4xx_Peripheral_Drivers.a(platform_gpio.o) (platform_mcu_powersave_disable)
build/waf.bootloader-NoOS-LSRSTERLING_00950/libraries/STM32F4xx_Peripheral_Drivers.a(platform_uart.o)
                              build/waf.bootloader-NoOS-LSRSTERLING_00950/libraries/Platform_LSRSTERLING_00950.a(platform.o) (platform_uart_irq)
build/waf.bootloader-NoOS-LSRSTERLING_00950/libraries/STM32F4xx_Peripheral_Drivers.a(platform_watchdog.o)
                              build/waf.bootloader-NoOS-LSRSTERLING_00950/libraries/STM32F4xx.a(platform_init.o) (platform_watchdog_init)
build/waf.bootloader-NoOS-LSRSTERLING_00950/libraries/Lib_Ring_Buffer.a(ring_buffer.o)
                              build/waf.bootloader-NoOS-LSRSTERLING_00950/libraries/STM32F4xx_Peripheral_Drivers.a(platform_uart.o) (ring_buffer_get_data)
build/waf.bootloader-NoOS-LSRSTERLING_00950/libraries/STM32F4xx_Peripheral_Libraries.a(misc.o)
                              build/waf.bootloader-NoOS-LSRSTERLING_00950/libraries/STM32F4xx.a(platform_init.o) (NVIC_PriorityGroupConfig)
[...]
Memory Configuration

Name             Origin             Length             Attributes
BTLDR_VECTORS    0x08000000         0x00000200         xr
SHARED_API       0x08000200         0x00000200         xr
BTLDR_CODE       0x08000400         0x00003c00         xr
DCT1_FLASH       0x08004000         0x00004000         xr
DCT2_FLASH       0x08008000         0x00004000         xr
APP_CODE         0x0800c000         0x00074000         xr
SRAM             0x20000000         0x00020000         xrw
BTLDR_SRAM       0x2001bc00         0x00004400         xrw
*default*        0x00000000         0xffffffff

Linker script and memory map

                0x080005b4                reset_handler = _start

.vectors        0x08000000      0x184
                0x08000000                link_interrupt_vectors_location = .
 *(*.interrupt_vector_table)
 .rodata.interrupt_vector_table
                0x08000000      0x184 build/waf.bootloader-NoOS-LSRSTERLING_00950/Modules/./WICED/platform/MCU/STM32F4xx/platform_vector_table.o
                0x08000000                interrupt_vector_table

.shared_api     0x08000200        0x0
                0x08000200                shared_api_location = .
 *(.rodata.shared_waf_api_val)

.text           0x08000400     0x2ba0
                0x08000400                link_code_location = .
 *(.text.irq)
 .text.irq      0x08000400       0xb4 build/waf.bootloader-NoOS-LSRSTERLING_00950/libraries/Platform_LSRSTERLING_00950.a(platform.o)
                0x08000400                USART1_irq
                0x08000400                usart1_irq
                0x0800041c                usart2_irq
                0x0800041c                USART2_irq
                0x0800043c                usart1_tx_dma_irq
                0x0800043c                DMA2_Stream7_irq
                0x08000458                usart2_tx_dma_irq
                0x08000458                DMA1_Stream6_irq
                0x08000478                DMA2_Stream2_irq
                0x08000478                usart1_rx_dma_irq
                0x08000494                usart2_rx_dma_irq
                0x08000494                DMA1_Stream5_irq
 .text.irq      0x080004b4       0x20 build/waf.bootloader-NoOS-LSRSTERLING_00950/libraries/WWD_NoOS_Interface.a(noos.o)
                0x080004b4                NoOS_systick_irq
 .text.irq      0x080004d4       0x18 build/waf.bootloader-NoOS-LSRSTERLING_00950/libraries/STM32F4xx.a(platform_unhandled_isr.o)
                0x080004d4                MemManageException
                0x080004d4                BusFaultException
                0x080004d4                OTG_HS_EP1_OUT_irq
                0x080004d4                CAN2_RX0_irq
                0x080004d4                UART5_irq
                0x080004d4                DMA1_Stream3_irq
                0x080004d4                SPI2_irq
                0x080004d4                USART3_irq
                0x080004d4                FSMC_irq
                0x080004d4                DebugMonitor
                0x080004d4                TIM1_UP_TIM10_irq
                0x080004d4                CAN1_TX_irq
                0x080004d4                HardFaultException
                0x080004d4                TIM2_irq
                0x080004d4                SPI1_irq
                0x080004d4                ETH_WKUP_irq
                0x080004d4                TAMP_STAMP_irq
                0x080004d4                ADC_irq
                0x080004d4                TIM8_UP_TIM13_irq
                0x080004d4                DMA1_Stream1_irq
                0x080004d4                ETH_irq
                0x080004d4                UnhandledInterrupt
                0x080004d4                DMA1_Stream2_irq
                0x080004d4                RTC_Alarm_irq
                0x080004d4                TIM8_CC_irq
                0x080004d4                DMA2_Stream4_irq
                0x080004d4                I2C1_ER_irq
                0x080004d4                DMA1_Stream0_irq
                0x080004d4                NMIException
                0x080004d4                DMA2_Stream0_irq
                0x080004d4                USART6_irq
                0x080004d4                OTG_FS_WKUP_irq
                0x080004d4                DMA2_Stream6_irq
                0x080004d4                I2C1_EV_irq
                0x080004d4                DMA1_Stream4_irq
                0x080004d4                CAN2_TX_irq
                0x080004d4                WWDG_irq
                0x080004d4                DMA2_Stream5_irq
                0x080004d4                SPI3_irq
                0x080004d4                PVD_irq
                0x080004d4                DMA2_Stream3_irq
                0x080004d4                TIM8_TRG_COM_TIM14_irq
                0x080004d4                OTG_HS_EP1_IN_irq
                0x080004d4                TIM1_TRG_COM_TIM11_irq
                0x080004d4                I2C2_EV_irq
                0x080004d4                CRYP_irq
                0x080004d4                I2C3_EV_irq
                0x080004d4                DMA1_Stream7_irq
                0x080004d4                HASH_RNG_irq
                0x080004d4                TIM1_CC_irq
                0x080004d4                TIM8_BRK_TIM12_irq
                0x080004d4                CAN2_RX1_irq
                0x080004d4                RTC_WKUP_irq
                0x080004d4                CAN1_RX1_irq
                0x080004d4                TIM6_DAC_irq
                0x080004d4                TIM7_irq
                0x080004d4                CAN1_RX0_irq
                0x080004d4                OTG_HS_WKUP_irq
                0x080004d4                TIM1_BRK_TIM9_irq
                0x080004d4                OTG_FS_irq
                0x080004d4                TIM5_irq
                0x080004d4                DCMI_irq
                0x080004d4                UART4_irq
                0x080004d4                CAN1_SCE_irq
                0x080004d4                UsageFaultException
                0x080004d4                SDIO_irq
                0x080004d4                DMA2_Stream1_irq
                0x080004d4                OTG_HS_irq
                0x080004d4                CAN2_SCE_irq
                0x080004d4                I2C3_ER_irq
                0x080004d4                RCC_irq
                0x080004d4                FLASH_irq
                0x080004d4                I2C2_ER_irq
                0x080004d4                TIM3_irq
 .text.irq      0x080004ec       0xa8 build/waf.bootloader-NoOS-LSRSTERLING_00950/libraries/STM32F4xx_Peripheral_Drivers.a(platform_gpio.o)
                0x080004ec                EXTI4_irq
                0x080004ec                EXTI1_irq
                0x080004ec                EXTI0_irq
                0x080004ec                EXTI15_10_irq
                0x080004ec                gpio_irq
                0x080004ec                EXTI3_irq
                0x080004ec                EXTI2_irq
                0x080004ec                EXTI9_5_irq
 .text.irq      0x08000594       0x20 build/waf.bootloader-NoOS-LSRSTERLING_00950/libraries/STM32F4xx_Peripheral_Drivers.a(platform_watchdog.o)
                0x08000594                dbg_watchdog_irq
                0x08000594                TIM4_irq
 *(.text .text.* .gnu.linkonce.t.*)
 .text._start   0x080005b4       0xcc build/waf.bootloader-NoOS-LSRSTERLING_00950/Modules/./WICED/platform/MCU/STM32F4xx/../../ARM_CM4/crt0_GCC.o
                0x080005b4                _start
 .text.startup.main
                0x08000680       0x7c build/waf.bootloader-NoOS-LSRSTERLING_00950/libraries/App_WICED_Bootloader_LSRSTERLING_00950.a(bootloader.o)
                0x08000680                main
 .text.platform_init_peripheral_irq_priorities
                0x080006fc       0x58 build/waf.bootloader-NoOS-LSRSTERLING_00950/libraries/Platform_LSRSTERLING_00950.a(platform.o)
                0x080006fc                platform_init_peripheral_irq_priorities
 .text.platform_init_external_devices
                0x08000754       0xc0 build/waf.bootloader-NoOS-LSRSTERLING_00950/libraries/Platform_LSRSTERLING_00950.a(platform.o)
                0x08000754                platform_init_external_devices
 .text.platform_get_factory_reset_button_time
                0x08000814        0x4 build/waf.bootloader-NoOS-LSRSTERLING_00950/libraries/Platform_LSRSTERLING_00950.a(platform.o)
                0x08000814                platform_get_factory_reset_button_time
 .text.host_rtos_set_semaphore
                0x08000818       0x16 build/waf.bootloader-NoOS-LSRSTERLING_00950/libraries/WWD_NoOS_Interface.a(wwd_rtos.o)
                0x08000818                host_rtos_set_semaphore
 *fill*         0x0800082e        0x2 
 .text.NoOS_setup_timing
                0x08000830       0x20 build/waf.bootloader-NoOS-LSRSTERLING_00950/libraries/WWD_NoOS_Interface.a(noos.o)
                0x08000830                NoOS_setup_timing
 .text.NoOS_stop_timing
                0x08000850       0x1c build/waf.bootloader-NoOS-LSRSTERLING_00950/libraries/WWD_NoOS_Interface.a(noos.o)
                0x08000850                NoOS_stop_timing
 .text.platform_init_rtos_irq_priorities
                0x0800086c       0x20 build/waf.bootloader-NoOS-LSRSTERLING_00950/libraries/WWD_NoOS_Interface.a(noos.o)
                0x0800086c                platform_init_rtos_irq_priorities
 .text.wiced_waf_app_set_boot
                0x0800088c       0x32 build/waf.bootloader-NoOS-LSRSTERLING_00950/libraries/STM32F4xx.a(wiced_waf_common.o)
                0x0800088c                wiced_waf_app_set_boot
 .text.wiced_waf_app_load
                0x080008be       0xbe build/waf.bootloader-NoOS-LSRSTERLING_00950/libraries/STM32F4xx.a(wiced_waf_common.o)
                0x080008be                wiced_waf_app_load
 .text.wiced_waf_start_app
                0x0800097c        0x4 build/waf.bootloader-NoOS-LSRSTERLING_00950/libraries/STM32F4xx.a(wiced_waf_common.o)
                0x0800097c                wiced_waf_start_app
 .text.wiced_waf_check_factory_reset
                0x08000980       0x18 build/waf.bootloader-NoOS-LSRSTERLING_00950/libraries/STM32F4xx.a(wiced_waf_common.o)
                0x08000980                wiced_waf_check_factory_reset
 .text.platform_mcu_reset
                0x08000998       0x20 build/waf.bootloader-NoOS-LSRSTERLING_00950/libraries/STM32F4xx.a(platform_init.o)
                0x08000998                platform_mcu_reset
 .text.platform_init_system_clocks
                0x080009b8       0x68 build/waf.bootloader-NoOS-LSRSTERLING_00950/libraries/STM32F4xx.a(platform_init.o)
                0x080009b8                platform_init_system_clocks
 .text.platform_init_memory
                0x08000a20        0x2 build/waf.bootloader-NoOS-LSRSTERLING_00950/libraries/STM32F4xx.a(platform_init.o)
                0x08000a20                platform_init_memory
 .text.platform_init_mcu_infrastructure
                0x08000a22       0x34 build/waf.bootloader-NoOS-LSRSTERLING_00950/libraries/STM32F4xx.a(platform_init.o)
                0x08000a22                platform_init_mcu_infrastructure
 *fill*         0x08000a56        0x2 
 .text.platform_start_app
                0x08000a58       0x34 build/waf.bootloader-NoOS-LSRSTERLING_00950/libraries/STM32F4xx.a(waf_platform.o)
                0x08000a58                platform_start_app
 .text.platform_erase_flash
                0x08000a8c       0x36 build/waf.bootloader-NoOS-LSRSTERLING_00950/libraries/STM32F4xx.a(waf_platform.o)
                0x08000a8c                platform_erase_flash
 .text.platform_write_flash_chunk
                0x08000ac2       0x7a build/waf.bootloader-NoOS-LSRSTERLING_00950/libraries/STM32F4xx.a(waf_platform.o)
                0x08000ac2                platform_write_flash_chunk
 .text.platform_erase_app_area
                0x08000b3c       0x24 build/waf.bootloader-NoOS-LSRSTERLING_00950/libraries/STM32F4xx.a(waf_platform.o)
                0x08000b3c                platform_erase_app_area
 .text.platform_load_app_chunk
                0x08000b60       0x5c build/waf.bootloader-NoOS-LSRSTERLING_00950/libraries/STM32F4xx.a(waf_platform.o)
                0x08000b60                platform_load_app_chunk
 .text.wiced_dct_copy_sflash
                0x08000bbc       0x3c build/waf.bootloader-NoOS-LSRSTERLING_00950/libraries/STM32F4xx.a(wiced_dct_internal_common.o)
 .text.wiced_dct_generate_crc_from_flash.constprop.2
                0x08000bf8       0x3e build/waf.bootloader-NoOS-LSRSTERLING_00950/libraries/STM32F4xx.a(wiced_dct_internal_common.o)
 *fill*         0x08000c36        0x2 
 .text.wiced_dct_finish_new_dct
                0x08000c38       0xe8 build/waf.bootloader-NoOS-LSRSTERLING_00950/libraries/STM32F4xx.a(wiced_dct_internal_common.o)
 .text.wiced_dct_validate_and_determine_version
                0x08000d20       0xd2 build/waf.bootloader-NoOS-LSRSTERLING_00950/libraries/STM32F4xx.a(wiced_dct_internal_common.o)
                0x08000d20                wiced_dct_validate_and_determine_version
 *fill*         0x08000df2        0x2 
 .text.wiced_dct_erase_non_current_dct
                0x08000df4       0x18 build/waf.bootloader-NoOS-LSRSTERLING_00950/libraries/STM32F4xx.a(wiced_dct_internal_common.o)
                0x08000df4                wiced_dct_erase_non_current_dct
 .text.wiced_dct_get_current_address
                0x08000e0c      0x150 build/waf.bootloader-NoOS-LSRSTERLING_00950/libraries/STM32F4xx.a(wiced_dct_internal_common.o)
                0x08000e0c                wiced_dct_get_current_address
 .text.wiced_dct_read_with_copy
                0x08000f5c       0x26 build/waf.bootloader-NoOS-LSRSTERLING_00950/libraries/STM32F4xx.a(wiced_dct_internal_common.o)
                0x08000f5c                wiced_dct_read_with_copy
 *fill*         0x08000f82        0x2 
 .text.wiced_dct_start_new_from_current.part.0
                0x08000f84       0xa4 build/waf.bootloader-NoOS-LSRSTERLING_00950/libraries/STM32F4xx.a(wiced_dct_internal_common.o)
 .text.wiced_dct_write_app_location.part.1
                0x08001028       0x90 build/waf.bootloader-NoOS-LSRSTERLING_00950/libraries/STM32F4xx.a(wiced_dct_internal_common.o)
 .text.wiced_dct_write_boot_details
                0x080010b8       0x78 build/waf.bootloader-NoOS-LSRSTERLING_00950/libraries/STM32F4xx.a(wiced_dct_internal_common.o)
                0x080010b8                wiced_dct_write_boot_details
 .text.wiced_dct_restore_factory_reset
                0x08001130       0xd0 build/waf.bootloader-NoOS-LSRSTERLING_00950/libraries/STM32F4xx.a(wiced_dct_internal_common.o)
                0x08001130                wiced_dct_restore_factory_reset
 .text.wiced_dct_get_app_header_location
                0x08001200       0x1a build/waf.bootloader-NoOS-LSRSTERLING_00950/libraries/STM32F4xx.a(wiced_dct_internal_common.o)
                0x08001200                wiced_dct_get_app_header_location
 *fill*         0x0800121a        0x2 
 .text.wiced_dct_minimal_check_dct_header
                0x0800121c       0x28 build/waf.bootloader-NoOS-LSRSTERLING_00950/libraries/STM32F4xx.a(wiced_dct_update.o)
                0x0800121c                wiced_dct_minimal_check_dct_header
 .text.wiced_dct_minimal_check_dct_version
                0x08001244       0x24 build/waf.bootloader-NoOS-LSRSTERLING_00950/libraries/STM32F4xx.a(wiced_dct_update.o)
                0x08001244                wiced_dct_minimal_check_dct_version
 .text.wiced_apps_get_physical_address
                0x08001268       0x74 build/waf.bootloader-NoOS-LSRSTERLING_00950/libraries/STM32F4xx.a(wiced_apps_common.o)
 .text.wiced_apps_read
                0x080012dc       0x94 build/waf.bootloader-NoOS-LSRSTERLING_00950/libraries/STM32F4xx.a(wiced_apps_common.o)
                0x080012dc                wiced_apps_read
 .text.platform_gpio_output_high
                0x08001370       0x1c build/waf.bootloader-NoOS-LSRSTERLING_00950/libraries/STM32F4xx_Peripheral_Drivers.a(platform_gpio.o)
                0x08001370                platform_gpio_output_high
 .text.platform_gpio_output_low
                0x0800138c       0x1c build/waf.bootloader-NoOS-LSRSTERLING_00950/libraries/STM32F4xx_Peripheral_Drivers.a(platform_gpio.o)
                0x0800138c                platform_gpio_output_low
 .text.platform_gpio_irq_manager_init
                0x080013a8       0x20 build/waf.bootloader-NoOS-LSRSTERLING_00950/libraries/STM32F4xx_Peripheral_Drivers.a(platform_gpio.o)
                0x080013a8                platform_gpio_irq_manager_init
 .text.platform_gpio_get_port_number
                0x080013c8       0x80 build/waf.bootloader-NoOS-LSRSTERLING_00950/libraries/STM32F4xx_Peripheral_Drivers.a(platform_gpio.o)
                0x080013c8                platform_gpio_get_port_number
 .text.platform_gpio_init
                0x08001448       0x80 build/waf.bootloader-NoOS-LSRSTERLING_00950/libraries/STM32F4xx_Peripheral_Drivers.a(platform_gpio.o)
                0x08001448                platform_gpio_init
 .text.platform_gpio_set_alternate_function
                0x080014c8       0x68 build/waf.bootloader-NoOS-LSRSTERLING_00950/libraries/STM32F4xx_Peripheral_Drivers.a(platform_gpio.o)
                0x080014c8                platform_gpio_set_alternate_function
 .text.platform_mcu_powersave_disable
                0x08001530        0x6 build/waf.bootloader-NoOS-LSRSTERLING_00950/libraries/STM32F4xx_Peripheral_Drivers.a(platform_mcu_powersave.o)
                0x08001530                platform_mcu_powersave_disable
 .text.platform_mcu_powersave_enable
                0x08001536        0x6 build/waf.bootloader-NoOS-LSRSTERLING_00950/libraries/STM32F4xx_Peripheral_Drivers.a(platform_mcu_powersave.o)
                0x08001536                platform_mcu_powersave_enable
 .text.clear_dma_interrupts
                0x0800153c       0x4c build/waf.bootloader-NoOS-LSRSTERLING_00950/libraries/STM32F4xx_Peripheral_Drivers.a(platform_uart.o)
 .text.get_dma_irq_status
                0x08001588       0x34 build/waf.bootloader-NoOS-LSRSTERLING_00950/libraries/STM32F4xx_Peripheral_Drivers.a(platform_uart.o)
 .text.platform_uart_irq
                0x080015bc       0x34 build/waf.bootloader-NoOS-LSRSTERLING_00950/libraries/STM32F4xx_Peripheral_Drivers.a(platform_uart.o)
                0x080015bc                platform_uart_irq
 .text.platform_uart_tx_dma_irq
                0x080015f0       0x4c build/waf.bootloader-NoOS-LSRSTERLING_00950/libraries/STM32F4xx_Peripheral_Drivers.a(platform_uart.o)
                0x080015f0                platform_uart_tx_dma_irq
 .text.platform_uart_rx_dma_irq
                0x0800163c       0x4c build/waf.bootloader-NoOS-LSRSTERLING_00950/libraries/STM32F4xx_Peripheral_Drivers.a(platform_uart.o)
                0x0800163c                platform_uart_rx_dma_irq
 .text.platform_watchdog_init
                0x08001688       0x9c build/waf.bootloader-NoOS-LSRSTERLING_00950/libraries/STM32F4xx_Peripheral_Drivers.a(platform_watchdog.o)
                0x08001688                platform_watchdog_init
 .text.platform_watchdog_kick
                0x08001724       0x54 build/waf.bootloader-NoOS-LSRSTERLING_00950/libraries/STM32F4xx_Peripheral_Drivers.a(platform_watchdog.o)
                0x08001724                platform_watchdog_kick
 .text.ring_buffer_used_space
                0x08001778       0x14 build/waf.bootloader-NoOS-LSRSTERLING_00950/libraries/Lib_Ring_Buffer.a(ring_buffer.o)
                0x08001778                ring_buffer_used_space
 .text.NVIC_PriorityGroupConfig
                0x0800178c       0x14 build/waf.bootloader-NoOS-LSRSTERLING_00950/libraries/STM32F4xx_Peripheral_Libraries.a(misc.o)
                0x0800178c                NVIC_PriorityGroupConfig
 .text.SysTick_CLKSourceConfig
                0x080017a0       0x18 build/waf.bootloader-NoOS-LSRSTERLING_00950/libraries/STM32F4xx_Peripheral_Libraries.a(misc.o)
                0x080017a0                SysTick_CLKSourceConfig
 .text.DMA_DeInit
                0x080017b8      0x10c build/waf.bootloader-NoOS-LSRSTERLING_00950/libraries/STM32F4xx_Peripheral_Libraries.a(stm32f4xx_dma.o)
                0x080017b8                DMA_DeInit
 .text.DMA_Init
                0x080018c4       0x54 build/waf.bootloader-NoOS-LSRSTERLING_00950/libraries/STM32F4xx_Peripheral_Libraries.a(stm32f4xx_dma.o)
                0x080018c4                DMA_Init
 .text.DMA_Cmd  0x08001918       0x12 build/waf.bootloader-NoOS-LSRSTERLING_00950/libraries/STM32F4xx_Peripheral_Libraries.a(stm32f4xx_dma.o)
                0x08001918                DMA_Cmd
 .text.DMA_GetCurrDataCounter
                0x0800192a        0x6 build/waf.bootloader-NoOS-LSRSTERLING_00950/libraries/STM32F4xx_Peripheral_Libraries.a(stm32f4xx_dma.o)
                0x0800192a                DMA_GetCurrDataCounter
 .text.DMA_GetCmdStatus
                0x08001930        0x8 build/waf.bootloader-NoOS-LSRSTERLING_00950/libraries/STM32F4xx_Peripheral_Libraries.a(stm32f4xx_dma.o)
                0x08001930                DMA_GetCmdStatus
 .text.DMA_ClearFlag
                0x08001938       0x30 build/waf.bootloader-NoOS-LSRSTERLING_00950/libraries/STM32F4xx_Peripheral_Libraries.a(stm32f4xx_dma.o)
                0x08001938                DMA_ClearFlag
 .text.FLASH_SetLatency
                0x08001968        0xc build/waf.bootloader-NoOS-LSRSTERLING_00950/libraries/STM32F4xx_Peripheral_Libraries.a(stm32f4xx_flash.o)
                0x08001968                FLASH_SetLatency
 .text.FLASH_PrefetchBufferCmd
                0x08001974       0x18 build/waf.bootloader-NoOS-LSRSTERLING_00950/libraries/STM32F4xx_Peripheral_Libraries.a(stm32f4xx_flash.o)
                0x08001974                FLASH_PrefetchBufferCmd
 .text.FLASH_Unlock
                0x0800198c       0x1c build/waf.bootloader-NoOS-LSRSTERLING_00950/libraries/STM32F4xx_Peripheral_Libraries.a(stm32f4xx_flash.o)
                0x0800198c                FLASH_Unlock
 .text.FLASH_Lock
                0x080019a8       0x10 build/waf.bootloader-NoOS-LSRSTERLING_00950/libraries/STM32F4xx_Peripheral_Libraries.a(stm32f4xx_flash.o)
                0x080019a8                FLASH_Lock
 .text.FLASH_ClearFlag
                0x080019b8        0xc build/waf.bootloader-NoOS-LSRSTERLING_00950/libraries/STM32F4xx_Peripheral_Libraries.a(stm32f4xx_flash.o)
                0x080019b8                FLASH_ClearFlag
 .text.FLASH_GetStatus
                0x080019c4       0x40 build/waf.bootloader-NoOS-LSRSTERLING_00950/libraries/STM32F4xx_Peripheral_Libraries.a(stm32f4xx_flash.o)
                0x080019c4                FLASH_GetStatus
 .text.FLASH_WaitForLastOperation
                0x08001a04       0x22 build/waf.bootloader-NoOS-LSRSTERLING_00950/libraries/STM32F4xx_Peripheral_Libraries.a(stm32f4xx_flash.o)
                0x08001a04                FLASH_WaitForLastOperation
 *fill*         0x08001a26        0x2 
 .text.FLASH_EraseSector
                0x08001a28       0x6c build/waf.bootloader-NoOS-LSRSTERLING_00950/libraries/STM32F4xx_Peripheral_Libraries.a(stm32f4xx_flash.o)
                0x08001a28                FLASH_EraseSector
 .text.FLASH_ProgramWord
                0x08001a94       0x3c build/waf.bootloader-NoOS-LSRSTERLING_00950/libraries/STM32F4xx_Peripheral_Libraries.a(stm32f4xx_flash.o)
                0x08001a94                FLASH_ProgramWord
 .text.FLASH_ProgramByte
                0x08001ad0       0x38 build/waf.bootloader-NoOS-LSRSTERLING_00950/libraries/STM32F4xx_Peripheral_Libraries.a(stm32f4xx_flash.o)
                0x08001ad0                FLASH_ProgramByte
 .text.GPIO_Init
                0x08001b08       0x88 build/waf.bootloader-NoOS-LSRSTERLING_00950/libraries/STM32F4xx_Peripheral_Libraries.a(stm32f4xx_gpio.o)
                0x08001b08                GPIO_Init
 .text.GPIO_PinAFConfig
                0x08001b90       0x24 build/waf.bootloader-NoOS-LSRSTERLING_00950/libraries/STM32F4xx_Peripheral_Libraries.a(stm32f4xx_gpio.o)
                0x08001b90                GPIO_PinAFConfig
 .text.IWDG_WriteAccessCmd
                0x08001bb4        0xc build/waf.bootloader-NoOS-LSRSTERLING_00950/libraries/STM32F4xx_Peripheral_Libraries.a(stm32f4xx_iwdg.o)
                0x08001bb4                IWDG_WriteAccessCmd
 .text.IWDG_SetPrescaler
                0x08001bc0        0xc build/waf.bootloader-NoOS-LSRSTERLING_00950/libraries/STM32F4xx_Peripheral_Libraries.a(stm32f4xx_iwdg.o)
                0x08001bc0                IWDG_SetPrescaler
 .text.IWDG_SetReload
                0x08001bcc        0xc build/waf.bootloader-NoOS-LSRSTERLING_00950/libraries/STM32F4xx_Peripheral_Libraries.a(stm32f4xx_iwdg.o)
                0x08001bcc                IWDG_SetReload
 .text.IWDG_ReloadCounter
                0x08001bd8       0x10 build/waf.bootloader-NoOS-LSRSTERLING_00950/libraries/STM32F4xx_Peripheral_Libraries.a(stm32f4xx_iwdg.o)
                0x08001bd8                IWDG_ReloadCounter
 .text.IWDG_Enable
                0x08001be8       0x10 build/waf.bootloader-NoOS-LSRSTERLING_00950/libraries/STM32F4xx_Peripheral_Libraries.a(stm32f4xx_iwdg.o)
                0x08001be8                IWDG_Enable
 .text.RCC_HSEConfig
                0x08001bf8       0x10 build/waf.bootloader-NoOS-LSRSTERLING_00950/libraries/STM32F4xx_Peripheral_Libraries.a(stm32f4xx_rcc.o)
                0x08001bf8                RCC_HSEConfig
 .text.RCC_PLLConfig
                0x08001c08       0x20 build/waf.bootloader-NoOS-LSRSTERLING_00950/libraries/STM32F4xx_Peripheral_Libraries.a(stm32f4xx_rcc.o)
                0x08001c08                RCC_PLLConfig
 .text.RCC_PLLCmd
                0x08001c28        0xc build/waf.bootloader-NoOS-LSRSTERLING_00950/libraries/STM32F4xx_Peripheral_Libraries.a(stm32f4xx_rcc.o)
                0x08001c28                RCC_PLLCmd
 .text.RCC_SYSCLKConfig
                0x08001c34       0x14 build/waf.bootloader-NoOS-LSRSTERLING_00950/libraries/STM32F4xx_Peripheral_Libraries.a(stm32f4xx_rcc.o)
                0x08001c34                RCC_SYSCLKConfig
 .text.RCC_GetSYSCLKSource
                0x08001c48       0x10 build/waf.bootloader-NoOS-LSRSTERLING_00950/libraries/STM32F4xx_Peripheral_Libraries.a(stm32f4xx_rcc.o)
                0x08001c48                RCC_GetSYSCLKSource
 .text.RCC_HCLKConfig
                0x08001c58       0x14 build/waf.bootloader-NoOS-LSRSTERLING_00950/libraries/STM32F4xx_Peripheral_Libraries.a(stm32f4xx_rcc.o)
                0x08001c58                RCC_HCLKConfig
 .text.RCC_PCLK1Config
                0x08001c6c       0x14 build/waf.bootloader-NoOS-LSRSTERLING_00950/libraries/STM32F4xx_Peripheral_Libraries.a(stm32f4xx_rcc.o)
                0x08001c6c                RCC_PCLK1Config
 .text.RCC_PCLK2Config
                0x08001c80       0x14 build/waf.bootloader-NoOS-LSRSTERLING_00950/libraries/STM32F4xx_Peripheral_Libraries.a(stm32f4xx_rcc.o)
                0x08001c80                RCC_PCLK2Config
 .text.RCC_GetClocksFreq
                0x08001c94       0x88 build/waf.bootloader-NoOS-LSRSTERLING_00950/libraries/STM32F4xx_Peripheral_Libraries.a(stm32f4xx_rcc.o)
                0x08001c94                RCC_GetClocksFreq
 .text.RCC_APB1PeriphClockCmd
                0x08001d1c       0x18 build/waf.bootloader-NoOS-LSRSTERLING_00950/libraries/STM32F4xx_Peripheral_Libraries.a(stm32f4xx_rcc.o)
                0x08001d1c                RCC_APB1PeriphClockCmd
 .text.RCC_APB2PeriphClockCmd
                0x08001d34       0x18 build/waf.bootloader-NoOS-LSRSTERLING_00950/libraries/STM32F4xx_Peripheral_Libraries.a(stm32f4xx_rcc.o)
                0x08001d34                RCC_APB2PeriphClockCmd
 .text.RCC_APB1PeriphResetCmd
                0x08001d4c       0x18 build/waf.bootloader-NoOS-LSRSTERLING_00950/libraries/STM32F4xx_Peripheral_Libraries.a(stm32f4xx_rcc.o)
                0x08001d4c                RCC_APB1PeriphResetCmd
 .text.RCC_GetFlagStatus
                0x08001d64       0x28 build/waf.bootloader-NoOS-LSRSTERLING_00950/libraries/STM32F4xx_Peripheral_Libraries.a(stm32f4xx_rcc.o)
                0x08001d64                RCC_GetFlagStatus
 .text.RCC_WaitForHSEStartUp
                0x08001d8c       0x30 build/waf.bootloader-NoOS-LSRSTERLING_00950/libraries/STM32F4xx_Peripheral_Libraries.a(stm32f4xx_rcc.o)
                0x08001d8c                RCC_WaitForHSEStartUp
 .text.TIM_TimeBaseInit
                0x08001dbc       0x7c build/waf.bootloader-NoOS-LSRSTERLING_00950/libraries/STM32F4xx_Peripheral_Libraries.a(stm32f4xx_tim.o)
                0x08001dbc                TIM_TimeBaseInit
 .text.TIM_UpdateRequestConfig
                0x08001e38       0x18 build/waf.bootloader-NoOS-LSRSTERLING_00950/libraries/STM32F4xx_Peripheral_Libraries.a(stm32f4xx_tim.o)
                0x08001e38                TIM_UpdateRequestConfig
 .text.TIM_Cmd  0x08001e50       0x18 build/waf.bootloader-NoOS-LSRSTERLING_00950/libraries/STM32F4xx_Peripheral_Libraries.a(stm32f4xx_tim.o)
                0x08001e50                TIM_Cmd
 .text.TIM_ITConfig
                0x08001e68       0x12 build/waf.bootloader-NoOS-LSRSTERLING_00950/libraries/STM32F4xx_Peripheral_Libraries.a(stm32f4xx_tim.o)
                0x08001e68                TIM_ITConfig
 .text.TIM_ClearITPendingBit
                0x08001e7a        0x8 build/waf.bootloader-NoOS-LSRSTERLING_00950/libraries/STM32F4xx_Peripheral_Libraries.a(stm32f4xx_tim.o)
                0x08001e7a                TIM_ClearITPendingBit
 *fill*         0x08001e82        0x2 
 .text.crc32    0x08001e84       0x24 build/waf.bootloader-NoOS-LSRSTERLING_00950/libraries/Lib_crc.a(crc.o)
                0x08001e84                crc32
 .text.sflash_read_status_register
                0x08001ea8       0x1a build/waf.bootloader-NoOS-LSRSTERLING_00950/libraries/Lib_SPI_Flash_Library_LSRSTERLING_00950.a(spi_flash.o)
                0x08001ea8                sflash_read_status_register
 .text.generic_sflash_command
                0x08001ec2       0x70 build/waf.bootloader-NoOS-LSRSTERLING_00950/libraries/Lib_SPI_Flash_Library_LSRSTERLING_00950.a(spi_flash.o)
 .text.sflash_read_ID
                0x08001f32       0x1a build/waf.bootloader-NoOS-LSRSTERLING_00950/libraries/Lib_SPI_Flash_Library_LSRSTERLING_00950.a(spi_flash.o)
                0x08001f32                sflash_read_ID
 .text.sflash_read
                0x08001f4c       0x2e build/waf.bootloader-NoOS-LSRSTERLING_00950/libraries/Lib_SPI_Flash_Library_LSRSTERLING_00950.a(spi_flash.o)
                0x08001f4c                sflash_read
 .text.sflash_write_status_register
                0x08001f7a       0x40 build/waf.bootloader-NoOS-LSRSTERLING_00950/libraries/Lib_SPI_Flash_Library_LSRSTERLING_00950.a(spi_flash.o)
                0x08001f7a                sflash_write_status_register
 .text.sflash_write_enable
                0x08001fba       0x5c build/waf.bootloader-NoOS-LSRSTERLING_00950/libraries/Lib_SPI_Flash_Library_LSRSTERLING_00950.a(spi_flash.o)
                0x08001fba                sflash_write_enable
 .text.deinit_sflash
                0x08002016        0x4 build/waf.bootloader-NoOS-LSRSTERLING_00950/libraries/Lib_SPI_Flash_Library_LSRSTERLING_00950.a(spi_flash.o)
                0x08002016                deinit_sflash
 .text.init_sflash
                0x0800201a       0x42 build/waf.bootloader-NoOS-LSRSTERLING_00950/libraries/Lib_SPI_Flash_Library_LSRSTERLING_00950.a(spi_flash.o)
                0x0800201a                init_sflash
 .text.sflash_platform_init
                0x0800205c       0x1c build/waf.bootloader-NoOS-LSRSTERLING_00950/libraries/Lib_SPI_Flash_Library_LSRSTERLING_00950.a(spi_flash_wiced.o)
                0x0800205c                sflash_platform_init
 .text.sflash_platform_send_recv
                0x08002078       0x18 build/waf.bootloader-NoOS-LSRSTERLING_00950/libraries/Lib_SPI_Flash_Library_LSRSTERLING_00950.a(spi_flash_wiced.o)
                0x08002078                sflash_platform_send_recv
 .text.sflash_platform_deinit
                0x08002090       0x18 build/waf.bootloader-NoOS-LSRSTERLING_00950/libraries/Lib_SPI_Flash_Library_LSRSTERLING_00950.a(spi_flash_wiced.o)
                0x08002090                sflash_platform_deinit
 .text.wiced_spi_init
                0x080020a8       0x44 build/waf.bootloader-NoOS-LSRSTERLING_00950/libraries/STM32F4xx.a(wiced_platform_common.o)
                0x080020a8                wiced_spi_init
 .text.wiced_spi_deinit
                0x080020ec       0x14 build/waf.bootloader-NoOS-LSRSTERLING_00950/libraries/STM32F4xx.a(wiced_platform_common.o)
                0x080020ec                wiced_spi_deinit
 .text.wiced_spi_transfer
                0x08002100       0x4c build/waf.bootloader-NoOS-LSRSTERLING_00950/libraries/STM32F4xx.a(wiced_platform_common.o)
                0x08002100                wiced_spi_transfer
 .text.calculate_prescaler.part.0
                0x0800214c       0x68 build/waf.bootloader-NoOS-LSRSTERLING_00950/libraries/STM32F4xx_Peripheral_Drivers.a(platform_spi.o)
 .text.spi_transfer.isra.1
                0x080021b4       0x3c build/waf.bootloader-NoOS-LSRSTERLING_00950/libraries/STM32F4xx_Peripheral_Drivers.a(platform_spi.o)
 .text.platform_spi_get_port_number
                0x080021f0       0x40 build/waf.bootloader-NoOS-LSRSTERLING_00950/libraries/STM32F4xx_Peripheral_Drivers.a(platform_spi.o)
                0x080021f0                platform_spi_get_port_number
 .text.platform_spi_init
                0x08002230      0x1a0 build/waf.bootloader-NoOS-LSRSTERLING_00950/libraries/STM32F4xx_Peripheral_Drivers.a(platform_spi.o)
                0x08002230                platform_spi_init
 .text.platform_spi_deinit
                0x080023d0        0x4 build/waf.bootloader-NoOS-LSRSTERLING_00950/libraries/STM32F4xx_Peripheral_Drivers.a(platform_spi.o)
                0x080023d0                platform_spi_deinit
 .text.platform_spi_transfer
                0x080023d4      0x28c build/waf.bootloader-NoOS-LSRSTERLING_00950/libraries/STM32F4xx_Peripheral_Drivers.a(platform_spi.o)
                0x080023d4                platform_spi_transfer
 .text.SPI_Init
                0x08002660       0x3e build/waf.bootloader-NoOS-LSRSTERLING_00950/libraries/STM32F4xx_Peripheral_Libraries.a(stm32f4xx_spi.o)
                0x08002660                SPI_Init
 .text.SPI_Cmd  0x0800269e       0x18 build/waf.bootloader-NoOS-LSRSTERLING_00950/libraries/STM32F4xx_Peripheral_Libraries.a(stm32f4xx_spi.o)
                0x0800269e                SPI_Cmd
 .text.SPI_I2S_ReceiveData
                0x080026b6        0x6 build/waf.bootloader-NoOS-LSRSTERLING_00950/libraries/STM32F4xx_Peripheral_Libraries.a(stm32f4xx_spi.o)
                0x080026b6                SPI_I2S_ReceiveData
 .text.SPI_I2S_SendData
                0x080026bc        0x4 build/waf.bootloader-NoOS-LSRSTERLING_00950/libraries/STM32F4xx_Peripheral_Libraries.a(stm32f4xx_spi.o)
                0x080026bc                SPI_I2S_SendData
 .text.SPI_CalculateCRC
                0x080026c0       0x18 build/waf.bootloader-NoOS-LSRSTERLING_00950/libraries/STM32F4xx_Peripheral_Libraries.a(stm32f4xx_spi.o)
                0x080026c0                SPI_CalculateCRC
 .text.SPI_I2S_DMACmd
                0x080026d8       0x12 build/waf.bootloader-NoOS-LSRSTERLING_00950/libraries/STM32F4xx_Peripheral_Libraries.a(stm32f4xx_spi.o)
                0x080026d8                SPI_I2S_DMACmd
 .text.SPI_I2S_GetFlagStatus
                0x080026ea        0xc build/waf.bootloader-NoOS-LSRSTERLING_00950/libraries/STM32F4xx_Peripheral_Libraries.a(stm32f4xx_spi.o)
                0x080026ea                SPI_I2S_GetFlagStatus
 *fill*         0x080026f6        0x2 
 .text.memcmp   0x080026f8       0x64 c:/users/tp/documents/multiradio/firmware/43xxx_wi-fi/tools/arm_gnu/bin/win32/../../lib/thumb/v7em\libc.a(lib_a-memcmp.o)
                0x080026f8                memcmp
 .text.memcpy   0x0800275c      0x120 c:/users/tp/documents/multiradio/firmware/43xxx_wi-fi/tools/arm_gnu/bin/win32/../../lib/thumb/v7em\libc.a(lib_a-memcpy-stub.o)
                0x0800275c                memcpy
 .text.memset   0x0800287c       0xa0 c:/users/tp/documents/multiradio/firmware/43xxx_wi-fi/tools/arm_gnu/bin/win32/../../lib/thumb/v7em\libc.a(lib_a-memset.o)
                0x0800287c                memset
                0x0800291c                link_code_end = .
                0x0800291c                . = ALIGN (0x4)
                0x0800291c                link_const_variable_data_location = .
 *(.rodata .rodata.* .gnu.linkonce.r.*)
 .rodata.wiced_spi_flash
                0x0800291c       0x10 build/waf.bootloader-NoOS-LSRSTERLING_00950/libraries/Platform_LSRSTERLING_00950.a(platform.o)
                0x0800291c                wiced_spi_flash
 .rodata.platform_gpio_pins
                0x0800292c      0x140 build/waf.bootloader-NoOS-LSRSTERLING_00950/libraries/Platform_LSRSTERLING_00950.a(platform.o)
                0x0800292c                platform_gpio_pins
 .rodata.platform_spi_peripherals
                0x08002a6c       0x98 build/waf.bootloader-NoOS-LSRSTERLING_00950/libraries/Platform_LSRSTERLING_00950.a(platform.o)
                0x08002a6c                platform_spi_peripherals
 .rodata.DCT_section_offsets
                0x08002b04       0x34 build/waf.bootloader-NoOS-LSRSTERLING_00950/libraries/STM32F4xx.a(wiced_dct_internal_common.o)
 .rodata.gpio_peripheral_clocks
                0x08002b38       0x20 build/waf.bootloader-NoOS-LSRSTERLING_00950/libraries/STM32F4xx_Peripheral_Drivers.a(platform_gpio.o)
 .rodata.crc32_table
                0x08002b58      0x400 build/waf.bootloader-NoOS-LSRSTERLING_00950/libraries/Lib_crc.a(crc.o)
 .rodata.spi_peripheral_clock_functions
                0x08002f58       0x14 build/waf.bootloader-NoOS-LSRSTERLING_00950/libraries/STM32F4xx_Peripheral_Drivers.a(platform_spi.o)
 .rodata.spi_peripheral_clocks
                0x08002f6c       0x14 build/waf.bootloader-NoOS-LSRSTERLING_00950/libraries/STM32F4xx_Peripheral_Drivers.a(platform_spi.o)
 .rodata.spi_baudrate_prescalers
                0x08002f80       0x20 build/waf.bootloader-NoOS-LSRSTERLING_00950/libraries/STM32F4xx_Peripheral_Drivers.a(platform_spi.o)
                0x08002fa0                link_const_variable_data_end = .
                0x08002fa0                . = ALIGN (0x4)
                0x08002fa0                link_constructors_location = .
 *(.preinit_array)
 *(.init_array)
 *crtbegin.o(.ctors)
 *(EXCLUDE_FILE(*crtend.o) .ctors)
 *(SORT(.ctors.*))
 *crtend.o(.ctors)
                0x08002fa0                link_constructors_end = .
                0x08002fa0                . = ALIGN (0x4)
                0x08002fa0                link_destructors_location = .
 *crtbegin.o(.dtors)
 *(EXCLUDE_FILE(*crtend.o) .dtors)
 *(SORT(.dtors.*))
 *crtend.o(.dtors)
                0x08002fa0                link_destructors_end = .
                0x08002fa0                . = ALIGN (0x10)

.iplt           0x08002fa0        0x0
 .iplt          0x00000000        0x0 build/waf.bootloader-NoOS-LSRSTERLING_00950/Modules/./WICED/platform/MCU/STM32F4xx/../../ARM_CM4/crt0_GCC.o

.rel.dyn        0x08002fa0        0x0
 .rel.iplt      0x00000000        0x0 build/waf.bootloader-NoOS-LSRSTERLING_00950/Modules/./WICED/platform/MCU/STM32F4xx/../../ARM_CM4/crt0_GCC.o

.ARM.exidx      0x08002fa0        0x0
                0x08002fa0                __exidx_start = ALIGN (0x4)
 *(.ARM.exidx* .gnu.linkonce.armexidx.*)
                0x08002fa0                __exidx_end = .

.ARM.extab      0x08002fa0        0x0
                0x08002fa0                __extab_start = ALIGN (0x4)
 *(.ARM.extab*)
                0x08002fa0                __extab_end = .

.fast           0x2001bc00        0x0 load address 0x08002fa0
                0x08002fa0                link_run_from_ram_code_flash_location = LOADADDR (.fast)
                0x2001bc00                link_run_from_ram_code_ram_location = .
 *(.fast .fast.* .text.fastcode)
                0x2001bc00                link_run_from_ram_code_ram_end = .

.data           0x2001bc00       0x14 load address 0x08002fa0
                0x08002fa0                link_global_data_initial_values = LOADADDR (.data)
                0x2001bc00                link_global_data_start = .
 *(.data*)
 .data.wiced_bt_uart_driver
                0x2001bc00        0x4 build/waf.bootloader-NoOS-LSRSTERLING_00950/libraries/Platform_LSRSTERLING_00950.a(platform.o)
                0x2001bc00                wiced_bt_uart_driver
 .data.APBAHBPrescTable
                0x2001bc04       0x10 build/waf.bootloader-NoOS-LSRSTERLING_00950/libraries/STM32F4xx_Peripheral_Libraries.a(stm32f4xx_rcc.o)
                0x2001bc14                link_global_data_end = .
                0x2001bc14                . = ALIGN (., 0x4)

.igot.plt       0x2001bc14        0x0 load address 0x08002fb4
 .igot.plt      0x00000000        0x0 build/waf.bootloader-NoOS-LSRSTERLING_00950/Modules/./WICED/platform/MCU/STM32F4xx/../../ARM_CM4/crt0_GCC.o

.startup_globals
                0x2001bc14        0x4
                0x2001bc14                startup_globals_location = ALIGN (., 0x4)
 *(.bss.noos_total_time)
 .bss.noos_total_time
                0x2001bc14        0x4 build/waf.bootloader-NoOS-LSRSTERLING_00950/libraries/WWD_NoOS_Interface.a(noos.o)
                0x2001bc14                noos_total_time
                0x2001bc18                startup_globals_end = .

.bss            0x2001bc18      0x184
                0x2001bc18                . = ALIGN (0x4)
                0x2001bc18                link_bss_location = .
 *(.bss*)
 .bss.platform_uart_drivers
                0x2001bc18       0x30 build/waf.bootloader-NoOS-LSRSTERLING_00950/libraries/Platform_LSRSTERLING_00950.a(platform.o)
                0x2001bc18                platform_uart_drivers
 .bss.internal_bt_uart_driver
                0x2001bc48       0x18 build/waf.bootloader-NoOS-LSRSTERLING_00950/libraries/Platform_LSRSTERLING_00950.a(platform.o)
 .bss.gpio_irq_data
                0x2001bc60       0xc0 build/waf.bootloader-NoOS-LSRSTERLING_00950/libraries/STM32F4xx_Peripheral_Drivers.a(platform_gpio.o)
 .bss.dummy     0x2001bd20        0x4 build/waf.bootloader-NoOS-LSRSTERLING_00950/libraries/STM32F4xx_Peripheral_Drivers.a(platform_spi.o)
                0x2001bd20                dummy
 .bss.spi_current_config
                0x2001bd24       0x78 build/waf.bootloader-NoOS-LSRSTERLING_00950/libraries/STM32F4xx_Peripheral_Drivers.a(platform_spi.o)
 *(COMMON)
                0x2001bd9c                link_bss_end = ALIGN (0x4)

.stack          0x2001bd9c     0x1f40
                0x2001bd9c                link_stack_location = ALIGN (., 0x4)
 *(.stack)
                0x2001dcdc                . = ALIGN (MAX ((link_stack_location + __STACKSIZE__), .), 0x4)
 *fill*         0x2001bd9c     0x1f40 
                0x2001dcdc                link_stack_end = .

/DISCARD/
 *(.ARM.attributes*)
 *(.comment)
 *(.init)
 *(.preinit)
 *(.fini)
 *(.fini_array)
 *(.ARM.exidx*)
 *(.gnu.linkonce.armexidx.*)
 *(.eh_frame_hdr)
 *(.eh_frame)
 *(.gnu.linkonce.armextab.*)
 *(.v4_bx)
 *(.vfp11_veneer)
 *(.gcc_except_table)
 *(.eh_frame_hdr)
 *(.eh_frame)
 *(.glue*)
                0x2001dcdc                PROVIDE (_heap, link_stack_end)
                0x2001fff8                PROVIDE (_eheap, ALIGN (((ORIGIN (SRAM) + 0x20000) - 0x8), 0x8))
                0x08004000                PROVIDE (dct1_start_addr_loc, ORIGIN (DCT1_FLASH))
                0x00004000                PROVIDE (dct1_size_loc, 0x4000)
                0x08008000                PROVIDE (dct2_start_addr_loc, ORIGIN (DCT2_FLASH))
                0x00004000                PROVIDE (dct2_size_loc, 0x4000)
                0x0800c000                PROVIDE (app_code_start_addr_loc, ORIGIN (APP_CODE))
                0x20000000                PROVIDE (sram_start_addr_loc, ORIGIN (SRAM))
                0x00020000                PROVIDE (sram_size_loc, 0x20000)
                0x2001dcdc                PROVIDE (__RAM_segment_used_end__, link_stack_end)
                0x2001dcdc                PROVIDE (__tx_free_memory_start, link_stack_end)
                0x08000000                PROVIDE (__tx_vectors, link_interrupt_vectors_location)
                0x08000200                PROVIDE (shared_api_addr_loc, ORIGIN (SHARED_API))
START GROUP
LOAD build/waf.bootloader-NoOS-LSRSTERLING_00950/Modules/./WICED/platform/MCU/STM32F4xx/../../ARM_CM4/crt0_GCC.o
LOAD build/waf.bootloader-NoOS-LSRSTERLING_00950/Modules/./WICED/platform/MCU/STM32F4xx/../../ARM_CM4/hardfault_handler.o
LOAD build/waf.bootloader-NoOS-LSRSTERLING_00950/Modules/./WICED/platform/MCU/STM32F4xx/platform_vector_table.o
LOAD build/waf.bootloader-NoOS-LSRSTERLING_00950/Modules/WICED/platform/GCC/mem_newlib.o
LOAD build/waf.bootloader-NoOS-LSRSTERLING_00950/Modules/WICED/platform/GCC/time_newlib.o
LOAD build/waf.bootloader-NoOS-LSRSTERLING_00950/Modules/WICED/platform/GCC/stdio_newlib.o
LOAD build/waf.bootloader-NoOS-LSRSTERLING_00950/libraries/App_WICED_Bootloader_LSRSTERLING_00950.a
LOAD build/waf.bootloader-NoOS-LSRSTERLING_00950/libraries/Platform_LSRSTERLING_00950.a
LOAD build/waf.bootloader-NoOS-LSRSTERLING_00950/libraries/WICED.a
LOAD build/waf.bootloader-NoOS-LSRSTERLING_00950/libraries/Lib_Wiced_RO_FS.a
LOAD build/waf.bootloader-NoOS-LSRSTERLING_00950/libraries/Lib_crc.a
LOAD build/waf.bootloader-NoOS-LSRSTERLING_00950/libraries/WWD_NoOS_Interface.a
LOAD build/waf.bootloader-NoOS-LSRSTERLING_00950/libraries/Lib_SPI_Flash_Library_LSRSTERLING_00950.a
LOAD build/waf.bootloader-NoOS-LSRSTERLING_00950/libraries/Lib_GPIO_button.a
LOAD build/waf.bootloader-NoOS-LSRSTERLING_00950/libraries/STM32F4xx.a
LOAD build/waf.bootloader-NoOS-LSRSTERLING_00950/libraries/common_GCC.a
LOAD build/waf.bootloader-NoOS-LSRSTERLING_00950/libraries/STM32F4xx_Peripheral_Drivers.a
LOAD build/waf.bootloader-NoOS-LSRSTERLING_00950/libraries/Lib_Ring_Buffer.a
LOAD build/waf.bootloader-NoOS-LSRSTERLING_00950/libraries/STM32F4xx_Peripheral_Libraries.a
END GROUP
                0x00001f40                __STACKSIZE__ = 0x1f40
LOAD c:/users/tp/documents/multiradio/firmware/43xxx_wi-fi/tools/arm_gnu/bin/win32/../../lib/thumb/v7em\libstdc++.a
LOAD c:/users/tp/documents/multiradio/firmware/43xxx_wi-fi/tools/arm_gnu/bin/win32/../../lib/thumb/v7em\libm.a
START GROUP
LOAD c:/users/tp/documents/multiradio/firmware/43xxx_wi-fi/tools/arm_gnu/bin/win32/../../lib/thumb/v7em\libgcc.a
LOAD c:/users/tp/documents/multiradio/firmware/43xxx_wi-fi/tools/arm_gnu/bin/win32/../../lib/thumb/v7em\libc.a
END GROUP
OUTPUT(build/waf.bootloader-NoOS-LSRSTERLING_00950/binary/waf.bootloader-NoOS-LSRSTERLING_00950.elf elf32-littlearm)

.debug_info     0x00000000    0x219bc
 .debug_info    0x00000000      0x5a4 build/waf.bootloader-NoOS-LSRSTERLING_00950/Modules/./WICED/platform/MCU/STM32F4xx/../../ARM_CM4/crt0_GCC.o
 .debug_info    0x000005a4       0xcc build/waf.bootloader-NoOS-LSRSTERLING_00950/Modules/./WICED/platform/MCU/STM32F4xx/platform_vector_table.o
 .debug_info    0x00000670     0x1083 build/waf.bootloader-NoOS-LSRSTERLING_00950/libraries/App_WICED_Bootloader_LSRSTERLING_00950.a(bootloader.o)
 .debug_info    0x000016f3     0x21ea build/waf.bootloader-NoOS-LSRSTERLING_00950/libraries/Platform_LSRSTERLING_00950.a(platform.o)
 .debug_info    0x000038dd      0x791 build/waf.bootloader-NoOS-LSRSTERLING_00950/libraries/WWD_NoOS_Interface.a(wwd_rtos.o)
 .debug_info    0x0000406e      0x6ff build/waf.bootloader-NoOS-LSRSTERLING_00950/libraries/WWD_NoOS_Interface.a(noos.o)
 .debug_info    0x0000476d     0x1786 build/waf.bootloader-NoOS-LSRSTERLING_00950/libraries/STM32F4xx.a(wiced_waf_common.o)
 .debug_info    0x00005ef3     0x12c7 build/waf.bootloader-NoOS-LSRSTERLING_00950/libraries/STM32F4xx.a(platform_init.o)
 .debug_info    0x000071ba      0x279 build/waf.bootloader-NoOS-LSRSTERLING_00950/libraries/STM32F4xx.a(platform_unhandled_isr.o)
 .debug_info    0x00007433     0x1308 build/waf.bootloader-NoOS-LSRSTERLING_00950/libraries/STM32F4xx.a(waf_platform.o)
 .debug_info    0x0000873b     0x34ac build/waf.bootloader-NoOS-LSRSTERLING_00950/libraries/STM32F4xx.a(wiced_dct_internal_common.o)
 .debug_info    0x0000bbe7      0xf3b build/waf.bootloader-NoOS-LSRSTERLING_00950/libraries/STM32F4xx.a(wiced_dct_update.o)
 .debug_info    0x0000cb22     0x1d71 build/waf.bootloader-NoOS-LSRSTERLING_00950/libraries/STM32F4xx.a(wiced_apps_common.o)
 .debug_info    0x0000e893     0x123c build/waf.bootloader-NoOS-LSRSTERLING_00950/libraries/STM32F4xx_Peripheral_Drivers.a(platform_gpio.o)
 .debug_info    0x0000facf      0x1fe build/waf.bootloader-NoOS-LSRSTERLING_00950/libraries/STM32F4xx_Peripheral_Drivers.a(platform_mcu_powersave.o)
 .debug_info    0x0000fccd     0x28a9 build/waf.bootloader-NoOS-LSRSTERLING_00950/libraries/STM32F4xx_Peripheral_Drivers.a(platform_uart.o)
 .debug_info    0x00012576      0xc45 build/waf.bootloader-NoOS-LSRSTERLING_00950/libraries/STM32F4xx_Peripheral_Drivers.a(platform_watchdog.o)
 .debug_info    0x000131bb     0x1017 build/waf.bootloader-NoOS-LSRSTERLING_00950/libraries/Lib_Ring_Buffer.a(ring_buffer.o)
 .debug_info    0x000141d2      0x524 build/waf.bootloader-NoOS-LSRSTERLING_00950/libraries/STM32F4xx_Peripheral_Libraries.a(misc.o)
 .debug_info    0x000146f6      0x71c build/waf.bootloader-NoOS-LSRSTERLING_00950/libraries/STM32F4xx_Peripheral_Libraries.a(stm32f4xx_dma.o)
 .debug_info    0x00014e12      0xa23 build/waf.bootloader-NoOS-LSRSTERLING_00950/libraries/STM32F4xx_Peripheral_Libraries.a(stm32f4xx_flash.o)
 .debug_info    0x00015835      0x71b build/waf.bootloader-NoOS-LSRSTERLING_00950/libraries/STM32F4xx_Peripheral_Libraries.a(stm32f4xx_gpio.o)
 .debug_info    0x00015f50      0x1e1 build/waf.bootloader-NoOS-LSRSTERLING_00950/libraries/STM32F4xx_Peripheral_Libraries.a(stm32f4xx_iwdg.o)
 .debug_info    0x00016131      0xd64 build/waf.bootloader-NoOS-LSRSTERLING_00950/libraries/STM32F4xx_Peripheral_Libraries.a(stm32f4xx_rcc.o)
 .debug_info    0x00016e95     0x204f build/waf.bootloader-NoOS-LSRSTERLING_00950/libraries/STM32F4xx_Peripheral_Libraries.a(stm32f4xx_tim.o)
 .debug_info    0x00018ee4      0x1fa build/waf.bootloader-NoOS-LSRSTERLING_00950/libraries/Lib_crc.a(crc.o)
 .debug_info    0x000190de      0xea5 build/waf.bootloader-NoOS-LSRSTERLING_00950/libraries/Lib_SPI_Flash_Library_LSRSTERLING_00950.a(spi_flash.o)
 .debug_info    0x00019f83      0xf8f build/waf.bootloader-NoOS-LSRSTERLING_00950/libraries/Lib_SPI_Flash_Library_LSRSTERLING_00950.a(spi_flash_wiced.o)
 .debug_info    0x0001af12     0x3f17 build/waf.bootloader-NoOS-LSRSTERLING_00950/libraries/STM32F4xx.a(wiced_platform_common.o)
 .debug_info    0x0001ee29     0x1c44 build/waf.bootloader-NoOS-LSRSTERLING_00950/libraries/STM32F4xx_Peripheral_Drivers.a(platform_spi.o)
 .debug_info    0x00020a6d      0xbf4 build/waf.bootloader-NoOS-LSRSTERLING_00950/libraries/STM32F4xx_Peripheral_Libraries.a(stm32f4xx_spi.o)
 .debug_info    0x00021661      0x113 c:/users/tp/documents/multiradio/firmware/43xxx_wi-fi/tools/arm_gnu/bin/win32/../../lib/thumb/v7em\libc.a(lib_a-memcmp.o)
 .debug_info    0x00021774      0x131 c:/users/tp/documents/multiradio/firmware/43xxx_wi-fi/tools/arm_gnu/bin/win32/../../lib/thumb/v7em\libc.a(lib_a-memcpy-stub.o)
 .debug_info    0x000218a5      0x117 c:/users/tp/documents/multiradio/firmware/43xxx_wi-fi/tools/arm_gnu/bin/win32/../../lib/thumb/v7em\libc.a(lib_a-memset.o)

.debug_abbrev   0x00000000     0x430a
 .debug_abbrev  0x00000000      0x195 build/waf.bootloader-NoOS-LSRSTERLING_00950/Modules/./WICED/platform/MCU/STM32F4xx/../../ARM_CM4/crt0_GCC.o
 .debug_abbrev  0x00000195       0x8d build/waf.bootloader-NoOS-LSRSTERLING_00950/Modules/./WICED/platform/MCU/STM32F4xx/platform_vector_table.o
 .debug_abbrev  0x00000222      0x225 build/waf.bootloader-NoOS-LSRSTERLING_00950/libraries/App_WICED_Bootloader_LSRSTERLING_00950.a(bootloader.o)
 .debug_abbrev  0x00000447      0x29b build/waf.bootloader-NoOS-LSRSTERLING_00950/libraries/Platform_LSRSTERLING_00950.a(platform.o)
 .debug_abbrev  0x000006e2      0x18f build/waf.bootloader-NoOS-LSRSTERLING_00950/libraries/WWD_NoOS_Interface.a(wwd_rtos.o)
 .debug_abbrev  0x00000871      0x18c build/waf.bootloader-NoOS-LSRSTERLING_00950/libraries/WWD_NoOS_Interface.a(noos.o)
 .debug_abbrev  0x000009fd      0x32d build/waf.bootloader-NoOS-LSRSTERLING_00950/libraries/STM32F4xx.a(wiced_waf_common.o)
 .debug_abbrev  0x00000d2a      0x2f6 build/waf.bootloader-NoOS-LSRSTERLING_00950/libraries/STM32F4xx.a(platform_init.o)
 .debug_abbrev  0x00001020       0xe3 build/waf.bootloader-NoOS-LSRSTERLING_00950/libraries/STM32F4xx.a(platform_unhandled_isr.o)
 .debug_abbrev  0x00001103      0x309 build/waf.bootloader-NoOS-LSRSTERLING_00950/libraries/STM32F4xx.a(waf_platform.o)
 .debug_abbrev  0x0000140c      0x36f build/waf.bootloader-NoOS-LSRSTERLING_00950/libraries/STM32F4xx.a(wiced_dct_internal_common.o)
 .debug_abbrev  0x0000177b      0x12d build/waf.bootloader-NoOS-LSRSTERLING_00950/libraries/STM32F4xx.a(wiced_dct_update.o)
 .debug_abbrev  0x000018a8      0x364 build/waf.bootloader-NoOS-LSRSTERLING_00950/libraries/STM32F4xx.a(wiced_apps_common.o)
 .debug_abbrev  0x00001c0c      0x313 build/waf.bootloader-NoOS-LSRSTERLING_00950/libraries/STM32F4xx_Peripheral_Drivers.a(platform_gpio.o)
 .debug_abbrev  0x00001f1f      0x112 build/waf.bootloader-NoOS-LSRSTERLING_00950/libraries/STM32F4xx_Peripheral_Drivers.a(platform_mcu_powersave.o)
 .debug_abbrev  0x00002031      0x34f build/waf.bootloader-NoOS-LSRSTERLING_00950/libraries/STM32F4xx_Peripheral_Drivers.a(platform_uart.o)
 .debug_abbrev  0x00002380      0x258 build/waf.bootloader-NoOS-LSRSTERLING_00950/libraries/STM32F4xx_Peripheral_Drivers.a(platform_watchdog.o)
 .debug_abbrev  0x000025d8      0x12f build/waf.bootloader-NoOS-LSRSTERLING_00950/libraries/Lib_Ring_Buffer.a(ring_buffer.o)
 .debug_abbrev  0x00002707      0x156 build/waf.bootloader-NoOS-LSRSTERLING_00950/libraries/STM32F4xx_Peripheral_Libraries.a(misc.o)
 .debug_abbrev  0x0000285d      0x175 build/waf.bootloader-NoOS-LSRSTERLING_00950/libraries/STM32F4xx_Peripheral_Libraries.a(stm32f4xx_dma.o)
 .debug_abbrev  0x000029d2      0x1cc build/waf.bootloader-NoOS-LSRSTERLING_00950/libraries/STM32F4xx_Peripheral_Libraries.a(stm32f4xx_flash.o)
 .debug_abbrev  0x00002b9e      0x1e8 build/waf.bootloader-NoOS-LSRSTERLING_00950/libraries/STM32F4xx_Peripheral_Libraries.a(stm32f4xx_gpio.o)
 .debug_abbrev  0x00002d86      0x112 build/waf.bootloader-NoOS-LSRSTERLING_00950/libraries/STM32F4xx_Peripheral_Libraries.a(stm32f4xx_iwdg.o)
 .debug_abbrev  0x00002e98      0x1e2 build/waf.bootloader-NoOS-LSRSTERLING_00950/libraries/STM32F4xx_Peripheral_Libraries.a(stm32f4xx_rcc.o)
 .debug_abbrev  0x0000307a      0x2af build/waf.bootloader-NoOS-LSRSTERLING_00950/libraries/STM32F4xx_Peripheral_Libraries.a(stm32f4xx_tim.o)
 .debug_abbrev  0x00003329       0xeb build/waf.bootloader-NoOS-LSRSTERLING_00950/libraries/Lib_crc.a(crc.o)
 .debug_abbrev  0x00003414      0x2e3 build/waf.bootloader-NoOS-LSRSTERLING_00950/libraries/Lib_SPI_Flash_Library_LSRSTERLING_00950.a(spi_flash.o)
 .debug_abbrev  0x000036f7      0x160 build/waf.bootloader-NoOS-LSRSTERLING_00950/libraries/Lib_SPI_Flash_Library_LSRSTERLING_00950.a(spi_flash_wiced.o)
 .debug_abbrev  0x00003857      0x312 build/waf.bootloader-NoOS-LSRSTERLING_00950/libraries/STM32F4xx.a(wiced_platform_common.o)
 .debug_abbrev  0x00003b69      0x3f1 build/waf.bootloader-NoOS-LSRSTERLING_00950/libraries/STM32F4xx_Peripheral_Drivers.a(platform_spi.o)
 .debug_abbrev  0x00003f5a      0x1e7 build/waf.bootloader-NoOS-LSRSTERLING_00950/libraries/STM32F4xx_Peripheral_Libraries.a(stm32f4xx_spi.o)
 .debug_abbrev  0x00004141       0x7f c:/users/tp/documents/multiradio/firmware/43xxx_wi-fi/tools/arm_gnu/bin/win32/../../lib/thumb/v7em\libc.a(lib_a-memcmp.o)
 .debug_abbrev  0x000041c0       0xab c:/users/tp/documents/multiradio/firmware/43xxx_wi-fi/tools/arm_gnu/bin/win32/../../lib/thumb/v7em\libc.a(lib_a-memcpy-stub.o)
 .debug_abbrev  0x0000426b       0x9f c:/users/tp/documents/multiradio/firmware/43xxx_wi-fi/tools/arm_gnu/bin/win32/../../lib/thumb/v7em\libc.a(lib_a-memset.o)

.debug_loc      0x00000000     0xa245
 .debug_loc     0x00000000       0x1f build/waf.bootloader-NoOS-LSRSTERLING_00950/Modules/./WICED/platform/MCU/STM32F4xx/../../ARM_CM4/crt0_GCC.o
 .debug_loc     0x0000001f       0x8d build/waf.bootloader-NoOS-LSRSTERLING_00950/libraries/App_WICED_Bootloader_LSRSTERLING_00950.a(bootloader.o)
 .debug_loc     0x000000ac       0x35 build/waf.bootloader-NoOS-LSRSTERLING_00950/libraries/Platform_LSRSTERLING_00950.a(platform.o)
 .debug_loc     0x000000e1      0x1ef build/waf.bootloader-NoOS-LSRSTERLING_00950/libraries/WWD_NoOS_Interface.a(wwd_rtos.o)
 .debug_loc     0x000002d0      0x58b build/waf.bootloader-NoOS-LSRSTERLING_00950/libraries/STM32F4xx.a(wiced_waf_common.o)
 .debug_loc     0x0000085b      0x19d build/waf.bootloader-NoOS-LSRSTERLING_00950/libraries/STM32F4xx.a(platform_init.o)
 .debug_loc     0x000009f8      0x36c build/waf.bootloader-NoOS-LSRSTERLING_00950/libraries/STM32F4xx.a(waf_platform.o)
 .debug_loc     0x00000d64     0x1008 build/waf.bootloader-NoOS-LSRSTERLING_00950/libraries/STM32F4xx.a(wiced_dct_internal_common.o)
 .debug_loc     0x00001d6c       0x74 build/waf.bootloader-NoOS-LSRSTERLING_00950/libraries/STM32F4xx.a(wiced_dct_update.o)
 .debug_loc     0x00001de0      0x976 build/waf.bootloader-NoOS-LSRSTERLING_00950/libraries/STM32F4xx.a(wiced_apps_common.o)
 .debug_loc     0x00002756      0x693 build/waf.bootloader-NoOS-LSRSTERLING_00950/libraries/STM32F4xx_Peripheral_Drivers.a(platform_gpio.o)
 .debug_loc     0x00002de9       0x21 build/waf.bootloader-NoOS-LSRSTERLING_00950/libraries/STM32F4xx_Peripheral_Drivers.a(platform_mcu_powersave.o)
 .debug_loc     0x00002e0a      0x7bb build/waf.bootloader-NoOS-LSRSTERLING_00950/libraries/STM32F4xx_Peripheral_Drivers.a(platform_uart.o)
 .debug_loc     0x000035c5       0x14 build/waf.bootloader-NoOS-LSRSTERLING_00950/libraries/STM32F4xx_Peripheral_Drivers.a(platform_watchdog.o)
 .debug_loc     0x000035d9      0x33d build/waf.bootloader-NoOS-LSRSTERLING_00950/libraries/Lib_Ring_Buffer.a(ring_buffer.o)
 .debug_loc     0x00003916      0x154 build/waf.bootloader-NoOS-LSRSTERLING_00950/libraries/STM32F4xx_Peripheral_Libraries.a(misc.o)
 .debug_loc     0x00003a6a      0x481 build/waf.bootloader-NoOS-LSRSTERLING_00950/libraries/STM32F4xx_Peripheral_Libraries.a(stm32f4xx_dma.o)
 .debug_loc     0x00003eeb      0x807 build/waf.bootloader-NoOS-LSRSTERLING_00950/libraries/STM32F4xx_Peripheral_Libraries.a(stm32f4xx_flash.o)
 .debug_loc     0x000046f2      0x37f build/waf.bootloader-NoOS-LSRSTERLING_00950/libraries/STM32F4xx_Peripheral_Libraries.a(stm32f4xx_gpio.o)
 .debug_loc     0x00004a71       0x62 build/waf.bootloader-NoOS-LSRSTERLING_00950/libraries/STM32F4xx_Peripheral_Libraries.a(stm32f4xx_iwdg.o)
 .debug_loc     0x00004ad3      0xa6d build/waf.bootloader-NoOS-LSRSTERLING_00950/libraries/STM32F4xx_Peripheral_Libraries.a(stm32f4xx_rcc.o)
 .debug_loc     0x00005540     0x1bea build/waf.bootloader-NoOS-LSRSTERLING_00950/libraries/STM32F4xx_Peripheral_Libraries.a(stm32f4xx_tim.o)
 .debug_loc     0x0000712a      0x178 build/waf.bootloader-NoOS-LSRSTERLING_00950/libraries/Lib_crc.a(crc.o)
 .debug_loc     0x000072a2      0x780 build/waf.bootloader-NoOS-LSRSTERLING_00950/libraries/Lib_SPI_Flash_Library_LSRSTERLING_00950.a(spi_flash.o)
 .debug_loc     0x00007a22       0xb0 build/waf.bootloader-NoOS-LSRSTERLING_00950/libraries/Lib_SPI_Flash_Library_LSRSTERLING_00950.a(spi_flash_wiced.o)
 .debug_loc     0x00007ad2      0xffd build/waf.bootloader-NoOS-LSRSTERLING_00950/libraries/STM32F4xx.a(wiced_platform_common.o)
 .debug_loc     0x00008acf      0xa90 build/waf.bootloader-NoOS-LSRSTERLING_00950/libraries/STM32F4xx_Peripheral_Drivers.a(platform_spi.o)
 .debug_loc     0x0000955f      0x691 build/waf.bootloader-NoOS-LSRSTERLING_00950/libraries/STM32F4xx_Peripheral_Libraries.a(stm32f4xx_spi.o)
 .debug_loc     0x00009bf0      0x14e c:/users/tp/documents/multiradio/firmware/43xxx_wi-fi/tools/arm_gnu/bin/win32/../../lib/thumb/v7em\libc.a(lib_a-memcmp.o)
 .debug_loc     0x00009d3e      0x300 c:/users/tp/documents/multiradio/firmware/43xxx_wi-fi/tools/arm_gnu/bin/win32/../../lib/thumb/v7em\libc.a(lib_a-memcpy-stub.o)
 .debug_loc     0x0000a03e      0x207 c:/users/tp/documents/multiradio/firmware/43xxx_wi-fi/tools/arm_gnu/bin/win32/../../lib/thumb/v7em\libc.a(lib_a-memset.o)

.debug_aranges  0x00000000     0x11f8
 .debug_aranges
                0x00000000       0x28 build/waf.bootloader-NoOS-LSRSTERLING_00950/Modules/./WICED/platform/MCU/STM32F4xx/../../ARM_CM4/crt0_GCC.o
 .debug_aranges
                0x00000028       0x18 build/waf.bootloader-NoOS-LSRSTERLING_00950/Modules/./WICED/platform/MCU/STM32F4xx/platform_vector_table.o
 .debug_aranges
                0x00000040       0x20 build/waf.bootloader-NoOS-LSRSTERLING_00950/libraries/App_WICED_Bootloader_LSRSTERLING_00950.a(bootloader.o)
 .debug_aranges
                0x00000060       0x68 build/waf.bootloader-NoOS-LSRSTERLING_00950/libraries/Platform_LSRSTERLING_00950.a(platform.o)
 .debug_aranges
                0x000000c8       0x70 build/waf.bootloader-NoOS-LSRSTERLING_00950/libraries/WWD_NoOS_Interface.a(wwd_rtos.o)
 .debug_aranges
                0x00000138       0x38 build/waf.bootloader-NoOS-LSRSTERLING_00950/libraries/WWD_NoOS_Interface.a(noos.o)
 .debug_aranges
                0x00000170       0x88 build/waf.bootloader-NoOS-LSRSTERLING_00950/libraries/STM32F4xx.a(wiced_waf_common.o)
 .debug_aranges
                0x000001f8       0x60 build/waf.bootloader-NoOS-LSRSTERLING_00950/libraries/STM32F4xx.a(platform_init.o)
 .debug_aranges
                0x00000258       0x20 build/waf.bootloader-NoOS-LSRSTERLING_00950/libraries/STM32F4xx.a(platform_unhandled_isr.o)
 .debug_aranges
                0x00000278       0x40 build/waf.bootloader-NoOS-LSRSTERLING_00950/libraries/STM32F4xx.a(waf_platform.o)
 .debug_aranges
                0x000002b8       0x98 build/waf.bootloader-NoOS-LSRSTERLING_00950/libraries/STM32F4xx.a(wiced_dct_internal_common.o)
 .debug_aranges
                0x00000350       0x28 build/waf.bootloader-NoOS-LSRSTERLING_00950/libraries/STM32F4xx.a(wiced_dct_update.o)
 .debug_aranges
                0x00000378       0x50 build/waf.bootloader-NoOS-LSRSTERLING_00950/libraries/STM32F4xx.a(wiced_apps_common.o)
 .debug_aranges
                0x000003c8       0x78 build/waf.bootloader-NoOS-LSRSTERLING_00950/libraries/STM32F4xx_Peripheral_Drivers.a(platform_gpio.o)
 .debug_aranges
                0x00000440       0x48 build/waf.bootloader-NoOS-LSRSTERLING_00950/libraries/STM32F4xx_Peripheral_Drivers.a(platform_mcu_powersave.o)
 .debug_aranges
                0x00000488       0x88 build/waf.bootloader-NoOS-LSRSTERLING_00950/libraries/STM32F4xx_Peripheral_Drivers.a(platform_uart.o)
 .debug_aranges
                0x00000510       0x38 build/waf.bootloader-NoOS-LSRSTERLING_00950/libraries/STM32F4xx_Peripheral_Drivers.a(platform_watchdog.o)
 .debug_aranges
                0x00000548       0x60 build/waf.bootloader-NoOS-LSRSTERLING_00950/libraries/Lib_Ring_Buffer.a(ring_buffer.o)
 .debug_aranges
                0x000005a8       0x40 build/waf.bootloader-NoOS-LSRSTERLING_00950/libraries/STM32F4xx_Peripheral_Libraries.a(misc.o)
 .debug_aranges
                0x000005e8       0xb0 build/waf.bootloader-NoOS-LSRSTERLING_00950/libraries/STM32F4xx_Peripheral_Libraries.a(stm32f4xx_dma.o)
 .debug_aranges
                0x00000698      0x158 build/waf.bootloader-NoOS-LSRSTERLING_00950/libraries/STM32F4xx_Peripheral_Libraries.a(stm32f4xx_flash.o)
 .debug_aranges
                0x000007f0       0x88 build/waf.bootloader-NoOS-LSRSTERLING_00950/libraries/STM32F4xx_Peripheral_Libraries.a(stm32f4xx_gpio.o)
 .debug_aranges
                0x00000878       0x48 build/waf.bootloader-NoOS-LSRSTERLING_00950/libraries/STM32F4xx_Peripheral_Libraries.a(stm32f4xx_iwdg.o)
 .debug_aranges
                0x000008c0      0x198 build/waf.bootloader-NoOS-LSRSTERLING_00950/libraries/STM32F4xx_Peripheral_Libraries.a(stm32f4xx_rcc.o)
 .debug_aranges
                0x00000a58      0x2e8 build/waf.bootloader-NoOS-LSRSTERLING_00950/libraries/STM32F4xx_Peripheral_Libraries.a(stm32f4xx_tim.o)
 .debug_aranges
                0x00000d40       0x30 build/waf.bootloader-NoOS-LSRSTERLING_00950/libraries/Lib_crc.a(crc.o)
 .debug_aranges
                0x00000d70       0xa0 build/waf.bootloader-NoOS-LSRSTERLING_00950/libraries/Lib_SPI_Flash_Library_LSRSTERLING_00950.a(spi_flash.o)
 .debug_aranges
                0x00000e10       0x30 build/waf.bootloader-NoOS-LSRSTERLING_00950/libraries/Lib_SPI_Flash_Library_LSRSTERLING_00950.a(spi_flash_wiced.o)
 .debug_aranges
                0x00000e40      0x200 build/waf.bootloader-NoOS-LSRSTERLING_00950/libraries/STM32F4xx.a(wiced_platform_common.o)
 .debug_aranges
                0x00001040       0x78 build/waf.bootloader-NoOS-LSRSTERLING_00950/libraries/STM32F4xx_Peripheral_Drivers.a(platform_spi.o)
 .debug_aranges
                0x000010b8       0xe0 build/waf.bootloader-NoOS-LSRSTERLING_00950/libraries/STM32F4xx_Peripheral_Libraries.a(stm32f4xx_spi.o)
 .debug_aranges
                0x00001198       0x20 c:/users/tp/documents/multiradio/firmware/43xxx_wi-fi/tools/arm_gnu/bin/win32/../../lib/thumb/v7em\libc.a(lib_a-memcmp.o)
 .debug_aranges
                0x000011b8       0x20 c:/users/tp/documents/multiradio/firmware/43xxx_wi-fi/tools/arm_gnu/bin/win32/../../lib/thumb/v7em\libc.a(lib_a-memcpy-stub.o)
 .debug_aranges
                0x000011d8       0x20 c:/users/tp/documents/multiradio/firmware/43xxx_wi-fi/tools/arm_gnu/bin/win32/../../lib/thumb/v7em\libc.a(lib_a-memset.o)

.debug_ranges   0x00000000     0x1268
 .debug_ranges  0x00000000       0x18 build/waf.bootloader-NoOS-LSRSTERLING_00950/Modules/./WICED/platform/MCU/STM32F4xx/../../ARM_CM4/crt0_GCC.o
 .debug_ranges  0x00000018       0x10 build/waf.bootloader-NoOS-LSRSTERLING_00950/libraries/App_WICED_Bootloader_LSRSTERLING_00950.a(bootloader.o)
 .debug_ranges  0x00000028       0x58 build/waf.bootloader-NoOS-LSRSTERLING_00950/libraries/Platform_LSRSTERLING_00950.a(platform.o)
 .debug_ranges  0x00000080       0x60 build/waf.bootloader-NoOS-LSRSTERLING_00950/libraries/WWD_NoOS_Interface.a(wwd_rtos.o)
 .debug_ranges  0x000000e0       0x28 build/waf.bootloader-NoOS-LSRSTERLING_00950/libraries/WWD_NoOS_Interface.a(noos.o)
 .debug_ranges  0x00000108       0xe0 build/waf.bootloader-NoOS-LSRSTERLING_00950/libraries/STM32F4xx.a(wiced_waf_common.o)
 .debug_ranges  0x000001e8       0x68 build/waf.bootloader-NoOS-LSRSTERLING_00950/libraries/STM32F4xx.a(platform_init.o)
 .debug_ranges  0x00000250       0x10 build/waf.bootloader-NoOS-LSRSTERLING_00950/libraries/STM32F4xx.a(platform_unhandled_isr.o)
 .debug_ranges  0x00000260       0x30 build/waf.bootloader-NoOS-LSRSTERLING_00950/libraries/STM32F4xx.a(waf_platform.o)
 .debug_ranges  0x00000290       0xa0 build/waf.bootloader-NoOS-LSRSTERLING_00950/libraries/STM32F4xx.a(wiced_dct_internal_common.o)
 .debug_ranges  0x00000330       0x18 build/waf.bootloader-NoOS-LSRSTERLING_00950/libraries/STM32F4xx.a(wiced_dct_update.o)
 .debug_ranges  0x00000348      0x128 build/waf.bootloader-NoOS-LSRSTERLING_00950/libraries/STM32F4xx.a(wiced_apps_common.o)
 .debug_ranges  0x00000470       0x80 build/waf.bootloader-NoOS-LSRSTERLING_00950/libraries/STM32F4xx_Peripheral_Drivers.a(platform_gpio.o)
 .debug_ranges  0x000004f0       0x38 build/waf.bootloader-NoOS-LSRSTERLING_00950/libraries/STM32F4xx_Peripheral_Drivers.a(platform_mcu_powersave.o)
 .debug_ranges  0x00000528      0x100 build/waf.bootloader-NoOS-LSRSTERLING_00950/libraries/STM32F4xx_Peripheral_Drivers.a(platform_uart.o)
 .debug_ranges  0x00000628       0x40 build/waf.bootloader-NoOS-LSRSTERLING_00950/libraries/STM32F4xx_Peripheral_Drivers.a(platform_watchdog.o)
 .debug_ranges  0x00000668       0x50 build/waf.bootloader-NoOS-LSRSTERLING_00950/libraries/Lib_Ring_Buffer.a(ring_buffer.o)
 .debug_ranges  0x000006b8       0x30 build/waf.bootloader-NoOS-LSRSTERLING_00950/libraries/STM32F4xx_Peripheral_Libraries.a(misc.o)
 .debug_ranges  0x000006e8       0xa0 build/waf.bootloader-NoOS-LSRSTERLING_00950/libraries/STM32F4xx_Peripheral_Libraries.a(stm32f4xx_dma.o)
 .debug_ranges  0x00000788      0x148 build/waf.bootloader-NoOS-LSRSTERLING_00950/libraries/STM32F4xx_Peripheral_Libraries.a(stm32f4xx_flash.o)
 .debug_ranges  0x000008d0       0x78 build/waf.bootloader-NoOS-LSRSTERLING_00950/libraries/STM32F4xx_Peripheral_Libraries.a(stm32f4xx_gpio.o)
 .debug_ranges  0x00000948       0x38 build/waf.bootloader-NoOS-LSRSTERLING_00950/libraries/STM32F4xx_Peripheral_Libraries.a(stm32f4xx_iwdg.o)
 .debug_ranges  0x00000980      0x188 build/waf.bootloader-NoOS-LSRSTERLING_00950/libraries/STM32F4xx_Peripheral_Libraries.a(stm32f4xx_rcc.o)
 .debug_ranges  0x00000b08      0x308 build/waf.bootloader-NoOS-LSRSTERLING_00950/libraries/STM32F4xx_Peripheral_Libraries.a(stm32f4xx_tim.o)
 .debug_ranges  0x00000e10       0x20 build/waf.bootloader-NoOS-LSRSTERLING_00950/libraries/Lib_crc.a(crc.o)
 .debug_ranges  0x00000e30       0x90 build/waf.bootloader-NoOS-LSRSTERLING_00950/libraries/Lib_SPI_Flash_Library_LSRSTERLING_00950.a(spi_flash.o)
 .debug_ranges  0x00000ec0       0x20 build/waf.bootloader-NoOS-LSRSTERLING_00950/libraries/Lib_SPI_Flash_Library_LSRSTERLING_00950.a(spi_flash_wiced.o)
 .debug_ranges  0x00000ee0      0x1f0 build/waf.bootloader-NoOS-LSRSTERLING_00950/libraries/STM32F4xx.a(wiced_platform_common.o)
 .debug_ranges  0x000010d0       0x98 build/waf.bootloader-NoOS-LSRSTERLING_00950/libraries/STM32F4xx_Peripheral_Drivers.a(platform_spi.o)
 .debug_ranges  0x00001168       0xd0 build/waf.bootloader-NoOS-LSRSTERLING_00950/libraries/STM32F4xx_Peripheral_Libraries.a(stm32f4xx_spi.o)
 .debug_ranges  0x00001238       0x10 c:/users/tp/documents/multiradio/firmware/43xxx_wi-fi/tools/arm_gnu/bin/win32/../../lib/thumb/v7em\libc.a(lib_a-memcmp.o)
 .debug_ranges  0x00001248       0x10 c:/users/tp/documents/multiradio/firmware/43xxx_wi-fi/tools/arm_gnu/bin/win32/../../lib/thumb/v7em\libc.a(lib_a-memcpy-stub.o)
 .debug_ranges  0x00001258       0x10 c:/users/tp/documents/multiradio/firmware/43xxx_wi-fi/tools/arm_gnu/bin/win32/../../lib/thumb/v7em\libc.a(lib_a-memset.o)

.debug_line     0x00000000     0x6932
 .debug_line    0x00000000      0x1ce build/waf.bootloader-NoOS-LSRSTERLING_00950/Modules/./WICED/platform/MCU/STM32F4xx/../../ARM_CM4/crt0_GCC.o
 .debug_line    0x000001ce       0xcc build/waf.bootloader-NoOS-LSRSTERLING_00950/Modules/./WICED/platform/MCU/STM32F4xx/platform_vector_table.o
 .debug_line    0x0000029a      0x18f build/waf.bootloader-NoOS-LSRSTERLING_00950/libraries/App_WICED_Bootloader_LSRSTERLING_00950.a(bootloader.o)
 .debug_line    0x00000429      0x391 build/waf.bootloader-NoOS-LSRSTERLING_00950/libraries/Platform_LSRSTERLING_00950.a(platform.o)
 .debug_line    0x000007ba      0x1ac build/waf.bootloader-NoOS-LSRSTERLING_00950/libraries/WWD_NoOS_Interface.a(wwd_rtos.o)
 .debug_line    0x00000966      0x17c build/waf.bootloader-NoOS-LSRSTERLING_00950/libraries/WWD_NoOS_Interface.a(noos.o)
 .debug_line    0x00000ae2      0x384 build/waf.bootloader-NoOS-LSRSTERLING_00950/libraries/STM32F4xx.a(wiced_waf_common.o)
 .debug_line    0x00000e66      0x3f3 build/waf.bootloader-NoOS-LSRSTERLING_00950/libraries/STM32F4xx.a(platform_init.o)
 .debug_line    0x00001259      0x12a build/waf.bootloader-NoOS-LSRSTERLING_00950/libraries/STM32F4xx.a(platform_unhandled_isr.o)
 .debug_line    0x00001383      0x2fd build/waf.bootloader-NoOS-LSRSTERLING_00950/libraries/STM32F4xx.a(waf_platform.o)
 .debug_line    0x00001680      0x5ec build/waf.bootloader-NoOS-LSRSTERLING_00950/libraries/STM32F4xx.a(wiced_dct_internal_common.o)
 .debug_line    0x00001c6c      0x164 build/waf.bootloader-NoOS-LSRSTERLING_00950/libraries/STM32F4xx.a(wiced_dct_update.o)
 .debug_line    0x00001dd0      0x2e1 build/waf.bootloader-NoOS-LSRSTERLING_00950/libraries/STM32F4xx.a(wiced_apps_common.o)
 .debug_line    0x000020b1      0x486 build/waf.bootloader-NoOS-LSRSTERLING_00950/libraries/STM32F4xx_Peripheral_Drivers.a(platform_gpio.o)
 .debug_line    0x00002537      0x192 build/waf.bootloader-NoOS-LSRSTERLING_00950/libraries/STM32F4xx_Peripheral_Drivers.a(platform_mcu_powersave.o)
 .debug_line    0x000026c9      0x611 build/waf.bootloader-NoOS-LSRSTERLING_00950/libraries/STM32F4xx_Peripheral_Drivers.a(platform_uart.o)
 .debug_line    0x00002cda      0x296 build/waf.bootloader-NoOS-LSRSTERLING_00950/libraries/STM32F4xx_Peripheral_Drivers.a(platform_watchdog.o)
 .debug_line    0x00002f70      0x19a build/waf.bootloader-NoOS-LSRSTERLING_00950/libraries/Lib_Ring_Buffer.a(ring_buffer.o)
 .debug_line    0x0000310a      0x1cf build/waf.bootloader-NoOS-LSRSTERLING_00950/libraries/STM32F4xx_Peripheral_Libraries.a(misc.o)
 .debug_line    0x000032d9      0x35e build/waf.bootloader-NoOS-LSRSTERLING_00950/libraries/STM32F4xx_Peripheral_Libraries.a(stm32f4xx_dma.o)
 .debug_line    0x00003637      0x4e7 build/waf.bootloader-NoOS-LSRSTERLING_00950/libraries/STM32F4xx_Peripheral_Libraries.a(stm32f4xx_flash.o)
 .debug_line    0x00003b1e      0x2da build/waf.bootloader-NoOS-LSRSTERLING_00950/libraries/STM32F4xx_Peripheral_Libraries.a(stm32f4xx_gpio.o)
 .debug_line    0x00003df8      0x18e build/waf.bootloader-NoOS-LSRSTERLING_00950/libraries/STM32F4xx_Peripheral_Libraries.a(stm32f4xx_iwdg.o)
 .debug_line    0x00003f86      0x559 build/waf.bootloader-NoOS-LSRSTERLING_00950/libraries/STM32F4xx_Peripheral_Libraries.a(stm32f4xx_rcc.o)
 .debug_line    0x000044df      0xa69 build/waf.bootloader-NoOS-LSRSTERLING_00950/libraries/STM32F4xx_Peripheral_Libraries.a(stm32f4xx_tim.o)
 .debug_line    0x00004f48       0xb4 build/waf.bootloader-NoOS-LSRSTERLING_00950/libraries/Lib_crc.a(crc.o)
 .debug_line    0x00004ffc      0x2c5 build/waf.bootloader-NoOS-LSRSTERLING_00950/libraries/Lib_SPI_Flash_Library_LSRSTERLING_00950.a(spi_flash.o)
 .debug_line    0x000052c1      0x1c8 build/waf.bootloader-NoOS-LSRSTERLING_00950/libraries/Lib_SPI_Flash_Library_LSRSTERLING_00950.a(spi_flash_wiced.o)
 .debug_line    0x00005489      0x790 build/waf.bootloader-NoOS-LSRSTERLING_00950/libraries/STM32F4xx.a(wiced_platform_common.o)
 .debug_line    0x00005c19      0x559 build/waf.bootloader-NoOS-LSRSTERLING_00950/libraries/STM32F4xx_Peripheral_Drivers.a(platform_spi.o)
 .debug_line    0x00006172      0x419 build/waf.bootloader-NoOS-LSRSTERLING_00950/libraries/STM32F4xx_Peripheral_Libraries.a(stm32f4xx_spi.o)
 .debug_line    0x0000658b      0x126 c:/users/tp/documents/multiradio/firmware/43xxx_wi-fi/tools/arm_gnu/bin/win32/../../lib/thumb/v7em\libc.a(lib_a-memcmp.o)
 .debug_line    0x000066b1      0x151 c:/users/tp/documents/multiradio/firmware/43xxx_wi-fi/tools/arm_gnu/bin/win32/../../lib/thumb/v7em\libc.a(lib_a-memcpy-stub.o)
 .debug_line    0x00006802      0x130 c:/users/tp/documents/multiradio/firmware/43xxx_wi-fi/tools/arm_gnu/bin/win32/../../lib/thumb/v7em\libc.a(lib_a-memset.o)

.debug_str      0x00000000     0xcd92
 .debug_str     0x00000000      0x47f build/waf.bootloader-NoOS-LSRSTERLING_00950/Modules/./WICED/platform/MCU/STM32F4xx/../../ARM_CM4/crt0_GCC.o
                                0x4db (size before relaxing)
 .debug_str     0x0000047f       0x5b build/waf.bootloader-NoOS-LSRSTERLING_00950/Modules/./WICED/platform/MCU/STM32F4xx/platform_vector_table.o
                                0x1e3 (size before relaxing)
 .debug_str     0x000004da     0x328a build/waf.bootloader-NoOS-LSRSTERLING_00950/libraries/App_WICED_Bootloader_LSRSTERLING_00950.a(bootloader.o)
                               0x33a7 (size before relaxing)
 .debug_str     0x00003764     0x1902 build/waf.bootloader-NoOS-LSRSTERLING_00950/libraries/Platform_LSRSTERLING_00950.a(platform.o)
                               0x1d89 (size before relaxing)
 .debug_str     0x00005066      0x544 build/waf.bootloader-NoOS-LSRSTERLING_00950/libraries/WWD_NoOS_Interface.a(wwd_rtos.o)
                                0xd08 (size before relaxing)
 .debug_str     0x000055aa       0x73 build/waf.bootloader-NoOS-LSRSTERLING_00950/libraries/WWD_NoOS_Interface.a(noos.o)
                                0x72f (size before relaxing)
 .debug_str     0x0000561d      0x433 build/waf.bootloader-NoOS-LSRSTERLING_00950/libraries/STM32F4xx.a(wiced_waf_common.o)
                               0x3647 (size before relaxing)
 .debug_str     0x00005a50      0x465 build/waf.bootloader-NoOS-LSRSTERLING_00950/libraries/STM32F4xx.a(platform_init.o)
                               0x17d2 (size before relaxing)
 .debug_str     0x00005eb5       0x61 build/waf.bootloader-NoOS-LSRSTERLING_00950/libraries/STM32F4xx.a(platform_unhandled_isr.o)
                                0x267 (size before relaxing)
 .debug_str     0x00005f16      0x211 build/waf.bootloader-NoOS-LSRSTERLING_00950/libraries/STM32F4xx.a(waf_platform.o)
                               0x3563 (size before relaxing)
 .debug_str     0x00006127     0x251d build/waf.bootloader-NoOS-LSRSTERLING_00950/libraries/STM32F4xx.a(wiced_dct_internal_common.o)
                               0x5dc7 (size before relaxing)
 .debug_str     0x00008644       0x33 build/waf.bootloader-NoOS-LSRSTERLING_00950/libraries/STM32F4xx.a(wiced_dct_update.o)
                               0x32b1 (size before relaxing)
 .debug_str     0x00008677      0x36c build/waf.bootloader-NoOS-LSRSTERLING_00950/libraries/STM32F4xx.a(wiced_apps_common.o)
                               0x350a (size before relaxing)
 .debug_str     0x000089e3      0x4f3 build/waf.bootloader-NoOS-LSRSTERLING_00950/libraries/STM32F4xx_Peripheral_Drivers.a(platform_gpio.o)
                               0x10bf (size before relaxing)
 .debug_str     0x00008ed6       0xcb build/waf.bootloader-NoOS-LSRSTERLING_00950/libraries/STM32F4xx_Peripheral_Drivers.a(platform_mcu_powersave.o)
                                0x46b (size before relaxing)
 .debug_str     0x00008fa1      0x394 build/waf.bootloader-NoOS-LSRSTERLING_00950/libraries/STM32F4xx_Peripheral_Drivers.a(platform_uart.o)
                               0x4b05 (size before relaxing)
 .debug_str     0x00009335      0x214 build/waf.bootloader-NoOS-LSRSTERLING_00950/libraries/STM32F4xx_Peripheral_Drivers.a(platform_watchdog.o)
                                0xb99 (size before relaxing)
 .debug_str     0x00009549      0x122 build/waf.bootloader-NoOS-LSRSTERLING_00950/libraries/Lib_Ring_Buffer.a(ring_buffer.o)
                               0x313f (size before relaxing)
 .debug_str     0x0000966b      0x15a build/waf.bootloader-NoOS-LSRSTERLING_00950/libraries/STM32F4xx_Peripheral_Libraries.a(misc.o)
                                0x3ee (size before relaxing)
 .debug_str     0x000097c5      0x20d build/waf.bootloader-NoOS-LSRSTERLING_00950/libraries/STM32F4xx_Peripheral_Libraries.a(stm32f4xx_dma.o)
                                0x561 (size before relaxing)
 .debug_str     0x000099d2      0x3ac build/waf.bootloader-NoOS-LSRSTERLING_00950/libraries/STM32F4xx_Peripheral_Libraries.a(stm32f4xx_flash.o)
                                0x6a9 (size before relaxing)
 .debug_str     0x00009d7e      0x19d build/waf.bootloader-NoOS-LSRSTERLING_00950/libraries/STM32F4xx_Peripheral_Libraries.a(stm32f4xx_gpio.o)
                                0x4dc (size before relaxing)
 .debug_str     0x00009f1b       0x92 build/waf.bootloader-NoOS-LSRSTERLING_00950/libraries/STM32F4xx_Peripheral_Libraries.a(stm32f4xx_iwdg.o)
                                0x281 (size before relaxing)
 .debug_str     0x00009fad      0x508 build/waf.bootloader-NoOS-LSRSTERLING_00950/libraries/STM32F4xx_Peripheral_Libraries.a(stm32f4xx_rcc.o)
                                0x929 (size before relaxing)
 .debug_str     0x0000a4b5      0xa30 build/waf.bootloader-NoOS-LSRSTERLING_00950/libraries/STM32F4xx_Peripheral_Libraries.a(stm32f4xx_tim.o)
                                0xe13 (size before relaxing)
 .debug_str     0x0000aee5       0x5e build/waf.bootloader-NoOS-LSRSTERLING_00950/libraries/Lib_crc.a(crc.o)
                                0x1d4 (size before relaxing)
 .debug_str     0x0000af43      0x5f8 build/waf.bootloader-NoOS-LSRSTERLING_00950/libraries/Lib_SPI_Flash_Library_LSRSTERLING_00950.a(spi_flash.o)
                                0x9ac (size before relaxing)
 .debug_str     0x0000b53b       0xc1 build/waf.bootloader-NoOS-LSRSTERLING_00950/libraries/Lib_SPI_Flash_Library_LSRSTERLING_00950.a(spi_flash_wiced.o)
                               0x340a (size before relaxing)
 .debug_str     0x0000b5fc     0x1020 build/waf.bootloader-NoOS-LSRSTERLING_00950/libraries/STM32F4xx.a(wiced_platform_common.o)
                               0x57d3 (size before relaxing)
 .debug_str     0x0000c61c      0x29a build/waf.bootloader-NoOS-LSRSTERLING_00950/libraries/STM32F4xx_Peripheral_Drivers.a(platform_spi.o)
                               0x1549 (size before relaxing)
 .debug_str     0x0000c8b6      0x28a build/waf.bootloader-NoOS-LSRSTERLING_00950/libraries/STM32F4xx_Peripheral_Libraries.a(stm32f4xx_spi.o)
                                0x6f2 (size before relaxing)
 .debug_str     0x0000cb40      0x134 c:/users/tp/documents/multiradio/firmware/43xxx_wi-fi/tools/arm_gnu/bin/win32/../../lib/thumb/v7em\libc.a(lib_a-memcmp.o)
                                0x1d4 (size before relaxing)
 .debug_str     0x0000cc74       0xd3 c:/users/tp/documents/multiradio/firmware/43xxx_wi-fi/tools/arm_gnu/bin/win32/../../lib/thumb/v7em\libc.a(lib_a-memcpy-stub.o)
                                0x20d (size before relaxing)
 .debug_str     0x0000cd47       0x4b c:/users/tp/documents/multiradio/firmware/43xxx_wi-fi/tools/arm_gnu/bin/win32/../../lib/thumb/v7em\libc.a(lib_a-memset.o)
                                0x1e8 (size before relaxing)

.debug_frame    0x00000000     0x29e8
 .debug_frame   0x00000000       0x34 build/waf.bootloader-NoOS-LSRSTERLING_00950/Modules/./WICED/platform/MCU/STM32F4xx/../../ARM_CM4/crt0_GCC.o
 .debug_frame   0x00000034       0x2c build/waf.bootloader-NoOS-LSRSTERLING_00950/libraries/App_WICED_Bootloader_LSRSTERLING_00950.a(bootloader.o)
 .debug_frame   0x00000060      0x138 build/waf.bootloader-NoOS-LSRSTERLING_00950/libraries/Platform_LSRSTERLING_00950.a(platform.o)
 .debug_frame   0x00000198       0xc8 build/waf.bootloader-NoOS-LSRSTERLING_00950/libraries/WWD_NoOS_Interface.a(wwd_rtos.o)
 .debug_frame   0x00000260       0x60 build/waf.bootloader-NoOS-LSRSTERLING_00950/libraries/WWD_NoOS_Interface.a(noos.o)
 .debug_frame   0x000002c0      0x160 build/waf.bootloader-NoOS-LSRSTERLING_00950/libraries/STM32F4xx.a(wiced_waf_common.o)
 .debug_frame   0x00000420       0xe0 build/waf.bootloader-NoOS-LSRSTERLING_00950/libraries/STM32F4xx.a(platform_init.o)
 .debug_frame   0x00000500       0x2c build/waf.bootloader-NoOS-LSRSTERLING_00950/libraries/STM32F4xx.a(platform_unhandled_isr.o)
 .debug_frame   0x0000052c       0x98 build/waf.bootloader-NoOS-LSRSTERLING_00950/libraries/STM32F4xx.a(waf_platform.o)
 .debug_frame   0x000005c4      0x208 build/waf.bootloader-NoOS-LSRSTERLING_00950/libraries/STM32F4xx.a(wiced_dct_internal_common.o)
 .debug_frame   0x000007cc       0x30 build/waf.bootloader-NoOS-LSRSTERLING_00950/libraries/STM32F4xx.a(wiced_dct_update.o)
 .debug_frame   0x000007fc      0x118 build/waf.bootloader-NoOS-LSRSTERLING_00950/libraries/STM32F4xx.a(wiced_apps_common.o)
 .debug_frame   0x00000914      0x160 build/waf.bootloader-NoOS-LSRSTERLING_00950/libraries/STM32F4xx_Peripheral_Drivers.a(platform_gpio.o)
 .debug_frame   0x00000a74       0x70 build/waf.bootloader-NoOS-LSRSTERLING_00950/libraries/STM32F4xx_Peripheral_Drivers.a(platform_mcu_powersave.o)
 .debug_frame   0x00000ae4      0x19c build/waf.bootloader-NoOS-LSRSTERLING_00950/libraries/STM32F4xx_Peripheral_Drivers.a(platform_uart.o)
 .debug_frame   0x00000c80       0x74 build/waf.bootloader-NoOS-LSRSTERLING_00950/libraries/STM32F4xx_Peripheral_Drivers.a(platform_watchdog.o)
 .debug_frame   0x00000cf4       0xdc build/waf.bootloader-NoOS-LSRSTERLING_00950/libraries/Lib_Ring_Buffer.a(ring_buffer.o)
 .debug_frame   0x00000dd0       0x60 build/waf.bootloader-NoOS-LSRSTERLING_00950/libraries/STM32F4xx_Peripheral_Libraries.a(misc.o)
 .debug_frame   0x00000e30      0x168 build/waf.bootloader-NoOS-LSRSTERLING_00950/libraries/STM32F4xx_Peripheral_Libraries.a(stm32f4xx_dma.o)
 .debug_frame   0x00000f98      0x338 build/waf.bootloader-NoOS-LSRSTERLING_00950/libraries/STM32F4xx_Peripheral_Libraries.a(stm32f4xx_flash.o)
 .debug_frame   0x000012d0      0x124 build/waf.bootloader-NoOS-LSRSTERLING_00950/libraries/STM32F4xx_Peripheral_Libraries.a(stm32f4xx_gpio.o)
 .debug_frame   0x000013f4       0x70 build/waf.bootloader-NoOS-LSRSTERLING_00950/libraries/STM32F4xx_Peripheral_Libraries.a(stm32f4xx_iwdg.o)
 .debug_frame   0x00001464      0x328 build/waf.bootloader-NoOS-LSRSTERLING_00950/libraries/STM32F4xx_Peripheral_Libraries.a(stm32f4xx_rcc.o)
 .debug_frame   0x0000178c      0x6c0 build/waf.bootloader-NoOS-LSRSTERLING_00950/libraries/STM32F4xx_Peripheral_Libraries.a(stm32f4xx_tim.o)
 .debug_frame   0x00001e4c       0x58 build/waf.bootloader-NoOS-LSRSTERLING_00950/libraries/Lib_crc.a(crc.o)
 .debug_frame   0x00001ea4      0x1e0 build/waf.bootloader-NoOS-LSRSTERLING_00950/libraries/Lib_SPI_Flash_Library_LSRSTERLING_00950.a(spi_flash.o)
 .debug_frame   0x00002084       0x58 build/waf.bootloader-NoOS-LSRSTERLING_00950/libraries/Lib_SPI_Flash_Library_LSRSTERLING_00950.a(spi_flash_wiced.o)
 .debug_frame   0x000020dc      0x528 build/waf.bootloader-NoOS-LSRSTERLING_00950/libraries/STM32F4xx.a(wiced_platform_common.o)
 .debug_frame   0x00002604      0x164 build/waf.bootloader-NoOS-LSRSTERLING_00950/libraries/STM32F4xx_Peripheral_Drivers.a(platform_spi.o)
 .debug_frame   0x00002768      0x1e4 build/waf.bootloader-NoOS-LSRSTERLING_00950/libraries/STM32F4xx_Peripheral_Libraries.a(stm32f4xx_spi.o)
 .debug_frame   0x0000294c       0x38 c:/users/tp/documents/multiradio/firmware/43xxx_wi-fi/tools/arm_gnu/bin/win32/../../lib/thumb/v7em\libc.a(lib_a-memcmp.o)
 .debug_frame   0x00002984       0x30 c:/users/tp/documents/multiradio/firmware/43xxx_wi-fi/tools/arm_gnu/bin/win32/../../lib/thumb/v7em\libc.a(lib_a-memcpy-stub.o)
 .debug_frame   0x000029b4       0x34 c:/users/tp/documents/multiradio/firmware/43xxx_wi-fi/tools/arm_gnu/bin/win32/../../lib/thumb/v7em\libc.a(lib_a-memset.o)

Cross Reference Table

Symbol                                            File
ADC_AnalogWatchdogCmd                             build/waf.bootloader-NoOS-LSRSTERLING_00950/libraries/STM32F4xx_Peripheral_Libraries.a(stm32f4xx_adc.o)
ADC_AnalogWatchdogSingleChannelConfig             build/waf.bootloader-NoOS-LSRSTERLING_00950/libraries/STM32F4xx_Peripheral_Libraries.a(stm32f4xx_adc.o)
ADC_AnalogWatchdogThresholdsConfig                build/waf.bootloader-NoOS-LSRSTERLING_00950/libraries/STM32F4xx_Peripheral_Libraries.a(stm32f4xx_adc.o)
ADC_AutoInjectedConvCmd                           build/waf.bootloader-NoOS-LSRSTERLING_00950/libraries/STM32F4xx_Peripheral_Libraries.a(stm32f4xx_adc.o)
ADC_ClearFlag                                     build/waf.bootloader-NoOS-LSRSTERLING_00950/libraries/STM32F4xx_Peripheral_Libraries.a(stm32f4xx_adc.o)
ADC_ClearITPendingBit                             build/waf.bootloader-NoOS-LSRSTERLING_00950/libraries/STM32F4xx_Peripheral_Libraries.a(stm32f4xx_adc.o)
ADC_Cmd                                           build/waf.bootloader-NoOS-LSRSTERLING_00950/libraries/STM32F4xx_Peripheral_Libraries.a(stm32f4xx_adc.o)
                                                  build/waf.bootloader-NoOS-LSRSTERLING_00950/libraries/STM32F4xx_Peripheral_Drivers.a(platform_adc.o)
ADC_CommonInit                                    build/waf.bootloader-NoOS-LSRSTERLING_00950/libraries/STM32F4xx_Peripheral_Libraries.a(stm32f4xx_adc.o)
                                                  build/waf.bootloader-NoOS-LSRSTERLING_00950/libraries/STM32F4xx_Peripheral_Drivers.a(platform_adc.o)
ADC_CommonStructInit                              build/waf.bootloader-NoOS-LSRSTERLING_00950/libraries/STM32F4xx_Peripheral_Libraries.a(stm32f4xx_adc.o)
                                                  build/waf.bootloader-NoOS-LSRSTERLING_00950/libraries/STM32F4xx_Peripheral_Drivers.a(platform_adc.o)
ADC_ContinuousModeCmd                             build/waf.bootloader-NoOS-LSRSTERLING_00950/libraries/STM32F4xx_Peripheral_Libraries.a(stm32f4xx_adc.o)
ADC_DMACmd                                        build/waf.bootloader-NoOS-LSRSTERLING_00950/libraries/STM32F4xx_Peripheral_Libraries.a(stm32f4xx_adc.o)
ADC_DMARequestAfterLastTransferCmd                build/waf.bootloader-NoOS-LSRSTERLING_00950/libraries/STM32F4xx_Peripheral_Libraries.a(stm32f4xx_adc.o)
ADC_DeInit                                        build/waf.bootloader-NoOS-LSRSTERLING_00950/libraries/STM32F4xx_Peripheral_Libraries.a(stm32f4xx_adc.o)
ADC_DiscModeChannelCountConfig                    build/waf.bootloader-NoOS-LSRSTERLING_00950/libraries/STM32F4xx_Peripheral_Libraries.a(stm32f4xx_adc.o)
ADC_DiscModeCmd                                   build/waf.bootloader-NoOS-LSRSTERLING_00950/libraries/STM32F4xx_Peripheral_Libraries.a(stm32f4xx_adc.o)
ADC_EOCOnEachRegularChannelCmd                    build/waf.bootloader-NoOS-LSRSTERLING_00950/libraries/STM32F4xx_Peripheral_Libraries.a(stm32f4xx_adc.o)
ADC_ExternalTrigInjectedConvConfig                build/waf.bootloader-NoOS-LSRSTERLING_00950/libraries/STM32F4xx_Peripheral_Libraries.a(stm32f4xx_adc.o)
ADC_ExternalTrigInjectedConvEdgeConfig            build/waf.bootloader-NoOS-LSRSTERLING_00950/libraries/STM32F4xx_Peripheral_Libraries.a(stm32f4xx_adc.o)
ADC_GetConversionValue                            build/waf.bootloader-NoOS-LSRSTERLING_00950/libraries/STM32F4xx_Peripheral_Libraries.a(stm32f4xx_adc.o)
                                                  build/waf.bootloader-NoOS-LSRSTERLING_00950/libraries/STM32F4xx_Peripheral_Drivers.a(platform_adc.o)
ADC_GetFlagStatus                                 build/waf.bootloader-NoOS-LSRSTERLING_00950/libraries/STM32F4xx_Peripheral_Libraries.a(stm32f4xx_adc.o)
                                                  build/waf.bootloader-NoOS-LSRSTERLING_00950/libraries/STM32F4xx_Peripheral_Drivers.a(platform_adc.o)
ADC_GetITStatus                                   build/waf.bootloader-NoOS-LSRSTERLING_00950/libraries/STM32F4xx_Peripheral_Libraries.a(stm32f4xx_adc.o)
ADC_GetInjectedConversionValue                    build/waf.bootloader-NoOS-LSRSTERLING_00950/libraries/STM32F4xx_Peripheral_Libraries.a(stm32f4xx_adc.o)
ADC_GetMultiModeConversionValue                   build/waf.bootloader-NoOS-LSRSTERLING_00950/libraries/STM32F4xx_Peripheral_Libraries.a(stm32f4xx_adc.o)
ADC_GetSoftwareStartConvStatus                    build/waf.bootloader-NoOS-LSRSTERLING_00950/libraries/STM32F4xx_Peripheral_Libraries.a(stm32f4xx_adc.o)
ADC_GetSoftwareStartInjectedConvCmdStatus         build/waf.bootloader-NoOS-LSRSTERLING_00950/libraries/STM32F4xx_Peripheral_Libraries.a(stm32f4xx_adc.o)
ADC_ITConfig                                      build/waf.bootloader-NoOS-LSRSTERLING_00950/libraries/STM32F4xx_Peripheral_Libraries.a(stm32f4xx_adc.o)
ADC_Init                                          build/waf.bootloader-NoOS-LSRSTERLING_00950/libraries/STM32F4xx_Peripheral_Libraries.a(stm32f4xx_adc.o)
                                                  build/waf.bootloader-NoOS-LSRSTERLING_00950/libraries/STM32F4xx_Peripheral_Drivers.a(platform_adc.o)
ADC_InjectedChannelConfig                         build/waf.bootloader-NoOS-LSRSTERLING_00950/libraries/STM32F4xx_Peripheral_Libraries.a(stm32f4xx_adc.o)
ADC_InjectedDiscModeCmd                           build/waf.bootloader-NoOS-LSRSTERLING_00950/libraries/STM32F4xx_Peripheral_Libraries.a(stm32f4xx_adc.o)
ADC_InjectedSequencerLengthConfig                 build/waf.bootloader-NoOS-LSRSTERLING_00950/libraries/STM32F4xx_Peripheral_Libraries.a(stm32f4xx_adc.o)
ADC_MultiModeDMARequestAfterLastTransferCmd       build/waf.bootloader-NoOS-LSRSTERLING_00950/libraries/STM32F4xx_Peripheral_Libraries.a(stm32f4xx_adc.o)
ADC_RegularChannelConfig                          build/waf.bootloader-NoOS-LSRSTERLING_00950/libraries/STM32F4xx_Peripheral_Libraries.a(stm32f4xx_adc.o)
                                                  build/waf.bootloader-NoOS-LSRSTERLING_00950/libraries/STM32F4xx_Peripheral_Drivers.a(platform_adc.o)
ADC_SetInjectedOffset                             build/waf.bootloader-NoOS-LSRSTERLING_00950/libraries/STM32F4xx_Peripheral_Libraries.a(stm32f4xx_adc.o)
ADC_SoftwareStartConv                             build/waf.bootloader-NoOS-LSRSTERLING_00950/libraries/STM32F4xx_Peripheral_Libraries.a(stm32f4xx_adc.o)
                                                  build/waf.bootloader-NoOS-LSRSTERLING_00950/libraries/STM32F4xx_Peripheral_Drivers.a(platform_adc.o)
ADC_SoftwareStartInjectedConv                     build/waf.bootloader-NoOS-LSRSTERLING_00950/libraries/STM32F4xx_Peripheral_Libraries.a(stm32f4xx_adc.o)
ADC_StructInit                                    build/waf.bootloader-NoOS-LSRSTERLING_00950/libraries/STM32F4xx_Peripheral_Libraries.a(stm32f4xx_adc.o)
                                                  build/waf.bootloader-NoOS-LSRSTERLING_00950/libraries/STM32F4xx_Peripheral_Drivers.a(platform_adc.o)
ADC_TempSensorVrefintCmd                          build/waf.bootloader-NoOS-LSRSTERLING_00950/libraries/STM32F4xx_Peripheral_Libraries.a(stm32f4xx_adc.o)
ADC_VBATCmd                                       build/waf.bootloader-NoOS-LSRSTERLING_00950/libraries/STM32F4xx_Peripheral_Libraries.a(stm32f4xx_adc.o)
ADC_irq                                           build/waf.bootloader-NoOS-LSRSTERLING_00950/libraries/STM32F4xx.a(platform_unhandled_isr.o)
                                                  build/waf.bootloader-NoOS-LSRSTERLING_00950/Modules/./WICED/platform/MCU/STM32F4xx/platform_vector_table.o
BusFaultException                                 build/waf.bootloader-NoOS-LSRSTERLING_00950/libraries/STM32F4xx.a(platform_unhandled_isr.o)
                                                  build/waf.bootloader-NoOS-LSRSTERLING_00950/Modules/./WICED/platform/MCU/STM32F4xx/platform_vector_table.o
CAN1_RX0_irq                                      build/waf.bootloader-NoOS-LSRSTERLING_00950/libraries/STM32F4xx.a(platform_unhandled_isr.o)
                                                  build/waf.bootloader-NoOS-LSRSTERLING_00950/Modules/./WICED/platform/MCU/STM32F4xx/platform_vector_table.o