
Discarded input sections

 .text          0x00000000        0x0 build/UniBo.AppWiFi-LSRSTERLING_00950-ThreadX-NetX_Duo-SDIO-debug/internal_dct.o
 .data          0x00000000        0x0 build/UniBo.AppWiFi-LSRSTERLING_00950-ThreadX-NetX_Duo-SDIO-debug/internal_dct.o
 .bss           0x00000000        0x0 build/UniBo.AppWiFi-LSRSTERLING_00950-ThreadX-NetX_Duo-SDIO-debug/internal_dct.o

Memory Configuration

Name             Origin             Length             Attributes
DCT1_FLASH       0x08004000         0x00004000         xr
DCT2_FLASH       0x08008000         0x00004000         xr
APP_FLASH        0x0800c000         0x00074000         xr
SRAM             0x20000000         0x00020000         xrw
*default*        0x00000000         0xffffffff

Linker script and memory map

                0x00000320                __STACKSIZE__ = 0x320

.glue_7         0x08004000        0x0
 .glue_7        0x00000000        0x0 linker stubs

.glue_7t        0x08004000        0x0
 .glue_7t       0x00000000        0x0 linker stubs

.vfp11_veneer   0x08004000        0x0
 .vfp11_veneer  0x00000000        0x0 linker stubs

.v4_bx          0x08004000        0x0
 .v4_bx         0x00000000        0x0 linker stubs

.iplt           0x08004000        0x0
 .iplt          0x00000000        0x0 build/UniBo.AppWiFi-LSRSTERLING_00950-ThreadX-NetX_Duo-SDIO-debug/internal_dct.o

.igot.plt       0x20000000        0x0
 .igot.plt      0x00000000        0x0 build/UniBo.AppWiFi-LSRSTERLING_00950-ThreadX-NetX_Duo-SDIO-debug/internal_dct.o

.rodata         0x08004000     0x1f40
                0x08004000                dct_location = .
 *(.rodata.initial_dct)
 .rodata.initial_dct
                0x08004000     0x1f40 build/UniBo.AppWiFi-LSRSTERLING_00950-ThreadX-NetX_Duo-SDIO-debug/internal_dct.o
 *(.rodata.wiced_apps_lut)
 *(.rodata.wiced_apps_lut_fill)
 *(.rodata._app_dct)
                0x08005f40                dct_end = .
                0x00004000                PROVIDE (dct_full_size_loc, 0x4000)
                0x00001f40                PROVIDE (dct_used_size_loc, (dct_end - ORIGIN (DCT1_FLASH)))
LOAD build/UniBo.AppWiFi-LSRSTERLING_00950-ThreadX-NetX_Duo-SDIO-debug/internal_dct.o
LOAD c:/users/tp/documents/multiradio/firmware/43xxx_wi-fi/tools/arm_gnu/bin/win32/../../lib/thumb/v7em\libstdc++.a
LOAD c:/users/tp/documents/multiradio/firmware/43xxx_wi-fi/tools/arm_gnu/bin/win32/../../lib/thumb/v7em\libm.a
START GROUP
LOAD c:/users/tp/documents/multiradio/firmware/43xxx_wi-fi/tools/arm_gnu/bin/win32/../../lib/thumb/v7em\libgcc.a
LOAD c:/users/tp/documents/multiradio/firmware/43xxx_wi-fi/tools/arm_gnu/bin/win32/../../lib/thumb/v7em\libc.a
END GROUP
OUTPUT(build/UniBo.AppWiFi-LSRSTERLING_00950-ThreadX-NetX_Duo-SDIO-debug/DCT.elf elf32-littlearm)

.rel.dyn        0x08005f40        0x0
 .rel.iplt      0x00000000        0x0 build/UniBo.AppWiFi-LSRSTERLING_00950-ThreadX-NetX_Duo-SDIO-debug/internal_dct.o

.debug_info     0x00000000     0x1284
 .debug_info    0x00000000     0x1284 build/UniBo.AppWiFi-LSRSTERLING_00950-ThreadX-NetX_Duo-SDIO-debug/internal_dct.o

.debug_abbrev   0x00000000      0x14d
 .debug_abbrev  0x00000000      0x14d build/UniBo.AppWiFi-LSRSTERLING_00950-ThreadX-NetX_Duo-SDIO-debug/internal_dct.o

.debug_aranges  0x00000000       0x18
 .debug_aranges
                0x00000000       0x18 build/UniBo.AppWiFi-LSRSTERLING_00950-ThreadX-NetX_Duo-SDIO-debug/internal_dct.o

.debug_line     0x00000000       0xf4
 .debug_line    0x00000000       0xf4 build/UniBo.AppWiFi-LSRSTERLING_00950-ThreadX-NetX_Duo-SDIO-debug/internal_dct.o

.debug_str      0x00000000     0x23e4
 .debug_str     0x00000000     0x23e4 build/UniBo.AppWiFi-LSRSTERLING_00950-ThreadX-NetX_Duo-SDIO-debug/internal_dct.o
                               0x245c (size before relaxing)

.comment        0x00000000       0x11
 .comment       0x00000000       0x11 build/UniBo.AppWiFi-LSRSTERLING_00950-ThreadX-NetX_Duo-SDIO-debug/internal_dct.o
                                 0x12 (size before relaxing)

.ARM.attributes
                0x00000000       0x33
 .ARM.attributes
                0x00000000       0x33 build/UniBo.AppWiFi-LSRSTERLING_00950-ThreadX-NetX_Duo-SDIO-debug/internal_dct.o

Cross Reference Table

Symbol                                            File
dct_full_size_loc                                 build/UniBo.AppWiFi-LSRSTERLING_00950-ThreadX-NetX_Duo-SDIO-debug/internal_dct.o
dct_used_size_loc                                 build/UniBo.AppWiFi-LSRSTERLING_00950-ThreadX-NetX_Duo-SDIO-debug/internal_dct.o
