Archive member included because of file (symbol)

build/waf.sflash_write-NoOS-LSRSTERLING_00950-SDIO/libraries/App_SFlash_write.a(sflash_write.o)
                              build/waf.sflash_write-NoOS-LSRSTERLING_00950-SDIO/Modules/./WICED/platform/MCU/STM32F4xx/../../ARM_CM4/crt0_GCC.o (main)
build/waf.sflash_write-NoOS-LSRSTERLING_00950-SDIO/libraries/Platform_LSRSTERLING_00950.a(platform.o)
                              build/waf.sflash_write-NoOS-LSRSTERLING_00950-SDIO/Modules/./WICED/platform/MCU/STM32F4xx/../../ARM_CM4/crt0_GCC.o (platform_init_external_devices)
build/waf.sflash_write-NoOS-LSRSTERLING_00950-SDIO/libraries/WWD_NoOS_Interface.a(wwd_rtos.o)
                              build/waf.sflash_write-NoOS-LSRSTERLING_00950-SDIO/Modules/WICED/platform/GCC/time_newlib.o (host_rtos_get_time)
build/waf.sflash_write-NoOS-LSRSTERLING_00950-SDIO/libraries/WWD_NoOS_Interface.a(noos.o)
                              build/waf.sflash_write-NoOS-LSRSTERLING_00950-SDIO/libraries/App_SFlash_write.a(sflash_write.o) (NoOS_setup_timing)
build/waf.sflash_write-NoOS-LSRSTERLING_00950-SDIO/libraries/Lib_SPI_Flash_Library_LSRSTERLING_00950.a(spi_flash.o)
                              build/waf.sflash_write-NoOS-LSRSTERLING_00950-SDIO/libraries/App_SFlash_write.a(sflash_write.o) (sflash_read)
build/waf.sflash_write-NoOS-LSRSTERLING_00950-SDIO/libraries/Lib_SPI_Flash_Library_LSRSTERLING_00950.a(spi_flash_wiced.o)
                              build/waf.sflash_write-NoOS-LSRSTERLING_00950-SDIO/libraries/Lib_SPI_Flash_Library_LSRSTERLING_00950.a(spi_flash.o) (sflash_platform_init)
build/waf.sflash_write-NoOS-LSRSTERLING_00950-SDIO/libraries/STM32F4xx.a(platform_stdio.o)
                              build/waf.sflash_write-NoOS-LSRSTERLING_00950-SDIO/libraries/Platform_LSRSTERLING_00950.a(platform.o) (platform_stdio_init)
build/waf.sflash_write-NoOS-LSRSTERLING_00950-SDIO/libraries/STM32F4xx.a(wiced_platform_common.o)
                              build/waf.sflash_write-NoOS-LSRSTERLING_00950-SDIO/libraries/Lib_SPI_Flash_Library_LSRSTERLING_00950.a(spi_flash_wiced.o) (wiced_spi_init)
build/waf.sflash_write-NoOS-LSRSTERLING_00950-SDIO/libraries/STM32F4xx.a(platform_nsclock.o)
                              build/waf.sflash_write-NoOS-LSRSTERLING_00950-SDIO/libraries/STM32F4xx.a(wiced_platform_common.o) (platform_get_nanosecond_clock_value)
build/waf.sflash_write-NoOS-LSRSTERLING_00950-SDIO/libraries/STM32F4xx.a(platform_init.o)
                              build/waf.sflash_write-NoOS-LSRSTERLING_00950-SDIO/Modules/./WICED/platform/MCU/STM32F4xx/../../ARM_CM4/crt0_GCC.o (platform_init_system_clocks)
build/waf.sflash_write-NoOS-LSRSTERLING_00950-SDIO/libraries/STM32F4xx.a(platform_unhandled_isr.o)
                              build/waf.sflash_write-NoOS-LSRSTERLING_00950-SDIO/Modules/./WICED/platform/MCU/STM32F4xx/platform_vector_table.o (UnhandledInterrupt)
build/waf.sflash_write-NoOS-LSRSTERLING_00950-SDIO/libraries/STM32F4xx.a(host_cm4.o)
                              build/waf.sflash_write-NoOS-LSRSTERLING_00950-SDIO/libraries/STM32F4xx.a(platform_nsclock.o) (host_platform_get_cycle_count)
build/waf.sflash_write-NoOS-LSRSTERLING_00950-SDIO/libraries/STM32F4xx.a(wwd_platform_separate_mcu.o)
                              build/waf.sflash_write-NoOS-LSRSTERLING_00950-SDIO/libraries/STM32F4xx.a(platform_init.o) (host_platform_init)
build/waf.sflash_write-NoOS-LSRSTERLING_00950-SDIO/libraries/STM32F4xx.a(platform_filesystem.o)
                              build/waf.sflash_write-NoOS-LSRSTERLING_00950-SDIO/libraries/STM32F4xx.a(wwd_platform_separate_mcu.o) (platform_filesystem_init)
build/waf.sflash_write-NoOS-LSRSTERLING_00950-SDIO/libraries/STM32F4xx.a(wiced_waf_common.o)
                              build/waf.sflash_write-NoOS-LSRSTERLING_00950-SDIO/libraries/STM32F4xx.a(platform_filesystem.o) (wiced_waf_app_open)
build/waf.sflash_write-NoOS-LSRSTERLING_00950-SDIO/libraries/STM32F4xx.a(waf_platform.o)
                              build/waf.sflash_write-NoOS-LSRSTERLING_00950-SDIO/libraries/STM32F4xx.a(wiced_waf_common.o) (platform_start_app)
build/waf.sflash_write-NoOS-LSRSTERLING_00950-SDIO/libraries/STM32F4xx.a(wiced_dct_internal_common.o)
                              build/waf.sflash_write-NoOS-LSRSTERLING_00950-SDIO/libraries/STM32F4xx.a(wiced_waf_common.o) (wiced_dct_write_boot_details)
build/waf.sflash_write-NoOS-LSRSTERLING_00950-SDIO/libraries/STM32F4xx.a(wiced_dct_update.o)
                              build/waf.sflash_write-NoOS-LSRSTERLING_00950-SDIO/libraries/STM32F4xx.a(wiced_dct_internal_common.o) (wiced_dct_minimal_check_dct_header)
build/waf.sflash_write-NoOS-LSRSTERLING_00950-SDIO/libraries/STM32F4xx.a(wiced_apps_common.o)
                              build/waf.sflash_write-NoOS-LSRSTERLING_00950-SDIO/libraries/STM32F4xx.a(wiced_waf_common.o) (wiced_apps_get_size)
build/waf.sflash_write-NoOS-LSRSTERLING_00950-SDIO/libraries/STM32F4xx_Peripheral_Drivers.a(platform_adc.o)
[...]
Memory Configuration

Name             Origin             Length             Attributes
SHARED_API       0x08000200         0x00000200         xr
SRAM             0x20000000         0x00020000         xrw
OTA_HDR          0x1ffffe00         0x00000200         xr
*default*        0x00000000         0xffffffff

Linker script and memory map

                0x20004538                reset_handler = _start

.app_header     0x1ffffe00        0x0
                0x1ffffe00                bootloader_app_header_location = .
 *(*.bootloader_app_header)

.sflash_trnsf   0x20000000     0x401c
 *(*.data_config)
 .rodata.data_config
                0x20000000        0xc build/waf.sflash_write-NoOS-LSRSTERLING_00950-SDIO/libraries/App_SFlash_write.a(sflash_write.o)
                0x20000000                data_config
 *(*.data_transfer)
 .bss.data_transfer
                0x2000000c     0x4010 build/waf.sflash_write-NoOS-LSRSTERLING_00950-SDIO/libraries/App_SFlash_write.a(sflash_write.o)
                0x2000000c                data_transfer

.vectors        0x2000401c      0x368
                0x20004200                . = ALIGN (0x200)
 *fill*         0x2000401c      0x1e4 
                0x20004200                link_interrupt_vectors_location = .
 *(*.interrupt_vector_table)
 .rodata.interrupt_vector_table
                0x20004200      0x184 build/waf.sflash_write-NoOS-LSRSTERLING_00950-SDIO/Modules/./WICED/platform/MCU/STM32F4xx/platform_vector_table.o
                0x20004200                interrupt_vector_table

.text           0x20004384     0x260c
                0x20004384                . = ALIGN (0x4)
                0x20004384                link_code_location = .
 *(.text.irq)
 .text.irq      0x20004384       0xb4 build/waf.sflash_write-NoOS-LSRSTERLING_00950-SDIO/libraries/Platform_LSRSTERLING_00950.a(platform.o)
                0x20004384                USART1_irq
                0x20004384                usart1_irq
                0x200043a0                usart2_irq
                0x200043a0                USART2_irq
                0x200043c0                usart1_tx_dma_irq
                0x200043c0                DMA2_Stream7_irq
                0x200043dc                usart2_tx_dma_irq
                0x200043dc                DMA1_Stream6_irq
                0x200043fc                DMA2_Stream2_irq
                0x200043fc                usart1_rx_dma_irq
                0x20004418                usart2_rx_dma_irq
                0x20004418                DMA1_Stream5_irq
 .text.irq      0x20004438       0x20 build/waf.sflash_write-NoOS-LSRSTERLING_00950-SDIO/libraries/WWD_NoOS_Interface.a(noos.o)
                0x20004438                NoOS_systick_irq
 .text.irq      0x20004458       0x18 build/waf.sflash_write-NoOS-LSRSTERLING_00950-SDIO/libraries/STM32F4xx.a(platform_unhandled_isr.o)
                0x20004458                MemManageException
                0x20004458                BusFaultException
                0x20004458                OTG_HS_EP1_OUT_irq
                0x20004458                CAN2_RX0_irq
                0x20004458                UART5_irq
                0x20004458                DMA1_Stream3_irq
                0x20004458                SPI2_irq
                0x20004458                USART3_irq
                0x20004458                FSMC_irq
                0x20004458                DebugMonitor
                0x20004458                TIM1_UP_TIM10_irq
                0x20004458                CAN1_TX_irq
                0x20004458                HardFaultException
                0x20004458                TIM2_irq
                0x20004458                SPI1_irq
                0x20004458                ETH_WKUP_irq
                0x20004458                TAMP_STAMP_irq
                0x20004458                ADC_irq
                0x20004458                TIM8_UP_TIM13_irq
                0x20004458                DMA1_Stream1_irq
                0x20004458                ETH_irq
                0x20004458                UnhandledInterrupt
                0x20004458                DMA1_Stream2_irq
                0x20004458                RTC_Alarm_irq
                0x20004458                TIM8_CC_irq
                0x20004458                DMA2_Stream4_irq
                0x20004458                I2C1_ER_irq
                0x20004458                DMA1_Stream0_irq
                0x20004458                NMIException
                0x20004458                DMA2_Stream0_irq
                0x20004458                USART6_irq
                0x20004458                OTG_FS_WKUP_irq
                0x20004458                DMA2_Stream6_irq
                0x20004458                I2C1_EV_irq
                0x20004458                DMA1_Stream4_irq
                0x20004458                CAN2_TX_irq
                0x20004458                WWDG_irq
                0x20004458                DMA2_Stream5_irq
                0x20004458                SPI3_irq
                0x20004458                PVD_irq
                0x20004458                DMA2_Stream3_irq
                0x20004458                TIM8_TRG_COM_TIM14_irq
                0x20004458                OTG_HS_EP1_IN_irq
                0x20004458                TIM1_TRG_COM_TIM11_irq
                0x20004458                I2C2_EV_irq
                0x20004458                CRYP_irq
                0x20004458                I2C3_EV_irq
                0x20004458                DMA1_Stream7_irq
                0x20004458                HASH_RNG_irq
                0x20004458                TIM1_CC_irq
                0x20004458                TIM8_BRK_TIM12_irq
                0x20004458                CAN2_RX1_irq
                0x20004458                RTC_WKUP_irq
                0x20004458                CAN1_RX1_irq
                0x20004458                TIM6_DAC_irq
                0x20004458                TIM7_irq
                0x20004458                CAN1_RX0_irq
                0x20004458                OTG_HS_WKUP_irq
                0x20004458                TIM1_BRK_TIM9_irq
                0x20004458                OTG_FS_irq
                0x20004458                TIM5_irq
                0x20004458                DCMI_irq
                0x20004458                UART4_irq
                0x20004458                CAN1_SCE_irq
                0x20004458                UsageFaultException
                0x20004458                SDIO_irq
                0x20004458                DMA2_Stream1_irq
                0x20004458                OTG_HS_irq
                0x20004458                CAN2_SCE_irq
                0x20004458                I2C3_ER_irq
                0x20004458                RCC_irq
                0x20004458                FLASH_irq
                0x20004458                I2C2_ER_irq
                0x20004458                TIM3_irq
 .text.irq      0x20004470       0xa8 build/waf.sflash_write-NoOS-LSRSTERLING_00950-SDIO/libraries/STM32F4xx_Peripheral_Drivers.a(platform_gpio.o)
                0x20004470                EXTI4_irq
                0x20004470                EXTI1_irq
                0x20004470                EXTI0_irq
                0x20004470                EXTI15_10_irq
                0x20004470                gpio_irq
                0x20004470                EXTI3_irq
                0x20004470                EXTI2_irq
                0x20004470                EXTI9_5_irq
 .text.irq      0x20004518       0x20 build/waf.sflash_write-NoOS-LSRSTERLING_00950-SDIO/libraries/STM32F4xx_Peripheral_Drivers.a(platform_watchdog.o)
                0x20004518                dbg_watchdog_irq
                0x20004518                TIM4_irq
 *(.text .text.* .gnu.linkonce.t.*)
 .text._start   0x20004538       0xcc build/waf.sflash_write-NoOS-LSRSTERLING_00950-SDIO/Modules/./WICED/platform/MCU/STM32F4xx/../../ARM_CM4/crt0_GCC.o
                0x20004538                _start
 .text.startup.main
                0x20004604      0x260 build/waf.sflash_write-NoOS-LSRSTERLING_00950-SDIO/libraries/App_SFlash_write.a(sflash_write.o)
                0x20004604                main
 .text.platform_init_peripheral_irq_priorities
                0x20004864       0x58 build/waf.sflash_write-NoOS-LSRSTERLING_00950-SDIO/libraries/Platform_LSRSTERLING_00950.a(platform.o)
                0x20004864                platform_init_peripheral_irq_priorities
 .text.platform_init_external_devices
                0x200048bc       0xd8 build/waf.sflash_write-NoOS-LSRSTERLING_00950-SDIO/libraries/Platform_LSRSTERLING_00950.a(platform.o)
                0x200048bc                platform_init_external_devices
 .text.host_rtos_init_semaphore
                0x20004994        0x8 build/waf.sflash_write-NoOS-LSRSTERLING_00950-SDIO/libraries/WWD_NoOS_Interface.a(wwd_rtos.o)
                0x20004994                host_rtos_init_semaphore
 .text.host_rtos_get_semaphore
                0x2000499c       0x38 build/waf.sflash_write-NoOS-LSRSTERLING_00950-SDIO/libraries/WWD_NoOS_Interface.a(wwd_rtos.o)
                0x2000499c                host_rtos_get_semaphore
 .text.host_rtos_set_semaphore
                0x200049d4       0x16 build/waf.sflash_write-NoOS-LSRSTERLING_00950-SDIO/libraries/WWD_NoOS_Interface.a(wwd_rtos.o)
                0x200049d4                host_rtos_set_semaphore
 *fill*         0x200049ea        0x2 
 .text.NoOS_setup_timing
                0x200049ec       0x20 build/waf.sflash_write-NoOS-LSRSTERLING_00950-SDIO/libraries/WWD_NoOS_Interface.a(noos.o)
                0x200049ec                NoOS_setup_timing
 .text.platform_init_rtos_irq_priorities
                0x20004a0c       0x20 build/waf.sflash_write-NoOS-LSRSTERLING_00950-SDIO/libraries/WWD_NoOS_Interface.a(noos.o)
                0x20004a0c                platform_init_rtos_irq_priorities
 .text.sflash_read_status_register
                0x20004a2c       0x1a build/waf.sflash_write-NoOS-LSRSTERLING_00950-SDIO/libraries/Lib_SPI_Flash_Library_LSRSTERLING_00950.a(spi_flash.o)
                0x20004a2c                sflash_read_status_register
 .text.generic_sflash_command
                0x20004a46       0x70 build/waf.sflash_write-NoOS-LSRSTERLING_00950-SDIO/libraries/Lib_SPI_Flash_Library_LSRSTERLING_00950.a(spi_flash.o)
 .text.sflash_read_ID
                0x20004ab6       0x1a build/waf.sflash_write-NoOS-LSRSTERLING_00950-SDIO/libraries/Lib_SPI_Flash_Library_LSRSTERLING_00950.a(spi_flash.o)
                0x20004ab6                sflash_read_ID
 .text.sflash_read
                0x20004ad0       0x2e build/waf.sflash_write-NoOS-LSRSTERLING_00950-SDIO/libraries/Lib_SPI_Flash_Library_LSRSTERLING_00950.a(spi_flash.o)
                0x20004ad0                sflash_read
 *fill*         0x20004afe        0x2 
 .text.sflash_get_size
                0x20004b00       0x30 build/waf.sflash_write-NoOS-LSRSTERLING_00950-SDIO/libraries/Lib_SPI_Flash_Library_LSRSTERLING_00950.a(spi_flash.o)
                0x20004b00                sflash_get_size
 .text.sflash_clear_flag_register
                0x20004b30       0x18 build/waf.sflash_write-NoOS-LSRSTERLING_00950-SDIO/libraries/Lib_SPI_Flash_Library_LSRSTERLING_00950.a(spi_flash.o)
                0x20004b30                sflash_clear_flag_register
 .text.sflash_read_flag_register
                0x20004b48       0x1a build/waf.sflash_write-NoOS-LSRSTERLING_00950-SDIO/libraries/Lib_SPI_Flash_Library_LSRSTERLING_00950.a(spi_flash.o)
                0x20004b48                sflash_read_flag_register
 .text.sflash_write_status_register
                0x20004b62       0x40 build/waf.sflash_write-NoOS-LSRSTERLING_00950-SDIO/libraries/Lib_SPI_Flash_Library_LSRSTERLING_00950.a(spi_flash.o)
                0x20004b62                sflash_write_status_register
 .text.sflash_write_enable
                0x20004ba2       0x5c build/waf.sflash_write-NoOS-LSRSTERLING_00950-SDIO/libraries/Lib_SPI_Flash_Library_LSRSTERLING_00950.a(spi_flash.o)
                0x20004ba2                sflash_write_enable
 *fill*         0x20004bfe        0x2 
 .text.sflash_chip_erase
                0x20004c00       0x30 build/waf.sflash_write-NoOS-LSRSTERLING_00950-SDIO/libraries/Lib_SPI_Flash_Library_LSRSTERLING_00950.a(spi_flash.o)
                0x20004c00                sflash_chip_erase
 .text.sflash_sector_erase
                0x20004c30       0x36 build/waf.sflash_write-NoOS-LSRSTERLING_00950-SDIO/libraries/Lib_SPI_Flash_Library_LSRSTERLING_00950.a(spi_flash.o)
                0x20004c30                sflash_sector_erase
 *fill*         0x20004c66        0x2 
 .text.sflash_write
                0x20004c68       0xa4 build/waf.sflash_write-NoOS-LSRSTERLING_00950-SDIO/libraries/Lib_SPI_Flash_Library_LSRSTERLING_00950.a(spi_flash.o)
                0x20004c68                sflash_write
 .text.deinit_sflash
                0x20004d0c        0x4 build/waf.sflash_write-NoOS-LSRSTERLING_00950-SDIO/libraries/Lib_SPI_Flash_Library_LSRSTERLING_00950.a(spi_flash.o)
                0x20004d0c                deinit_sflash
 .text.init_sflash
                0x20004d10       0x42 build/waf.sflash_write-NoOS-LSRSTERLING_00950-SDIO/libraries/Lib_SPI_Flash_Library_LSRSTERLING_00950.a(spi_flash.o)
                0x20004d10                init_sflash
 *fill*         0x20004d52        0x2 
 .text.sflash_platform_init
                0x20004d54       0x1c build/waf.sflash_write-NoOS-LSRSTERLING_00950-SDIO/libraries/Lib_SPI_Flash_Library_LSRSTERLING_00950.a(spi_flash_wiced.o)
                0x20004d54                sflash_platform_init
 .text.sflash_platform_send_recv
                0x20004d70       0x18 build/waf.sflash_write-NoOS-LSRSTERLING_00950-SDIO/libraries/Lib_SPI_Flash_Library_LSRSTERLING_00950.a(spi_flash_wiced.o)
                0x20004d70                sflash_platform_send_recv
 .text.sflash_platform_deinit
                0x20004d88       0x18 build/waf.sflash_write-NoOS-LSRSTERLING_00950-SDIO/libraries/Lib_SPI_Flash_Library_LSRSTERLING_00950.a(spi_flash_wiced.o)
                0x20004d88                sflash_platform_deinit
 .text.platform_stdio_init
                0x20004da0       0x60 build/waf.sflash_write-NoOS-LSRSTERLING_00950-SDIO/libraries/STM32F4xx.a(platform_stdio.o)
                0x20004da0                platform_stdio_init
 .text.wiced_spi_init
                0x20004e00       0x44 build/waf.sflash_write-NoOS-LSRSTERLING_00950-SDIO/libraries/STM32F4xx.a(wiced_platform_common.o)
                0x20004e00                wiced_spi_init
 .text.wiced_spi_deinit
                0x20004e44       0x14 build/waf.sflash_write-NoOS-LSRSTERLING_00950-SDIO/libraries/STM32F4xx.a(wiced_platform_common.o)
                0x20004e44                wiced_spi_deinit
 .text.wiced_spi_transfer
                0x20004e58       0x4c build/waf.sflash_write-NoOS-LSRSTERLING_00950-SDIO/libraries/STM32F4xx.a(wiced_platform_common.o)
                0x20004e58                wiced_spi_transfer
 .text.platform_mcu_reset
                0x20004ea4       0x20 build/waf.sflash_write-NoOS-LSRSTERLING_00950-SDIO/libraries/STM32F4xx.a(platform_init.o)
                0x20004ea4                platform_mcu_reset
 .text.platform_init_system_clocks
                0x20004ec4       0x68 build/waf.sflash_write-NoOS-LSRSTERLING_00950-SDIO/libraries/STM32F4xx.a(platform_init.o)
                0x20004ec4                platform_init_system_clocks
 .text.platform_init_memory
                0x20004f2c        0x2 build/waf.sflash_write-NoOS-LSRSTERLING_00950-SDIO/libraries/STM32F4xx.a(platform_init.o)
                0x20004f2c                platform_init_memory
 .text.platform_init_mcu_infrastructure
                0x20004f2e       0x34 build/waf.sflash_write-NoOS-LSRSTERLING_00950-SDIO/libraries/STM32F4xx.a(platform_init.o)
                0x20004f2e                platform_init_mcu_infrastructure
 .text.platform_gpio_output_high
                0x20004f62       0x1c build/waf.sflash_write-NoOS-LSRSTERLING_00950-SDIO/libraries/STM32F4xx_Peripheral_Drivers.a(platform_gpio.o)
                0x20004f62                platform_gpio_output_high
 .text.platform_gpio_output_low
                0x20004f7e       0x1c build/waf.sflash_write-NoOS-LSRSTERLING_00950-SDIO/libraries/STM32F4xx_Peripheral_Drivers.a(platform_gpio.o)
                0x20004f7e                platform_gpio_output_low
 *fill*         0x20004f9a        0x2 
 .text.platform_gpio_irq_manager_init
                0x20004f9c       0x20 build/waf.sflash_write-NoOS-LSRSTERLING_00950-SDIO/libraries/STM32F4xx_Peripheral_Drivers.a(platform_gpio.o)
                0x20004f9c                platform_gpio_irq_manager_init
 .text.platform_gpio_get_port_number
                0x20004fbc       0x80 build/waf.sflash_write-NoOS-LSRSTERLING_00950-SDIO/libraries/STM32F4xx_Peripheral_Drivers.a(platform_gpio.o)
                0x20004fbc                platform_gpio_get_port_number
 .text.platform_gpio_init
                0x2000503c       0x80 build/waf.sflash_write-NoOS-LSRSTERLING_00950-SDIO/libraries/STM32F4xx_Peripheral_Drivers.a(platform_gpio.o)
                0x2000503c                platform_gpio_init
 .text.platform_gpio_set_alternate_function
                0x200050bc       0x68 build/waf.sflash_write-NoOS-LSRSTERLING_00950-SDIO/libraries/STM32F4xx_Peripheral_Drivers.a(platform_gpio.o)
                0x200050bc                platform_gpio_set_alternate_function
 .text.platform_mcu_powersave_disable
                0x20005124        0x6 build/waf.sflash_write-NoOS-LSRSTERLING_00950-SDIO/libraries/STM32F4xx_Peripheral_Drivers.a(platform_mcu_powersave.o)
                0x20005124                platform_mcu_powersave_disable
 .text.platform_mcu_powersave_enable
                0x2000512a        0x6 build/waf.sflash_write-NoOS-LSRSTERLING_00950-SDIO/libraries/STM32F4xx_Peripheral_Drivers.a(platform_mcu_powersave.o)
                0x2000512a                platform_mcu_powersave_enable
 .text.calculate_prescaler.part.0
                0x20005130       0x68 build/waf.sflash_write-NoOS-LSRSTERLING_00950-SDIO/libraries/STM32F4xx_Peripheral_Drivers.a(platform_spi.o)
 .text.spi_transfer.isra.1
                0x20005198       0x3c build/waf.sflash_write-NoOS-LSRSTERLING_00950-SDIO/libraries/STM32F4xx_Peripheral_Drivers.a(platform_spi.o)
 .text.platform_spi_get_port_number
                0x200051d4       0x40 build/waf.sflash_write-NoOS-LSRSTERLING_00950-SDIO/libraries/STM32F4xx_Peripheral_Drivers.a(platform_spi.o)
                0x200051d4                platform_spi_get_port_number
 .text.platform_spi_init
                0x20005214      0x1a0 build/waf.sflash_write-NoOS-LSRSTERLING_00950-SDIO/libraries/STM32F4xx_Peripheral_Drivers.a(platform_spi.o)
                0x20005214                platform_spi_init
 .text.platform_spi_deinit
                0x200053b4        0x4 build/waf.sflash_write-NoOS-LSRSTERLING_00950-SDIO/libraries/STM32F4xx_Peripheral_Drivers.a(platform_spi.o)
                0x200053b4                platform_spi_deinit
 .text.platform_spi_transfer
                0x200053b8      0x28c build/waf.sflash_write-NoOS-LSRSTERLING_00950-SDIO/libraries/STM32F4xx_Peripheral_Drivers.a(platform_spi.o)
                0x200053b8                platform_spi_transfer
 .text.clear_dma_interrupts
                0x20005644       0x4c build/waf.sflash_write-NoOS-LSRSTERLING_00950-SDIO/libraries/STM32F4xx_Peripheral_Drivers.a(platform_uart.o)
 .text.get_dma_irq_status
                0x20005690       0x34 build/waf.sflash_write-NoOS-LSRSTERLING_00950-SDIO/libraries/STM32F4xx_Peripheral_Drivers.a(platform_uart.o)
 .text.platform_uart_get_port_number
                0x200056c4       0x28 build/waf.sflash_write-NoOS-LSRSTERLING_00950-SDIO/libraries/STM32F4xx_Peripheral_Drivers.a(platform_uart.o)
                0x200056c4                platform_uart_get_port_number
 .text.receive_bytes
                0x200056ec       0x86 build/waf.sflash_write-NoOS-LSRSTERLING_00950-SDIO/libraries/STM32F4xx_Peripheral_Drivers.a(platform_uart.o)
                0x200056ec                receive_bytes
 *fill*         0x20005772        0x2 
 .text.platform_uart_init
                0x20005774      0x29c build/waf.sflash_write-NoOS-LSRSTERLING_00950-SDIO/libraries/STM32F4xx_Peripheral_Drivers.a(platform_uart.o)
                0x20005774                platform_uart_init
 .text.platform_uart_irq
                0x20005a10       0x34 build/waf.sflash_write-NoOS-LSRSTERLING_00950-SDIO/libraries/STM32F4xx_Peripheral_Drivers.a(platform_uart.o)
                0x20005a10                platform_uart_irq
 .text.platform_uart_tx_dma_irq
                0x20005a44       0x4c build/waf.sflash_write-NoOS-LSRSTERLING_00950-SDIO/libraries/STM32F4xx_Peripheral_Drivers.a(platform_uart.o)
                0x20005a44                platform_uart_tx_dma_irq
 .text.platform_uart_rx_dma_irq
                0x20005a90       0x4c build/waf.sflash_write-NoOS-LSRSTERLING_00950-SDIO/libraries/STM32F4xx_Peripheral_Drivers.a(platform_uart.o)
                0x20005a90                platform_uart_rx_dma_irq
 .text.platform_watchdog_init
                0x20005adc       0x9c build/waf.sflash_write-NoOS-LSRSTERLING_00950-SDIO/libraries/STM32F4xx_Peripheral_Drivers.a(platform_watchdog.o)
                0x20005adc                platform_watchdog_init
 .text.platform_watchdog_kick
                0x20005b78       0x54 build/waf.sflash_write-NoOS-LSRSTERLING_00950-SDIO/libraries/STM32F4xx_Peripheral_Drivers.a(platform_watchdog.o)
                0x20005b78                platform_watchdog_kick
 .text.ring_buffer_init
                0x20005bcc       0x14 build/waf.sflash_write-NoOS-LSRSTERLING_00950-SDIO/libraries/Lib_Ring_Buffer.a(ring_buffer.o)
                0x20005bcc                ring_buffer_init
 .text.ring_buffer_used_space
                0x20005be0       0x14 build/waf.sflash_write-NoOS-LSRSTERLING_00950-SDIO/libraries/Lib_Ring_Buffer.a(ring_buffer.o)
                0x20005be0                ring_buffer_used_space
 .text.NVIC_PriorityGroupConfig
                0x20005bf4       0x14 build/waf.sflash_write-NoOS-LSRSTERLING_00950-SDIO/libraries/STM32F4xx_Peripheral_Libraries.a(misc.o)
                0x20005bf4                NVIC_PriorityGroupConfig
 .text.SysTick_CLKSourceConfig
                0x20005c08       0x18 build/waf.sflash_write-NoOS-LSRSTERLING_00950-SDIO/libraries/STM32F4xx_Peripheral_Libraries.a(misc.o)
                0x20005c08                SysTick_CLKSourceConfig
 .text.DMA_DeInit
                0x20005c20      0x10c build/waf.sflash_write-NoOS-LSRSTERLING_00950-SDIO/libraries/STM32F4xx_Peripheral_Libraries.a(stm32f4xx_dma.o)
                0x20005c20                DMA_DeInit
 .text.DMA_Init
                0x20005d2c       0x54 build/waf.sflash_write-NoOS-LSRSTERLING_00950-SDIO/libraries/STM32F4xx_Peripheral_Libraries.a(stm32f4xx_dma.o)
                0x20005d2c                DMA_Init
 .text.DMA_Cmd  0x20005d80       0x12 build/waf.sflash_write-NoOS-LSRSTERLING_00950-SDIO/libraries/STM32F4xx_Peripheral_Libraries.a(stm32f4xx_dma.o)
                0x20005d80                DMA_Cmd
 .text.DMA_GetCurrDataCounter
                0x20005d92        0x6 build/waf.sflash_write-NoOS-LSRSTERLING_00950-SDIO/libraries/STM32F4xx_Peripheral_Libraries.a(stm32f4xx_dma.o)
                0x20005d92                DMA_GetCurrDataCounter
 .text.DMA_GetCmdStatus
                0x20005d98        0x8 build/waf.sflash_write-NoOS-LSRSTERLING_00950-SDIO/libraries/STM32F4xx_Peripheral_Libraries.a(stm32f4xx_dma.o)
                0x20005d98                DMA_GetCmdStatus
 .text.DMA_ClearFlag
                0x20005da0       0x30 build/waf.sflash_write-NoOS-LSRSTERLING_00950-SDIO/libraries/STM32F4xx_Peripheral_Libraries.a(stm32f4xx_dma.o)
                0x20005da0                DMA_ClearFlag
 .text.DMA_ITConfig
                0x20005dd0       0x3e build/waf.sflash_write-NoOS-LSRSTERLING_00950-SDIO/libraries/STM32F4xx_Peripheral_Libraries.a(stm32f4xx_dma.o)
                0x20005dd0                DMA_ITConfig
 *fill*         0x20005e0e        0x2 
 .text.FLASH_SetLatency
                0x20005e10        0xc build/waf.sflash_write-NoOS-LSRSTERLING_00950-SDIO/libraries/STM32F4xx_Peripheral_Libraries.a(stm32f4xx_flash.o)
                0x20005e10                FLASH_SetLatency
 .text.FLASH_PrefetchBufferCmd
                0x20005e1c       0x18 build/waf.sflash_write-NoOS-LSRSTERLING_00950-SDIO/libraries/STM32F4xx_Peripheral_Libraries.a(stm32f4xx_flash.o)
                0x20005e1c                FLASH_PrefetchBufferCmd
 .text.GPIO_Init
                0x20005e34       0x88 build/waf.sflash_write-NoOS-LSRSTERLING_00950-SDIO/libraries/STM32F4xx_Peripheral_Libraries.a(stm32f4xx_gpio.o)
                0x20005e34                GPIO_Init
 .text.GPIO_PinAFConfig
                0x20005ebc       0x24 build/waf.sflash_write-NoOS-LSRSTERLING_00950-SDIO/libraries/STM32F4xx_Peripheral_Libraries.a(stm32f4xx_gpio.o)
                0x20005ebc                GPIO_PinAFConfig
 .text.IWDG_WriteAccessCmd
                0x20005ee0        0xc build/waf.sflash_write-NoOS-LSRSTERLING_00950-SDIO/libraries/STM32F4xx_Peripheral_Libraries.a(stm32f4xx_iwdg.o)
                0x20005ee0                IWDG_WriteAccessCmd
 .text.IWDG_SetPrescaler
                0x20005eec        0xc build/waf.sflash_write-NoOS-LSRSTERLING_00950-SDIO/libraries/STM32F4xx_Peripheral_Libraries.a(stm32f4xx_iwdg.o)
                0x20005eec                IWDG_SetPrescaler
 .text.IWDG_SetReload
                0x20005ef8        0xc build/waf.sflash_write-NoOS-LSRSTERLING_00950-SDIO/libraries/STM32F4xx_Peripheral_Libraries.a(stm32f4xx_iwdg.o)
                0x20005ef8                IWDG_SetReload
 .text.IWDG_ReloadCounter
                0x20005f04       0x10 build/waf.sflash_write-NoOS-LSRSTERLING_00950-SDIO/libraries/STM32F4xx_Peripheral_Libraries.a(stm32f4xx_iwdg.o)
                0x20005f04                IWDG_ReloadCounter
 .text.IWDG_Enable
                0x20005f14       0x10 build/waf.sflash_write-NoOS-LSRSTERLING_00950-SDIO/libraries/STM32F4xx_Peripheral_Libraries.a(stm32f4xx_iwdg.o)
                0x20005f14                IWDG_Enable
 .text.RCC_HSEConfig
                0x20005f24       0x10 build/waf.sflash_write-NoOS-LSRSTERLING_00950-SDIO/libraries/STM32F4xx_Peripheral_Libraries.a(stm32f4xx_rcc.o)
                0x20005f24                RCC_HSEConfig
 .text.RCC_PLLConfig
                0x20005f34       0x20 build/waf.sflash_write-NoOS-LSRSTERLING_00950-SDIO/libraries/STM32F4xx_Peripheral_Libraries.a(stm32f4xx_rcc.o)
                0x20005f34                RCC_PLLConfig
 .text.RCC_PLLCmd
                0x20005f54        0xc build/waf.sflash_write-NoOS-LSRSTERLING_00950-SDIO/libraries/STM32F4xx_Peripheral_Libraries.a(stm32f4xx_rcc.o)
                0x20005f54                RCC_PLLCmd
 .text.RCC_SYSCLKConfig
                0x20005f60       0x14 build/waf.sflash_write-NoOS-LSRSTERLING_00950-SDIO/libraries/STM32F4xx_Peripheral_Libraries.a(stm32f4xx_rcc.o)
                0x20005f60                RCC_SYSCLKConfig
 .text.RCC_GetSYSCLKSource
                0x20005f74       0x10 build/waf.sflash_write-NoOS-LSRSTERLING_00950-SDIO/libraries/STM32F4xx_Peripheral_Libraries.a(stm32f4xx_rcc.o)
                0x20005f74                RCC_GetSYSCLKSource
 .text.RCC_HCLKConfig
                0x20005f84       0x14 build/waf.sflash_write-NoOS-LSRSTERLING_00950-SDIO/libraries/STM32F4xx_Peripheral_Libraries.a(stm32f4xx_rcc.o)
                0x20005f84                RCC_HCLKConfig
 .text.RCC_PCLK1Config
                0x20005f98       0x14 build/waf.sflash_write-NoOS-LSRSTERLING_00950-SDIO/libraries/STM32F4xx_Peripheral_Libraries.a(stm32f4xx_rcc.o)
                0x20005f98                RCC_PCLK1Config
 .text.RCC_PCLK2Config
                0x20005fac       0x14 build/waf.sflash_write-NoOS-LSRSTERLING_00950-SDIO/libraries/STM32F4xx_Peripheral_Libraries.a(stm32f4xx_rcc.o)
                0x20005fac                RCC_PCLK2Config
 .text.RCC_GetClocksFreq
                0x20005fc0       0x88 build/waf.sflash_write-NoOS-LSRSTERLING_00950-SDIO/libraries/STM32F4xx_Peripheral_Libraries.a(stm32f4xx_rcc.o)
                0x20005fc0                RCC_GetClocksFreq
 .text.RCC_APB1PeriphClockCmd
                0x20006048       0x18 build/waf.sflash_write-NoOS-LSRSTERLING_00950-SDIO/libraries/STM32F4xx_Peripheral_Libraries.a(stm32f4xx_rcc.o)
                0x20006048                RCC_APB1PeriphClockCmd
 .text.RCC_APB2PeriphClockCmd
                0x20006060       0x18 build/waf.sflash_write-NoOS-LSRSTERLING_00950-SDIO/libraries/STM32F4xx_Peripheral_Libraries.a(stm32f4xx_rcc.o)
                0x20006060                RCC_APB2PeriphClockCmd
 .text.RCC_APB1PeriphResetCmd
                0x20006078       0x18 build/waf.sflash_write-NoOS-LSRSTERLING_00950-SDIO/libraries/STM32F4xx_Peripheral_Libraries.a(stm32f4xx_rcc.o)
                0x20006078                RCC_APB1PeriphResetCmd
 .text.RCC_APB2PeriphResetCmd
                0x20006090       0x18 build/waf.sflash_write-NoOS-LSRSTERLING_00950-SDIO/libraries/STM32F4xx_Peripheral_Libraries.a(stm32f4xx_rcc.o)
                0x20006090                RCC_APB2PeriphResetCmd
 .text.RCC_GetFlagStatus
                0x200060a8       0x28 build/waf.sflash_write-NoOS-LSRSTERLING_00950-SDIO/libraries/STM32F4xx_Peripheral_Libraries.a(stm32f4xx_rcc.o)
                0x200060a8                RCC_GetFlagStatus
 .text.RCC_WaitForHSEStartUp
                0x200060d0       0x30 build/waf.sflash_write-NoOS-LSRSTERLING_00950-SDIO/libraries/STM32F4xx_Peripheral_Libraries.a(stm32f4xx_rcc.o)
                0x200060d0                RCC_WaitForHSEStartUp
 .text.SPI_Init
                0x20006100       0x3e build/waf.sflash_write-NoOS-LSRSTERLING_00950-SDIO/libraries/STM32F4xx_Peripheral_Libraries.a(stm32f4xx_spi.o)
                0x20006100                SPI_Init
 .text.SPI_Cmd  0x2000613e       0x18 build/waf.sflash_write-NoOS-LSRSTERLING_00950-SDIO/libraries/STM32F4xx_Peripheral_Libraries.a(stm32f4xx_spi.o)
                0x2000613e                SPI_Cmd
 .text.SPI_I2S_ReceiveData
                0x20006156        0x6 build/waf.sflash_write-NoOS-LSRSTERLING_00950-SDIO/libraries/STM32F4xx_Peripheral_Libraries.a(stm32f4xx_spi.o)
                0x20006156                SPI_I2S_ReceiveData
 .text.SPI_I2S_SendData
                0x2000615c        0x4 build/waf.sflash_write-NoOS-LSRSTERLING_00950-SDIO/libraries/STM32F4xx_Peripheral_Libraries.a(stm32f4xx_spi.o)
                0x2000615c                SPI_I2S_SendData
 .text.SPI_CalculateCRC
                0x20006160       0x18 build/waf.sflash_write-NoOS-LSRSTERLING_00950-SDIO/libraries/STM32F4xx_Peripheral_Libraries.a(stm32f4xx_spi.o)
                0x20006160                SPI_CalculateCRC
 .text.SPI_I2S_DMACmd
                0x20006178       0x12 build/waf.sflash_write-NoOS-LSRSTERLING_00950-SDIO/libraries/STM32F4xx_Peripheral_Libraries.a(stm32f4xx_spi.o)
                0x20006178                SPI_I2S_DMACmd
 .text.SPI_I2S_GetFlagStatus
                0x2000618a        0xc build/waf.sflash_write-NoOS-LSRSTERLING_00950-SDIO/libraries/STM32F4xx_Peripheral_Libraries.a(stm32f4xx_spi.o)
                0x2000618a                SPI_I2S_GetFlagStatus
 *fill*         0x20006196        0x2 
 .text.TIM_TimeBaseInit
                0x20006198       0x7c build/waf.sflash_write-NoOS-LSRSTERLING_00950-SDIO/libraries/STM32F4xx_Peripheral_Libraries.a(stm32f4xx_tim.o)
                0x20006198                TIM_TimeBaseInit
 .text.TIM_UpdateRequestConfig
                0x20006214       0x18 build/waf.sflash_write-NoOS-LSRSTERLING_00950-SDIO/libraries/STM32F4xx_Peripheral_Libraries.a(stm32f4xx_tim.o)
                0x20006214                TIM_UpdateRequestConfig
 .text.TIM_Cmd  0x2000622c       0x18 build/waf.sflash_write-NoOS-LSRSTERLING_00950-SDIO/libraries/STM32F4xx_Peripheral_Libraries.a(stm32f4xx_tim.o)
                0x2000622c                TIM_Cmd
 .text.TIM_ITConfig
                0x20006244       0x12 build/waf.sflash_write-NoOS-LSRSTERLING_00950-SDIO/libraries/STM32F4xx_Peripheral_Libraries.a(stm32f4xx_tim.o)
                0x20006244                TIM_ITConfig
 .text.TIM_ClearITPendingBit
                0x20006256        0x8 build/waf.sflash_write-NoOS-LSRSTERLING_00950-SDIO/libraries/STM32F4xx_Peripheral_Libraries.a(stm32f4xx_tim.o)
                0x20006256                TIM_ClearITPendingBit
 *fill*         0x2000625e        0x2 
 .text.USART_DeInit
                0x20006260       0xdc build/waf.sflash_write-NoOS-LSRSTERLING_00950-SDIO/libraries/STM32F4xx_Peripheral_Libraries.a(stm32f4xx_usart.o)
                0x20006260                USART_DeInit
 .text.USART_Init
                0x2000633c       0xb8 build/waf.sflash_write-NoOS-LSRSTERLING_00950-SDIO/libraries/STM32F4xx_Peripheral_Libraries.a(stm32f4xx_usart.o)
                0x2000633c                USART_Init
 .text.USART_Cmd
                0x200063f4       0x18 build/waf.sflash_write-NoOS-LSRSTERLING_00950-SDIO/libraries/STM32F4xx_Peripheral_Libraries.a(stm32f4xx_usart.o)
                0x200063f4                USART_Cmd
 .text.USART_DMACmd
                0x2000640c       0x12 build/waf.sflash_write-NoOS-LSRSTERLING_00950-SDIO/libraries/STM32F4xx_Peripheral_Libraries.a(stm32f4xx_usart.o)
                0x2000640c                USART_DMACmd
 .text.USART_ITConfig
                0x2000641e       0x32 build/waf.sflash_write-NoOS-LSRSTERLING_00950-SDIO/libraries/STM32F4xx_Peripheral_Libraries.a(stm32f4xx_usart.o)
                0x2000641e                USART_ITConfig
 .text.USART_ClearITPendingBit
                0x20006450        0xe build/waf.sflash_write-NoOS-LSRSTERLING_00950-SDIO/libraries/STM32F4xx_Peripheral_Libraries.a(stm32f4xx_usart.o)
                0x20006450                USART_ClearITPendingBit
 *fill*         0x2000645e        0x2 
 .text.memcmp   0x20006460       0x64 c:/users/tp/documents/multiradio/firmware/43xxx_wi-fi/tools/arm_gnu/bin/win32/../../lib/thumb/v7em\libc.a(lib_a-memcmp.o)
                0x20006460                memcmp
 .text.memcpy   0x200064c4      0x120 c:/users/tp/documents/multiradio/firmware/43xxx_wi-fi/tools/arm_gnu/bin/win32/../../lib/thumb/v7em\libc.a(lib_a-memcpy-stub.o)
                0x200064c4                memcpy
 .text.memset   0x200065e4       0xa0 c:/users/tp/documents/multiradio/firmware/43xxx_wi-fi/tools/arm_gnu/bin/win32/../../lib/thumb/v7em\libc.a(lib_a-memset.o)
                0x200065e4                memset
                0x20006684                link_code_end = .
                0x20006684                . = ALIGN (0x4)
                0x20006684                link_const_variable_data_location = .
                0x20006684                wifi_firmware_image_location = .
 *(.rodata.wifi_firmware_image)
                0x20006684                wifi_firmware_image_end = .
 *(.rodata .rodata.* .gnu.linkonce.r.*)
 .rodata.stdio_config
                0x20006684        0x8 build/waf.sflash_write-NoOS-LSRSTERLING_00950-SDIO/libraries/Platform_LSRSTERLING_00950.a(platform.o)
 .rodata.wiced_spi_flash
                0x2000668c       0x10 build/waf.sflash_write-NoOS-LSRSTERLING_00950-SDIO/libraries/Platform_LSRSTERLING_00950.a(platform.o)
                0x2000668c                wiced_spi_flash
 .rodata.platform_gpio_pins
                0x2000669c      0x140 build/waf.sflash_write-NoOS-LSRSTERLING_00950-SDIO/libraries/Platform_LSRSTERLING_00950.a(platform.o)
                0x2000669c                platform_gpio_pins
 .rodata.platform_uart_peripherals
                0x200067dc       0x88 build/waf.sflash_write-NoOS-LSRSTERLING_00950-SDIO/libraries/Platform_LSRSTERLING_00950.a(platform.o)
                0x200067dc                platform_uart_peripherals
 .rodata.platform_spi_peripherals
                0x20006864       0x98 build/waf.sflash_write-NoOS-LSRSTERLING_00950-SDIO/libraries/Platform_LSRSTERLING_00950.a(platform.o)
                0x20006864                platform_spi_peripherals
 .rodata.gpio_peripheral_clocks
                0x200068fc       0x20 build/waf.sflash_write-NoOS-LSRSTERLING_00950-SDIO/libraries/STM32F4xx_Peripheral_Drivers.a(platform_gpio.o)
 .rodata.spi_peripheral_clock_functions
                0x2000691c       0x14 build/waf.sflash_write-NoOS-LSRSTERLING_00950-SDIO/libraries/STM32F4xx_Peripheral_Drivers.a(platform_spi.o)
 .rodata.spi_peripheral_clocks
                0x20006930       0x14 build/waf.sflash_write-NoOS-LSRSTERLING_00950-SDIO/libraries/STM32F4xx_Peripheral_Drivers.a(platform_spi.o)
 .rodata.spi_baudrate_prescalers
                0x20006944       0x20 build/waf.sflash_write-NoOS-LSRSTERLING_00950-SDIO/libraries/STM32F4xx_Peripheral_Drivers.a(platform_spi.o)
 .rodata.uart_irq_vectors
                0x20006964        0x3 build/waf.sflash_write-NoOS-LSRSTERLING_00950-SDIO/libraries/STM32F4xx_Peripheral_Drivers.a(platform_uart.o)
 .rodata.uart_alternate_functions
                0x20006967        0x3 build/waf.sflash_write-NoOS-LSRSTERLING_00950-SDIO/libraries/STM32F4xx_Peripheral_Drivers.a(platform_uart.o)
 *fill*         0x2000696a        0x2 
 .rodata.uart_peripheral_clocks
                0x2000696c        0xc build/waf.sflash_write-NoOS-LSRSTERLING_00950-SDIO/libraries/STM32F4xx_Peripheral_Drivers.a(platform_uart.o)
 .rodata.uart_peripheral_clock_functions
                0x20006978        0xc build/waf.sflash_write-NoOS-LSRSTERLING_00950-SDIO/libraries/STM32F4xx_Peripheral_Drivers.a(platform_uart.o)
                0x20006984                link_const_variable_data_end = .
                0x20006984                . = ALIGN (0x4)
                0x20006984                link_sleep_event_registrations_location = .
 *(.sleep_event_registrations.*)
                0x20006984                link_sleep_event_registrations_end = .
                0x20006984                . = ALIGN (0x4)
                0x20006984                link_constructors_location = .
 *(.preinit_array)
 *(.init_array)
 *crtbegin.o(.ctors)
 *(EXCLUDE_FILE(*crtend.o) .ctors)
 *(SORT(.ctors.*))
 *crtend.o(.ctors)
                0x20006984                link_constructors_end = .
                0x20006984                . = ALIGN (0x4)
                0x20006984                link_destructors_location = .
 *crtbegin.o(.dtors)
 *(EXCLUDE_FILE(*crtend.o) .dtors)
 *(SORT(.dtors.*))
 *crtend.o(.dtors)
                0x20006984                link_destructors_end = .
                0x20006990                . = ALIGN (0x10)
 *fill*         0x20006984        0xc 

.iplt           0x20006990        0x0
 .iplt          0x00000000        0x0 build/waf.sflash_write-NoOS-LSRSTERLING_00950-SDIO/Modules/./WICED/platform/MCU/STM32F4xx/../../ARM_CM4/crt0_GCC.o

.rel.dyn        0x20006990        0x0
 .rel.iplt      0x00000000        0x0 build/waf.sflash_write-NoOS-LSRSTERLING_00950-SDIO/Modules/./WICED/platform/MCU/STM32F4xx/../../ARM_CM4/crt0_GCC.o

.ARM.exidx      0x20006990        0x0
                0x20006990                __exidx_start = ALIGN (0x4)
 *(.ARM.exidx* .gnu.linkonce.armexidx.*)
                0x20006990                __exidx_end = .

.ARM.extab      0x20006990        0x0
                0x20006990                __extab_start = ALIGN (0x4)
 *(.ARM.extab*)
                0x20006990                __extab_end = .

.fast           0x20006990        0x0
                0x20006990                link_run_from_ram_code_flash_location = LOADADDR (.fast)
                0x20006990                link_run_from_ram_code_ram_location = .
 *(.fast .fast.* .text.fastcode)
                0x20006990                link_run_from_ram_code_ram_end = .

.data           0x20006990       0x54
                0x20006990                link_global_data_initial_values = LOADADDR (.data)
                0x20006990                link_global_data_start = .
 *(.data*)
 .data.wiced_bt_uart_driver
                0x20006990        0x4 build/waf.sflash_write-NoOS-LSRSTERLING_00950-SDIO/libraries/Platform_LSRSTERLING_00950.a(platform.o)
                0x20006990                wiced_bt_uart_driver
 .data.sflash_device_id_size
                0x20006994       0x40 build/waf.sflash_write-NoOS-LSRSTERLING_00950-SDIO/libraries/Lib_SPI_Flash_Library_LSRSTERLING_00950.a(spi_flash.o)
                0x20006994                sflash_device_id_size
 .data.APBAHBPrescTable
                0x200069d4       0x10 build/waf.sflash_write-NoOS-LSRSTERLING_00950-SDIO/libraries/STM32F4xx_Peripheral_Libraries.a(stm32f4xx_rcc.o)
                0x200069e4                link_global_data_end = .
                0x200069e4                . = ALIGN (., 0x4)

.igot.plt       0x200069e4        0x0
 .igot.plt      0x00000000        0x0 build/waf.sflash_write-NoOS-LSRSTERLING_00950-SDIO/Modules/./WICED/platform/MCU/STM32F4xx/../../ARM_CM4/crt0_GCC.o

.bss            0x200069e4     0x11f0
                0x200069e4                link_bss_location = ALIGN (., 0x4)
 *(.bss*)
 .bss.Rx_Buffer
                0x200069e4     0x100a build/waf.sflash_write-NoOS-LSRSTERLING_00950-SDIO/libraries/App_SFlash_write.a(sflash_write.o)
 *fill*         0x200079ee        0x2 
 .bss.platform_uart_drivers
                0x200079f0       0x30 build/waf.sflash_write-NoOS-LSRSTERLING_00950-SDIO/libraries/Platform_LSRSTERLING_00950.a(platform.o)
                0x200079f0                platform_uart_drivers
 .bss.internal_bt_uart_driver
                0x20007a20       0x18 build/waf.sflash_write-NoOS-LSRSTERLING_00950-SDIO/libraries/Platform_LSRSTERLING_00950.a(platform.o)
 .bss.noos_total_time
                0x20007a38        0x4 build/waf.sflash_write-NoOS-LSRSTERLING_00950-SDIO/libraries/WWD_NoOS_Interface.a(noos.o)
                0x20007a38                noos_total_time
 .bss.stdio_rx_data
                0x20007a3c       0x40 build/waf.sflash_write-NoOS-LSRSTERLING_00950-SDIO/libraries/STM32F4xx.a(platform_stdio.o)
 .bss.stdio_rx_mutex
                0x20007a7c        0x1 build/waf.sflash_write-NoOS-LSRSTERLING_00950-SDIO/libraries/STM32F4xx.a(platform_stdio.o)
 *fill*         0x20007a7d        0x3 
 .bss.stdio_driver
                0x20007a80        0x4 build/waf.sflash_write-NoOS-LSRSTERLING_00950-SDIO/libraries/STM32F4xx.a(platform_stdio.o)
 .bss.stdio_tx_mutex
                0x20007a84        0x1 build/waf.sflash_write-NoOS-LSRSTERLING_00950-SDIO/libraries/STM32F4xx.a(platform_stdio.o)
 *fill*         0x20007a85        0x3 
 .bss.stdio_rx_buffer
                0x20007a88       0x10 build/waf.sflash_write-NoOS-LSRSTERLING_00950-SDIO/libraries/STM32F4xx.a(platform_stdio.o)
 .bss.gpio_irq_data
                0x20007a98       0xc0 build/waf.sflash_write-NoOS-LSRSTERLING_00950-SDIO/libraries/STM32F4xx_Peripheral_Drivers.a(platform_gpio.o)
 .bss.dummy     0x20007b58        0x4 build/waf.sflash_write-NoOS-LSRSTERLING_00950-SDIO/libraries/STM32F4xx_Peripheral_Drivers.a(platform_spi.o)
                0x20007b58                dummy
 .bss.spi_current_config
                0x20007b5c       0x78 build/waf.sflash_write-NoOS-LSRSTERLING_00950-SDIO/libraries/STM32F4xx_Peripheral_Drivers.a(platform_spi.o)
 *(COMMON)
                0x20007bd4                link_bss_end = .
                0x20007bd4                . = ALIGN (., 0x4)

.stack          0x20007bd4     0x13a0
                0x20007bd4                link_stack_location = ALIGN (., 0x4)
 *(.stack)
                0x20008f74                . = ALIGN (MAX ((link_stack_location + __STACKSIZE__), .), 0x4)
 *fill*         0x20007bd4     0x13a0 
                0x20008f74                link_stack_end = .

/DISCARD/
 *(.ARM.attributes*)
 *(.comment)
 *(.init)
 *(.preinit)
 *(.fini)
 *(.fini_array)
 *(.ARM.exidx*)
 *(.gnu.linkonce.armexidx.*)
 *(.eh_frame_hdr)
 *(.eh_frame)
 *(.gnu.linkonce.armextab.*)
 *(.v4_bx)
 *(.vfp11_veneer)
 *(.gcc_except_table)
 *(.eh_frame_hdr)
 *(.eh_frame)
 *(.glue*)
                0x20008f74                PROVIDE (_heap, link_stack_end)
                0x2001fff8                PROVIDE (_eheap, ALIGN (((ORIGIN (SRAM) + 0x20000) - 0x8), 0x8))
                0x000069e4                PROVIDE (total_app_image_size, (((LOADADDR (.data) - ORIGIN (SRAM)) + link_global_data_end) - link_global_data_start))
                0x00000000                PROVIDE (wifi_firmware_image_size_from_link, (wifi_firmware_image_end - wifi_firmware_image_location))
                0x00004400                PROVIDE (vectors_offset, (link_interrupt_vectors_location - bootloader_app_header_location))
                0x20008f74                PROVIDE (__RAM_segment_used_end__, link_stack_end)
                0x20008f74                PROVIDE (__tx_free_memory_start, link_stack_end)
                0x20004200                PROVIDE (__tx_vectors, link_interrupt_vectors_location)
                0x00000000                PROVIDE (wifi_firmware_image, 0x0)
                0x08000200                PROVIDE (shared_api_addr_loc, ORIGIN (SHARED_API))
START GROUP
LOAD build/waf.sflash_write-NoOS-LSRSTERLING_00950-SDIO/Modules/./WICED/platform/MCU/STM32F4xx/../../ARM_CM4/crt0_GCC.o
LOAD build/waf.sflash_write-NoOS-LSRSTERLING_00950-SDIO/Modules/./WICED/platform/MCU/STM32F4xx/../../ARM_CM4/hardfault_handler.o
LOAD build/waf.sflash_write-NoOS-LSRSTERLING_00950-SDIO/Modules/./WICED/platform/MCU/STM32F4xx/platform_vector_table.o
LOAD build/waf.sflash_write-NoOS-LSRSTERLING_00950-SDIO/Modules/WICED/platform/GCC/mem_newlib.o
LOAD build/waf.sflash_write-NoOS-LSRSTERLING_00950-SDIO/Modules/WICED/platform/GCC/time_newlib.o
LOAD build/waf.sflash_write-NoOS-LSRSTERLING_00950-SDIO/Modules/WICED/platform/GCC/stdio_newlib.o
LOAD build/waf.sflash_write-NoOS-LSRSTERLING_00950-SDIO/libraries/App_SFlash_write.a
LOAD build/waf.sflash_write-NoOS-LSRSTERLING_00950-SDIO/libraries/Platform_LSRSTERLING_00950.a
LOAD build/waf.sflash_write-NoOS-LSRSTERLING_00950-SDIO/libraries/WICED.a
LOAD build/waf.sflash_write-NoOS-LSRSTERLING_00950-SDIO/libraries/WWD_NoOS_Interface.a
LOAD build/waf.sflash_write-NoOS-LSRSTERLING_00950-SDIO/libraries/Lib_SPI_Flash_Library_LSRSTERLING_00950.a
LOAD build/waf.sflash_write-NoOS-LSRSTERLING_00950-SDIO/libraries/Lib_GPIO_button.a
LOAD build/waf.sflash_write-NoOS-LSRSTERLING_00950-SDIO/libraries/Lib_Wiced_RO_FS.a
LOAD build/waf.sflash_write-NoOS-LSRSTERLING_00950-SDIO/libraries/STM32F4xx.a
LOAD build/waf.sflash_write-NoOS-LSRSTERLING_00950-SDIO/libraries/common_GCC.a
LOAD build/waf.sflash_write-NoOS-LSRSTERLING_00950-SDIO/libraries/STM32F4xx_Peripheral_Drivers.a
LOAD build/waf.sflash_write-NoOS-LSRSTERLING_00950-SDIO/libraries/Lib_Ring_Buffer.a
LOAD build/waf.sflash_write-NoOS-LSRSTERLING_00950-SDIO/libraries/Lib_crc.a
LOAD build/waf.sflash_write-NoOS-LSRSTERLING_00950-SDIO/libraries/STM32F4xx_Peripheral_Libraries.a
END GROUP
                0x000013a0                __STACKSIZE__ = 0x13a0
LOAD c:/users/tp/documents/multiradio/firmware/43xxx_wi-fi/tools/arm_gnu/bin/win32/../../lib/thumb/v7em\libstdc++.a
LOAD c:/users/tp/documents/multiradio/firmware/43xxx_wi-fi/tools/arm_gnu/bin/win32/../../lib/thumb/v7em\libm.a
START GROUP
LOAD c:/users/tp/documents/multiradio/firmware/43xxx_wi-fi/tools/arm_gnu/bin/win32/../../lib/thumb/v7em\libgcc.a
LOAD c:/users/tp/documents/multiradio/firmware/43xxx_wi-fi/tools/arm_gnu/bin/win32/../../lib/thumb/v7em\libc.a
END GROUP
OUTPUT(build/waf.sflash_write-NoOS-LSRSTERLING_00950-SDIO/binary/waf.sflash_write-NoOS-LSRSTERLING_00950-SDIO.elf elf32-littlearm)

.debug_info     0x00000000    0x1aaaf
 .debug_info    0x00000000      0x5a4 build/waf.sflash_write-NoOS-LSRSTERLING_00950-SDIO/Modules/./WICED/platform/MCU/STM32F4xx/../../ARM_CM4/crt0_GCC.o
 .debug_info    0x000005a4       0xcc build/waf.sflash_write-NoOS-LSRSTERLING_00950-SDIO/Modules/./WICED/platform/MCU/STM32F4xx/platform_vector_table.o
 .debug_info    0x00000670      0x8f8 build/waf.sflash_write-NoOS-LSRSTERLING_00950-SDIO/libraries/App_SFlash_write.a(sflash_write.o)
 .debug_info    0x00000f68     0x2248 build/waf.sflash_write-NoOS-LSRSTERLING_00950-SDIO/libraries/Platform_LSRSTERLING_00950.a(platform.o)
 .debug_info    0x000031b0      0x791 build/waf.sflash_write-NoOS-LSRSTERLING_00950-SDIO/libraries/WWD_NoOS_Interface.a(wwd_rtos.o)
 .debug_info    0x00003941      0x6ff build/waf.sflash_write-NoOS-LSRSTERLING_00950-SDIO/libraries/WWD_NoOS_Interface.a(noos.o)
 .debug_info    0x00004040      0xea5 build/waf.sflash_write-NoOS-LSRSTERLING_00950-SDIO/libraries/Lib_SPI_Flash_Library_LSRSTERLING_00950.a(spi_flash.o)
 .debug_info    0x00004ee5      0xf8f build/waf.sflash_write-NoOS-LSRSTERLING_00950-SDIO/libraries/Lib_SPI_Flash_Library_LSRSTERLING_00950.a(spi_flash_wiced.o)
 .debug_info    0x00005e74     0x1b23 build/waf.sflash_write-NoOS-LSRSTERLING_00950-SDIO/libraries/STM32F4xx.a(platform_stdio.o)
 .debug_info    0x00007997     0x3f17 build/waf.sflash_write-NoOS-LSRSTERLING_00950-SDIO/libraries/STM32F4xx.a(wiced_platform_common.o)
 .debug_info    0x0000b8ae     0x12c7 build/waf.sflash_write-NoOS-LSRSTERLING_00950-SDIO/libraries/STM32F4xx.a(platform_init.o)
 .debug_info    0x0000cb75      0x279 build/waf.sflash_write-NoOS-LSRSTERLING_00950-SDIO/libraries/STM32F4xx.a(platform_unhandled_isr.o)
 .debug_info    0x0000cdee     0x123c build/waf.sflash_write-NoOS-LSRSTERLING_00950-SDIO/libraries/STM32F4xx_Peripheral_Drivers.a(platform_gpio.o)
 .debug_info    0x0000e02a      0x1fe build/waf.sflash_write-NoOS-LSRSTERLING_00950-SDIO/libraries/STM32F4xx_Peripheral_Drivers.a(platform_mcu_powersave.o)
 .debug_info    0x0000e228     0x1c44 build/waf.sflash_write-NoOS-LSRSTERLING_00950-SDIO/libraries/STM32F4xx_Peripheral_Drivers.a(platform_spi.o)
 .debug_info    0x0000fe6c     0x28a9 build/waf.sflash_write-NoOS-LSRSTERLING_00950-SDIO/libraries/STM32F4xx_Peripheral_Drivers.a(platform_uart.o)
 .debug_info    0x00012715      0xc45 build/waf.sflash_write-NoOS-LSRSTERLING_00950-SDIO/libraries/STM32F4xx_Peripheral_Drivers.a(platform_watchdog.o)
 .debug_info    0x0001335a     0x1017 build/waf.sflash_write-NoOS-LSRSTERLING_00950-SDIO/libraries/Lib_Ring_Buffer.a(ring_buffer.o)
 .debug_info    0x00014371      0x524 build/waf.sflash_write-NoOS-LSRSTERLING_00950-SDIO/libraries/STM32F4xx_Peripheral_Libraries.a(misc.o)
 .debug_info    0x00014895      0x71c build/waf.sflash_write-NoOS-LSRSTERLING_00950-SDIO/libraries/STM32F4xx_Peripheral_Libraries.a(stm32f4xx_dma.o)
 .debug_info    0x00014fb1      0xa23 build/waf.sflash_write-NoOS-LSRSTERLING_00950-SDIO/libraries/STM32F4xx_Peripheral_Libraries.a(stm32f4xx_flash.o)
 .debug_info    0x000159d4      0x71b build/waf.sflash_write-NoOS-LSRSTERLING_00950-SDIO/libraries/STM32F4xx_Peripheral_Libraries.a(stm32f4xx_gpio.o)
 .debug_info    0x000160ef      0x1e1 build/waf.sflash_write-NoOS-LSRSTERLING_00950-SDIO/libraries/STM32F4xx_Peripheral_Libraries.a(stm32f4xx_iwdg.o)
 .debug_info    0x000162d0      0xd64 build/waf.sflash_write-NoOS-LSRSTERLING_00950-SDIO/libraries/STM32F4xx_Peripheral_Libraries.a(stm32f4xx_rcc.o)
 .debug_info    0x00017034      0xbf4 build/waf.sflash_write-NoOS-LSRSTERLING_00950-SDIO/libraries/STM32F4xx_Peripheral_Libraries.a(stm32f4xx_spi.o)
 .debug_info    0x00017c28     0x204f build/waf.sflash_write-NoOS-LSRSTERLING_00950-SDIO/libraries/STM32F4xx_Peripheral_Libraries.a(stm32f4xx_tim.o)
 .debug_info    0x00019c77      0xadd build/waf.sflash_write-NoOS-LSRSTERLING_00950-SDIO/libraries/STM32F4xx_Peripheral_Libraries.a(stm32f4xx_usart.o)
 .debug_info    0x0001a754      0x113 c:/users/tp/documents/multiradio/firmware/43xxx_wi-fi/tools/arm_gnu/bin/win32/../../lib/thumb/v7em\libc.a(lib_a-memcmp.o)
 .debug_info    0x0001a867      0x131 c:/users/tp/documents/multiradio/firmware/43xxx_wi-fi/tools/arm_gnu/bin/win32/../../lib/thumb/v7em\libc.a(lib_a-memcpy-stub.o)
 .debug_info    0x0001a998      0x117 c:/users/tp/documents/multiradio/firmware/43xxx_wi-fi/tools/arm_gnu/bin/win32/../../lib/thumb/v7em\libc.a(lib_a-memset.o)

.debug_abbrev   0x00000000     0x37af
 .debug_abbrev  0x00000000      0x195 build/waf.sflash_write-NoOS-LSRSTERLING_00950-SDIO/Modules/./WICED/platform/MCU/STM32F4xx/../../ARM_CM4/crt0_GCC.o
 .debug_abbrev  0x00000195       0x8d build/waf.sflash_write-NoOS-LSRSTERLING_00950-SDIO/Modules/./WICED/platform/MCU/STM32F4xx/platform_vector_table.o
 .debug_abbrev  0x00000222      0x221 build/waf.sflash_write-NoOS-LSRSTERLING_00950-SDIO/libraries/App_SFlash_write.a(sflash_write.o)
 .debug_abbrev  0x00000443      0x29b build/waf.sflash_write-NoOS-LSRSTERLING_00950-SDIO/libraries/Platform_LSRSTERLING_00950.a(platform.o)
 .debug_abbrev  0x000006de      0x18f build/waf.sflash_write-NoOS-LSRSTERLING_00950-SDIO/libraries/WWD_NoOS_Interface.a(wwd_rtos.o)
 .debug_abbrev  0x0000086d      0x18c build/waf.sflash_write-NoOS-LSRSTERLING_00950-SDIO/libraries/WWD_NoOS_Interface.a(noos.o)
 .debug_abbrev  0x000009f9      0x2e3 build/waf.sflash_write-NoOS-LSRSTERLING_00950-SDIO/libraries/Lib_SPI_Flash_Library_LSRSTERLING_00950.a(spi_flash.o)
 .debug_abbrev  0x00000cdc      0x160 build/waf.sflash_write-NoOS-LSRSTERLING_00950-SDIO/libraries/Lib_SPI_Flash_Library_LSRSTERLING_00950.a(spi_flash_wiced.o)
 .debug_abbrev  0x00000e3c      0x1dd build/waf.sflash_write-NoOS-LSRSTERLING_00950-SDIO/libraries/STM32F4xx.a(platform_stdio.o)
 .debug_abbrev  0x00001019      0x312 build/waf.sflash_write-NoOS-LSRSTERLING_00950-SDIO/libraries/STM32F4xx.a(wiced_platform_common.o)
 .debug_abbrev  0x0000132b      0x2f6 build/waf.sflash_write-NoOS-LSRSTERLING_00950-SDIO/libraries/STM32F4xx.a(platform_init.o)
 .debug_abbrev  0x00001621       0xe3 build/waf.sflash_write-NoOS-LSRSTERLING_00950-SDIO/libraries/STM32F4xx.a(platform_unhandled_isr.o)
 .debug_abbrev  0x00001704      0x313 build/waf.sflash_write-NoOS-LSRSTERLING_00950-SDIO/libraries/STM32F4xx_Peripheral_Drivers.a(platform_gpio.o)
 .debug_abbrev  0x00001a17      0x112 build/waf.sflash_write-NoOS-LSRSTERLING_00950-SDIO/libraries/STM32F4xx_Peripheral_Drivers.a(platform_mcu_powersave.o)
 .debug_abbrev  0x00001b29      0x3f1 build/waf.sflash_write-NoOS-LSRSTERLING_00950-SDIO/libraries/STM32F4xx_Peripheral_Drivers.a(platform_spi.o)
 .debug_abbrev  0x00001f1a      0x34f build/waf.sflash_write-NoOS-LSRSTERLING_00950-SDIO/libraries/STM32F4xx_Peripheral_Drivers.a(platform_uart.o)
 .debug_abbrev  0x00002269      0x258 build/waf.sflash_write-NoOS-LSRSTERLING_00950-SDIO/libraries/STM32F4xx_Peripheral_Drivers.a(platform_watchdog.o)
 .debug_abbrev  0x000024c1      0x12f build/waf.sflash_write-NoOS-LSRSTERLING_00950-SDIO/libraries/Lib_Ring_Buffer.a(ring_buffer.o)
 .debug_abbrev  0x000025f0      0x156 build/waf.sflash_write-NoOS-LSRSTERLING_00950-SDIO/libraries/STM32F4xx_Peripheral_Libraries.a(misc.o)
 .debug_abbrev  0x00002746      0x175 build/waf.sflash_write-NoOS-LSRSTERLING_00950-SDIO/libraries/STM32F4xx_Peripheral_Libraries.a(stm32f4xx_dma.o)
 .debug_abbrev  0x000028bb      0x1cc build/waf.sflash_write-NoOS-LSRSTERLING_00950-SDIO/libraries/STM32F4xx_Peripheral_Libraries.a(stm32f4xx_flash.o)
 .debug_abbrev  0x00002a87      0x1e8 build/waf.sflash_write-NoOS-LSRSTERLING_00950-SDIO/libraries/STM32F4xx_Peripheral_Libraries.a(stm32f4xx_gpio.o)
 .debug_abbrev  0x00002c6f      0x112 build/waf.sflash_write-NoOS-LSRSTERLING_00950-SDIO/libraries/STM32F4xx_Peripheral_Libraries.a(stm32f4xx_iwdg.o)
 .debug_abbrev  0x00002d81      0x1e2 build/waf.sflash_write-NoOS-LSRSTERLING_00950-SDIO/libraries/STM32F4xx_Peripheral_Libraries.a(stm32f4xx_rcc.o)
 .debug_abbrev  0x00002f63      0x1e7 build/waf.sflash_write-NoOS-LSRSTERLING_00950-SDIO/libraries/STM32F4xx_Peripheral_Libraries.a(stm32f4xx_spi.o)
 .debug_abbrev  0x0000314a      0x2af build/waf.sflash_write-NoOS-LSRSTERLING_00950-SDIO/libraries/STM32F4xx_Peripheral_Libraries.a(stm32f4xx_tim.o)
 .debug_abbrev  0x000033f9      0x1ed build/waf.sflash_write-NoOS-LSRSTERLING_00950-SDIO/libraries/STM32F4xx_Peripheral_Libraries.a(stm32f4xx_usart.o)
 .debug_abbrev  0x000035e6       0x7f c:/users/tp/documents/multiradio/firmware/43xxx_wi-fi/tools/arm_gnu/bin/win32/../../lib/thumb/v7em\libc.a(lib_a-memcmp.o)
 .debug_abbrev  0x00003665       0xab c:/users/tp/documents/multiradio/firmware/43xxx_wi-fi/tools/arm_gnu/bin/win32/../../lib/thumb/v7em\libc.a(lib_a-memcpy-stub.o)
 .debug_abbrev  0x00003710       0x9f c:/users/tp/documents/multiradio/firmware/43xxx_wi-fi/tools/arm_gnu/bin/win32/../../lib/thumb/v7em\libc.a(lib_a-memset.o)

.debug_loc      0x00000000     0x88be
 .debug_loc     0x00000000       0x1f build/waf.sflash_write-NoOS-LSRSTERLING_00950-SDIO/Modules/./WICED/platform/MCU/STM32F4xx/../../ARM_CM4/crt0_GCC.o
 .debug_loc     0x0000001f      0x194 build/waf.sflash_write-NoOS-LSRSTERLING_00950-SDIO/libraries/App_SFlash_write.a(sflash_write.o)
 .debug_loc     0x000001b3       0x35 build/waf.sflash_write-NoOS-LSRSTERLING_00950-SDIO/libraries/Platform_LSRSTERLING_00950.a(platform.o)
 .debug_loc     0x000001e8      0x1ef build/waf.sflash_write-NoOS-LSRSTERLING_00950-SDIO/libraries/WWD_NoOS_Interface.a(wwd_rtos.o)
 .debug_loc     0x000003d7      0x780 build/waf.sflash_write-NoOS-LSRSTERLING_00950-SDIO/libraries/Lib_SPI_Flash_Library_LSRSTERLING_00950.a(spi_flash.o)
 .debug_loc     0x00000b57       0xb0 build/waf.sflash_write-NoOS-LSRSTERLING_00950-SDIO/libraries/Lib_SPI_Flash_Library_LSRSTERLING_00950.a(spi_flash_wiced.o)
 .debug_loc     0x00000c07      0x209 build/waf.sflash_write-NoOS-LSRSTERLING_00950-SDIO/libraries/STM32F4xx.a(platform_stdio.o)
 .debug_loc     0x00000e10     0x1037 build/waf.sflash_write-NoOS-LSRSTERLING_00950-SDIO/libraries/STM32F4xx.a(wiced_platform_common.o)
 .debug_loc     0x00001e47      0x19d build/waf.sflash_write-NoOS-LSRSTERLING_00950-SDIO/libraries/STM32F4xx.a(platform_init.o)
 .debug_loc     0x00001fe4      0x693 build/waf.sflash_write-NoOS-LSRSTERLING_00950-SDIO/libraries/STM32F4xx_Peripheral_Drivers.a(platform_gpio.o)
 .debug_loc     0x00002677       0x21 build/waf.sflash_write-NoOS-LSRSTERLING_00950-SDIO/libraries/STM32F4xx_Peripheral_Drivers.a(platform_mcu_powersave.o)
 .debug_loc     0x00002698      0xa90 build/waf.sflash_write-NoOS-LSRSTERLING_00950-SDIO/libraries/STM32F4xx_Peripheral_Drivers.a(platform_spi.o)
 .debug_loc     0x00003128      0x7bb build/waf.sflash_write-NoOS-LSRSTERLING_00950-SDIO/libraries/STM32F4xx_Peripheral_Drivers.a(platform_uart.o)
 .debug_loc     0x000038e3       0x14 build/waf.sflash_write-NoOS-LSRSTERLING_00950-SDIO/libraries/STM32F4xx_Peripheral_Drivers.a(platform_watchdog.o)
 .debug_loc     0x000038f7      0x33d build/waf.sflash_write-NoOS-LSRSTERLING_00950-SDIO/libraries/Lib_Ring_Buffer.a(ring_buffer.o)
 .debug_loc     0x00003c34      0x154 build/waf.sflash_write-NoOS-LSRSTERLING_00950-SDIO/libraries/STM32F4xx_Peripheral_Libraries.a(misc.o)
 .debug_loc     0x00003d88      0x481 build/waf.sflash_write-NoOS-LSRSTERLING_00950-SDIO/libraries/STM32F4xx_Peripheral_Libraries.a(stm32f4xx_dma.o)
 .debug_loc     0x00004209      0x807 build/waf.sflash_write-NoOS-LSRSTERLING_00950-SDIO/libraries/STM32F4xx_Peripheral_Libraries.a(stm32f4xx_flash.o)
 .debug_loc     0x00004a10      0x37f build/waf.sflash_write-NoOS-LSRSTERLING_00950-SDIO/libraries/STM32F4xx_Peripheral_Libraries.a(stm32f4xx_gpio.o)
 .debug_loc     0x00004d8f       0x62 build/waf.sflash_write-NoOS-LSRSTERLING_00950-SDIO/libraries/STM32F4xx_Peripheral_Libraries.a(stm32f4xx_iwdg.o)
 .debug_loc     0x00004df1      0xa6d build/waf.sflash_write-NoOS-LSRSTERLING_00950-SDIO/libraries/STM32F4xx_Peripheral_Libraries.a(stm32f4xx_rcc.o)
 .debug_loc     0x0000585e      0x691 build/waf.sflash_write-NoOS-LSRSTERLING_00950-SDIO/libraries/STM32F4xx_Peripheral_Libraries.a(stm32f4xx_spi.o)
 .debug_loc     0x00005eef     0x1bea build/waf.sflash_write-NoOS-LSRSTERLING_00950-SDIO/libraries/STM32F4xx_Peripheral_Libraries.a(stm32f4xx_tim.o)
 .debug_loc     0x00007ad9      0x790 build/waf.sflash_write-NoOS-LSRSTERLING_00950-SDIO/libraries/STM32F4xx_Peripheral_Libraries.a(stm32f4xx_usart.o)
 .debug_loc     0x00008269      0x14e c:/users/tp/documents/multiradio/firmware/43xxx_wi-fi/tools/arm_gnu/bin/win32/../../lib/thumb/v7em\libc.a(lib_a-memcmp.o)
 .debug_loc     0x000083b7      0x300 c:/users/tp/documents/multiradio/firmware/43xxx_wi-fi/tools/arm_gnu/bin/win32/../../lib/thumb/v7em\libc.a(lib_a-memcpy-stub.o)
 .debug_loc     0x000086b7      0x207 c:/users/tp/documents/multiradio/firmware/43xxx_wi-fi/tools/arm_gnu/bin/win32/../../lib/thumb/v7em\libc.a(lib_a-memset.o)

.debug_aranges  0x00000000     0x1128
 .debug_aranges
                0x00000000       0x28 build/waf.sflash_write-NoOS-LSRSTERLING_00950-SDIO/Modules/./WICED/platform/MCU/STM32F4xx/../../ARM_CM4/crt0_GCC.o
 .debug_aranges
                0x00000028       0x18 build/waf.sflash_write-NoOS-LSRSTERLING_00950-SDIO/Modules/./WICED/platform/MCU/STM32F4xx/platform_vector_table.o
 .debug_aranges
                0x00000040       0x20 build/waf.sflash_write-NoOS-LSRSTERLING_00950-SDIO/libraries/App_SFlash_write.a(sflash_write.o)
 .debug_aranges
                0x00000060       0x68 build/waf.sflash_write-NoOS-LSRSTERLING_00950-SDIO/libraries/Platform_LSRSTERLING_00950.a(platform.o)
 .debug_aranges
                0x000000c8       0x70 build/waf.sflash_write-NoOS-LSRSTERLING_00950-SDIO/libraries/WWD_NoOS_Interface.a(wwd_rtos.o)
 .debug_aranges
                0x00000138       0x38 build/waf.sflash_write-NoOS-LSRSTERLING_00950-SDIO/libraries/WWD_NoOS_Interface.a(noos.o)
 .debug_aranges
                0x00000170       0xa0 build/waf.sflash_write-NoOS-LSRSTERLING_00950-SDIO/libraries/Lib_SPI_Flash_Library_LSRSTERLING_00950.a(spi_flash.o)
 .debug_aranges
                0x00000210       0x30 build/waf.sflash_write-NoOS-LSRSTERLING_00950-SDIO/libraries/Lib_SPI_Flash_Library_LSRSTERLING_00950.a(spi_flash_wiced.o)
 .debug_aranges
                0x00000240       0x38 build/waf.sflash_write-NoOS-LSRSTERLING_00950-SDIO/libraries/STM32F4xx.a(platform_stdio.o)
 .debug_aranges
                0x00000278      0x200 build/waf.sflash_write-NoOS-LSRSTERLING_00950-SDIO/libraries/STM32F4xx.a(wiced_platform_common.o)
 .debug_aranges
                0x00000478       0x60 build/waf.sflash_write-NoOS-LSRSTERLING_00950-SDIO/libraries/STM32F4xx.a(platform_init.o)
 .debug_aranges
                0x000004d8       0x20 build/waf.sflash_write-NoOS-LSRSTERLING_00950-SDIO/libraries/STM32F4xx.a(platform_unhandled_isr.o)
 .debug_aranges
                0x000004f8       0x78 build/waf.sflash_write-NoOS-LSRSTERLING_00950-SDIO/libraries/STM32F4xx_Peripheral_Drivers.a(platform_gpio.o)
 .debug_aranges
                0x00000570       0x48 build/waf.sflash_write-NoOS-LSRSTERLING_00950-SDIO/libraries/STM32F4xx_Peripheral_Drivers.a(platform_mcu_powersave.o)
 .debug_aranges
                0x000005b8       0x78 build/waf.sflash_write-NoOS-LSRSTERLING_00950-SDIO/libraries/STM32F4xx_Peripheral_Drivers.a(platform_spi.o)
 .debug_aranges
                0x00000630       0x88 build/waf.sflash_write-NoOS-LSRSTERLING_00950-SDIO/libraries/STM32F4xx_Peripheral_Drivers.a(platform_uart.o)
 .debug_aranges
                0x000006b8       0x38 build/waf.sflash_write-NoOS-LSRSTERLING_00950-SDIO/libraries/STM32F4xx_Peripheral_Drivers.a(platform_watchdog.o)
 .debug_aranges
                0x000006f0       0x60 build/waf.sflash_write-NoOS-LSRSTERLING_00950-SDIO/libraries/Lib_Ring_Buffer.a(ring_buffer.o)
 .debug_aranges
                0x00000750       0x40 build/waf.sflash_write-NoOS-LSRSTERLING_00950-SDIO/libraries/STM32F4xx_Peripheral_Libraries.a(misc.o)
 .debug_aranges
                0x00000790       0xb0 build/waf.sflash_write-NoOS-LSRSTERLING_00950-SDIO/libraries/STM32F4xx_Peripheral_Libraries.a(stm32f4xx_dma.o)
 .debug_aranges
                0x00000840      0x158 build/waf.sflash_write-NoOS-LSRSTERLING_00950-SDIO/libraries/STM32F4xx_Peripheral_Libraries.a(stm32f4xx_flash.o)
 .debug_aranges
                0x00000998       0x88 build/waf.sflash_write-NoOS-LSRSTERLING_00950-SDIO/libraries/STM32F4xx_Peripheral_Libraries.a(stm32f4xx_gpio.o)
 .debug_aranges
                0x00000a20       0x48 build/waf.sflash_write-NoOS-LSRSTERLING_00950-SDIO/libraries/STM32F4xx_Peripheral_Libraries.a(stm32f4xx_iwdg.o)
 .debug_aranges
                0x00000a68      0x198 build/waf.sflash_write-NoOS-LSRSTERLING_00950-SDIO/libraries/STM32F4xx_Peripheral_Libraries.a(stm32f4xx_rcc.o)
 .debug_aranges
                0x00000c00       0xe0 build/waf.sflash_write-NoOS-LSRSTERLING_00950-SDIO/libraries/STM32F4xx_Peripheral_Libraries.a(stm32f4xx_spi.o)
 .debug_aranges
                0x00000ce0      0x2e8 build/waf.sflash_write-NoOS-LSRSTERLING_00950-SDIO/libraries/STM32F4xx_Peripheral_Libraries.a(stm32f4xx_tim.o)
 .debug_aranges
                0x00000fc8      0x100 build/waf.sflash_write-NoOS-LSRSTERLING_00950-SDIO/libraries/STM32F4xx_Peripheral_Libraries.a(stm32f4xx_usart.o)
 .debug_aranges
                0x000010c8       0x20 c:/users/tp/documents/multiradio/firmware/43xxx_wi-fi/tools/arm_gnu/bin/win32/../../lib/thumb/v7em\libc.a(lib_a-memcmp.o)
 .debug_aranges
                0x000010e8       0x20 c:/users/tp/documents/multiradio/firmware/43xxx_wi-fi/tools/arm_gnu/bin/win32/../../lib/thumb/v7em\libc.a(lib_a-memcpy-stub.o)
 .debug_aranges
                0x00001108       0x20 c:/users/tp/documents/multiradio/firmware/43xxx_wi-fi/tools/arm_gnu/bin/win32/../../lib/thumb/v7em\libc.a(lib_a-memset.o)

.debug_ranges   0x00000000     0x1118
 .debug_ranges  0x00000000       0x18 build/waf.sflash_write-NoOS-LSRSTERLING_00950-SDIO/Modules/./WICED/platform/MCU/STM32F4xx/../../ARM_CM4/crt0_GCC.o
 .debug_ranges  0x00000018       0xb8 build/waf.sflash_write-NoOS-LSRSTERLING_00950-SDIO/libraries/App_SFlash_write.a(sflash_write.o)
 .debug_ranges  0x000000d0       0x58 build/waf.sflash_write-NoOS-LSRSTERLING_00950-SDIO/libraries/Platform_LSRSTERLING_00950.a(platform.o)
 .debug_ranges  0x00000128       0x60 build/waf.sflash_write-NoOS-LSRSTERLING_00950-SDIO/libraries/WWD_NoOS_Interface.a(wwd_rtos.o)
 .debug_ranges  0x00000188       0x28 build/waf.sflash_write-NoOS-LSRSTERLING_00950-SDIO/libraries/WWD_NoOS_Interface.a(noos.o)
 .debug_ranges  0x000001b0       0x90 build/waf.sflash_write-NoOS-LSRSTERLING_00950-SDIO/libraries/Lib_SPI_Flash_Library_LSRSTERLING_00950.a(spi_flash.o)
 .debug_ranges  0x00000240       0x20 build/waf.sflash_write-NoOS-LSRSTERLING_00950-SDIO/libraries/Lib_SPI_Flash_Library_LSRSTERLING_00950.a(spi_flash_wiced.o)
 .debug_ranges  0x00000260       0x28 build/waf.sflash_write-NoOS-LSRSTERLING_00950-SDIO/libraries/STM32F4xx.a(platform_stdio.o)
 .debug_ranges  0x00000288      0x1f0 build/waf.sflash_write-NoOS-LSRSTERLING_00950-SDIO/libraries/STM32F4xx.a(wiced_platform_common.o)
 .debug_ranges  0x00000478       0x68 build/waf.sflash_write-NoOS-LSRSTERLING_00950-SDIO/libraries/STM32F4xx.a(platform_init.o)
 .debug_ranges  0x000004e0       0x10 build/waf.sflash_write-NoOS-LSRSTERLING_00950-SDIO/libraries/STM32F4xx.a(platform_unhandled_isr.o)
 .debug_ranges  0x000004f0       0x80 build/waf.sflash_write-NoOS-LSRSTERLING_00950-SDIO/libraries/STM32F4xx_Peripheral_Drivers.a(platform_gpio.o)
 .debug_ranges  0x00000570       0x38 build/waf.sflash_write-NoOS-LSRSTERLING_00950-SDIO/libraries/STM32F4xx_Peripheral_Drivers.a(platform_mcu_powersave.o)
 .debug_ranges  0x000005a8       0x98 build/waf.sflash_write-NoOS-LSRSTERLING_00950-SDIO/libraries/STM32F4xx_Peripheral_Drivers.a(platform_spi.o)
 .debug_ranges  0x00000640      0x100 build/waf.sflash_write-NoOS-LSRSTERLING_00950-SDIO/libraries/STM32F4xx_Peripheral_Drivers.a(platform_uart.o)
 .debug_ranges  0x00000740       0x40 build/waf.sflash_write-NoOS-LSRSTERLING_00950-SDIO/libraries/STM32F4xx_Peripheral_Drivers.a(platform_watchdog.o)
 .debug_ranges  0x00000780       0x50 build/waf.sflash_write-NoOS-LSRSTERLING_00950-SDIO/libraries/Lib_Ring_Buffer.a(ring_buffer.o)
 .debug_ranges  0x000007d0       0x30 build/waf.sflash_write-NoOS-LSRSTERLING_00950-SDIO/libraries/STM32F4xx_Peripheral_Libraries.a(misc.o)
 .debug_ranges  0x00000800       0xa0 build/waf.sflash_write-NoOS-LSRSTERLING_00950-SDIO/libraries/STM32F4xx_Peripheral_Libraries.a(stm32f4xx_dma.o)
 .debug_ranges  0x000008a0      0x148 build/waf.sflash_write-NoOS-LSRSTERLING_00950-SDIO/libraries/STM32F4xx_Peripheral_Libraries.a(stm32f4xx_flash.o)
 .debug_ranges  0x000009e8       0x78 build/waf.sflash_write-NoOS-LSRSTERLING_00950-SDIO/libraries/STM32F4xx_Peripheral_Libraries.a(stm32f4xx_gpio.o)
 .debug_ranges  0x00000a60       0x38 build/waf.sflash_write-NoOS-LSRSTERLING_00950-SDIO/libraries/STM32F4xx_Peripheral_Libraries.a(stm32f4xx_iwdg.o)
 .debug_ranges  0x00000a98      0x188 build/waf.sflash_write-NoOS-LSRSTERLING_00950-SDIO/libraries/STM32F4xx_Peripheral_Libraries.a(stm32f4xx_rcc.o)
 .debug_ranges  0x00000c20       0xd0 build/waf.sflash_write-NoOS-LSRSTERLING_00950-SDIO/libraries/STM32F4xx_Peripheral_Libraries.a(stm32f4xx_spi.o)
 .debug_ranges  0x00000cf0      0x308 build/waf.sflash_write-NoOS-LSRSTERLING_00950-SDIO/libraries/STM32F4xx_Peripheral_Libraries.a(stm32f4xx_tim.o)
 .debug_ranges  0x00000ff8       0xf0 build/waf.sflash_write-NoOS-LSRSTERLING_00950-SDIO/libraries/STM32F4xx_Peripheral_Libraries.a(stm32f4xx_usart.o)
 .debug_ranges  0x000010e8       0x10 c:/users/tp/documents/multiradio/firmware/43xxx_wi-fi/tools/arm_gnu/bin/win32/../../lib/thumb/v7em\libc.a(lib_a-memcmp.o)
 .debug_ranges  0x000010f8       0x10 c:/users/tp/documents/multiradio/firmware/43xxx_wi-fi/tools/arm_gnu/bin/win32/../../lib/thumb/v7em\libc.a(lib_a-memcpy-stub.o)
 .debug_ranges  0x00001108       0x10 c:/users/tp/documents/multiradio/firmware/43xxx_wi-fi/tools/arm_gnu/bin/win32/../../lib/thumb/v7em\libc.a(lib_a-memset.o)

.debug_line     0x00000000     0x604b
 .debug_line    0x00000000      0x1ce build/waf.sflash_write-NoOS-LSRSTERLING_00950-SDIO/Modules/./WICED/platform/MCU/STM32F4xx/../../ARM_CM4/crt0_GCC.o
 .debug_line    0x000001ce       0xcc build/waf.sflash_write-NoOS-LSRSTERLING_00950-SDIO/Modules/./WICED/platform/MCU/STM32F4xx/platform_vector_table.o
 .debug_line    0x0000029a      0x2c7 build/waf.sflash_write-NoOS-LSRSTERLING_00950-SDIO/libraries/App_SFlash_write.a(sflash_write.o)
 .debug_line    0x00000561      0x390 build/waf.sflash_write-NoOS-LSRSTERLING_00950-SDIO/libraries/Platform_LSRSTERLING_00950.a(platform.o)
 .debug_line    0x000008f1      0x1ac build/waf.sflash_write-NoOS-LSRSTERLING_00950-SDIO/libraries/WWD_NoOS_Interface.a(wwd_rtos.o)
 .debug_line    0x00000a9d      0x17c build/waf.sflash_write-NoOS-LSRSTERLING_00950-SDIO/libraries/WWD_NoOS_Interface.a(noos.o)
 .debug_line    0x00000c19      0x2c5 build/waf.sflash_write-NoOS-LSRSTERLING_00950-SDIO/libraries/Lib_SPI_Flash_Library_LSRSTERLING_00950.a(spi_flash.o)
 .debug_line    0x00000ede      0x1c8 build/waf.sflash_write-NoOS-LSRSTERLING_00950-SDIO/libraries/Lib_SPI_Flash_Library_LSRSTERLING_00950.a(spi_flash_wiced.o)
 .debug_line    0x000010a6      0x301 build/waf.sflash_write-NoOS-LSRSTERLING_00950-SDIO/libraries/STM32F4xx.a(platform_stdio.o)
 .debug_line    0x000013a7      0x784 build/waf.sflash_write-NoOS-LSRSTERLING_00950-SDIO/libraries/STM32F4xx.a(wiced_platform_common.o)
 .debug_line    0x00001b2b      0x3f3 build/waf.sflash_write-NoOS-LSRSTERLING_00950-SDIO/libraries/STM32F4xx.a(platform_init.o)
 .debug_line    0x00001f1e      0x12a build/waf.sflash_write-NoOS-LSRSTERLING_00950-SDIO/libraries/STM32F4xx.a(platform_unhandled_isr.o)
 .debug_line    0x00002048      0x486 build/waf.sflash_write-NoOS-LSRSTERLING_00950-SDIO/libraries/STM32F4xx_Peripheral_Drivers.a(platform_gpio.o)
 .debug_line    0x000024ce      0x192 build/waf.sflash_write-NoOS-LSRSTERLING_00950-SDIO/libraries/STM32F4xx_Peripheral_Drivers.a(platform_mcu_powersave.o)
 .debug_line    0x00002660      0x559 build/waf.sflash_write-NoOS-LSRSTERLING_00950-SDIO/libraries/STM32F4xx_Peripheral_Drivers.a(platform_spi.o)
 .debug_line    0x00002bb9      0x611 build/waf.sflash_write-NoOS-LSRSTERLING_00950-SDIO/libraries/STM32F4xx_Peripheral_Drivers.a(platform_uart.o)
 .debug_line    0x000031ca      0x296 build/waf.sflash_write-NoOS-LSRSTERLING_00950-SDIO/libraries/STM32F4xx_Peripheral_Drivers.a(platform_watchdog.o)
 .debug_line    0x00003460      0x19a build/waf.sflash_write-NoOS-LSRSTERLING_00950-SDIO/libraries/Lib_Ring_Buffer.a(ring_buffer.o)
 .debug_line    0x000035fa      0x1cf build/waf.sflash_write-NoOS-LSRSTERLING_00950-SDIO/libraries/STM32F4xx_Peripheral_Libraries.a(misc.o)
 .debug_line    0x000037c9      0x35e build/waf.sflash_write-NoOS-LSRSTERLING_00950-SDIO/libraries/STM32F4xx_Peripheral_Libraries.a(stm32f4xx_dma.o)
 .debug_line    0x00003b27      0x4e7 build/waf.sflash_write-NoOS-LSRSTERLING_00950-SDIO/libraries/STM32F4xx_Peripheral_Libraries.a(stm32f4xx_flash.o)
 .debug_line    0x0000400e      0x2da build/waf.sflash_write-NoOS-LSRSTERLING_00950-SDIO/libraries/STM32F4xx_Peripheral_Libraries.a(stm32f4xx_gpio.o)
 .debug_line    0x000042e8      0x18e build/waf.sflash_write-NoOS-LSRSTERLING_00950-SDIO/libraries/STM32F4xx_Peripheral_Libraries.a(stm32f4xx_iwdg.o)
 .debug_line    0x00004476      0x559 build/waf.sflash_write-NoOS-LSRSTERLING_00950-SDIO/libraries/STM32F4xx_Peripheral_Libraries.a(stm32f4xx_rcc.o)
 .debug_line    0x000049cf      0x419 build/waf.sflash_write-NoOS-LSRSTERLING_00950-SDIO/libraries/STM32F4xx_Peripheral_Libraries.a(stm32f4xx_spi.o)
 .debug_line    0x00004de8      0xa69 build/waf.sflash_write-NoOS-LSRSTERLING_00950-SDIO/libraries/STM32F4xx_Peripheral_Libraries.a(stm32f4xx_tim.o)
 .debug_line    0x00005851      0x453 build/waf.sflash_write-NoOS-LSRSTERLING_00950-SDIO/libraries/STM32F4xx_Peripheral_Libraries.a(stm32f4xx_usart.o)
 .debug_line    0x00005ca4      0x126 c:/users/tp/documents/multiradio/firmware/43xxx_wi-fi/tools/arm_gnu/bin/win32/../../lib/thumb/v7em\libc.a(lib_a-memcmp.o)
 .debug_line    0x00005dca      0x151 c:/users/tp/documents/multiradio/firmware/43xxx_wi-fi/tools/arm_gnu/bin/win32/../../lib/thumb/v7em\libc.a(lib_a-memcpy-stub.o)
 .debug_line    0x00005f1b      0x130 c:/users/tp/documents/multiradio/firmware/43xxx_wi-fi/tools/arm_gnu/bin/win32/../../lib/thumb/v7em\libc.a(lib_a-memset.o)

.debug_str      0x00000000     0xa3f3
 .debug_str     0x00000000      0x485 build/waf.sflash_write-NoOS-LSRSTERLING_00950-SDIO/Modules/./WICED/platform/MCU/STM32F4xx/../../ARM_CM4/crt0_GCC.o
                                0x4db (size before relaxing)
 .debug_str     0x00000485       0x5b build/waf.sflash_write-NoOS-LSRSTERLING_00950-SDIO/Modules/./WICED/platform/MCU/STM32F4xx/platform_vector_table.o
                                0x1e3 (size before relaxing)
 .debug_str     0x000004e0      0x548 build/waf.sflash_write-NoOS-LSRSTERLING_00950-SDIO/libraries/App_SFlash_write.a(sflash_write.o)
                                0x8a9 (size before relaxing)
 .debug_str     0x00000a28     0x189d build/waf.sflash_write-NoOS-LSRSTERLING_00950-SDIO/libraries/Platform_LSRSTERLING_00950.a(platform.o)
                               0x1daa (size before relaxing)
 .debug_str     0x000022c5      0x54e build/waf.sflash_write-NoOS-LSRSTERLING_00950-SDIO/libraries/WWD_NoOS_Interface.a(wwd_rtos.o)
                                0xd08 (size before relaxing)
 .debug_str     0x00002813       0x84 build/waf.sflash_write-NoOS-LSRSTERLING_00950-SDIO/libraries/WWD_NoOS_Interface.a(noos.o)
                                0x72f (size before relaxing)
 .debug_str     0x00002897      0x5e6 build/waf.sflash_write-NoOS-LSRSTERLING_00950-SDIO/libraries/Lib_SPI_Flash_Library_LSRSTERLING_00950.a(spi_flash.o)
                                0x9ac (size before relaxing)
 .debug_str     0x00002e7d     0x2ee4 build/waf.sflash_write-NoOS-LSRSTERLING_00950-SDIO/libraries/Lib_SPI_Flash_Library_LSRSTERLING_00950.a(spi_flash_wiced.o)
                               0x340a (size before relaxing)
 .debug_str     0x00005d61      0x150 build/waf.sflash_write-NoOS-LSRSTERLING_00950-SDIO/libraries/STM32F4xx.a(platform_stdio.o)
                               0x44e5 (size before relaxing)
 .debug_str     0x00005eb1     0x119d build/waf.sflash_write-NoOS-LSRSTERLING_00950-SDIO/libraries/STM32F4xx.a(wiced_platform_common.o)
                               0x57d3 (size before relaxing)
 .debug_str     0x0000704e      0x402 build/waf.sflash_write-NoOS-LSRSTERLING_00950-SDIO/libraries/STM32F4xx.a(platform_init.o)
                               0x17d2 (size before relaxing)
 .debug_str     0x00007450       0x61 build/waf.sflash_write-NoOS-LSRSTERLING_00950-SDIO/libraries/STM32F4xx.a(platform_unhandled_isr.o)
                                0x267 (size before relaxing)
 .debug_str     0x000074b1      0x450 build/waf.sflash_write-NoOS-LSRSTERLING_00950-SDIO/libraries/STM32F4xx_Peripheral_Drivers.a(platform_gpio.o)
                               0x10bf (size before relaxing)
 .debug_str     0x00007901       0xcb build/waf.sflash_write-NoOS-LSRSTERLING_00950-SDIO/libraries/STM32F4xx_Peripheral_Drivers.a(platform_mcu_powersave.o)
                                0x46b (size before relaxing)
 .debug_str     0x000079cc      0x31a build/waf.sflash_write-NoOS-LSRSTERLING_00950-SDIO/libraries/STM32F4xx_Peripheral_Drivers.a(platform_spi.o)
                               0x1549 (size before relaxing)
 .debug_str     0x00007ce6      0x2ff build/waf.sflash_write-NoOS-LSRSTERLING_00950-SDIO/libraries/STM32F4xx_Peripheral_Drivers.a(platform_uart.o)
                               0x4b05 (size before relaxing)
 .debug_str     0x00007fe5      0x1f1 build/waf.sflash_write-NoOS-LSRSTERLING_00950-SDIO/libraries/STM32F4xx_Peripheral_Drivers.a(platform_watchdog.o)
                                0xb99 (size before relaxing)
 .debug_str     0x000081d6      0x105 build/waf.sflash_write-NoOS-LSRSTERLING_00950-SDIO/libraries/Lib_Ring_Buffer.a(ring_buffer.o)
                               0x313f (size before relaxing)
 .debug_str     0x000082db      0x15a build/waf.sflash_write-NoOS-LSRSTERLING_00950-SDIO/libraries/STM32F4xx_Peripheral_Libraries.a(misc.o)
                                0x3ee (size before relaxing)
 .debug_str     0x00008435      0x1fc build/waf.sflash_write-NoOS-LSRSTERLING_00950-SDIO/libraries/STM32F4xx_Peripheral_Libraries.a(stm32f4xx_dma.o)
                                0x561 (size before relaxing)
 .debug_str     0x00008631      0x4a2 build/waf.sflash_write-NoOS-LSRSTERLING_00950-SDIO/libraries/STM32F4xx_Peripheral_Libraries.a(stm32f4xx_flash.o)
                                0x6a9 (size before relaxing)
 .debug_str     0x00008ad3      0x19d build/waf.sflash_write-NoOS-LSRSTERLING_00950-SDIO/libraries/STM32F4xx_Peripheral_Libraries.a(stm32f4xx_gpio.o)
                                0x4dc (size before relaxing)
 .debug_str     0x00008c70       0x92 build/waf.sflash_write-NoOS-LSRSTERLING_00950-SDIO/libraries/STM32F4xx_Peripheral_Libraries.a(stm32f4xx_iwdg.o)
                                0x281 (size before relaxing)
 .debug_str     0x00008d02      0x499 build/waf.sflash_write-NoOS-LSRSTERLING_00950-SDIO/libraries/STM32F4xx_Peripheral_Libraries.a(stm32f4xx_rcc.o)
                                0x929 (size before relaxing)
 .debug_str     0x0000919b      0x284 build/waf.sflash_write-NoOS-LSRSTERLING_00950-SDIO/libraries/STM32F4xx_Peripheral_Libraries.a(stm32f4xx_spi.o)
                                0x6f2 (size before relaxing)
 .debug_str     0x0000941f      0xa30 build/waf.sflash_write-NoOS-LSRSTERLING_00950-SDIO/libraries/STM32F4xx_Peripheral_Libraries.a(stm32f4xx_tim.o)
                                0xe13 (size before relaxing)
 .debug_str     0x00009e4f      0x352 build/waf.sflash_write-NoOS-LSRSTERLING_00950-SDIO/libraries/STM32F4xx_Peripheral_Libraries.a(stm32f4xx_usart.o)
                                0x6e4 (size before relaxing)
 .debug_str     0x0000a1a1      0x134 c:/users/tp/documents/multiradio/firmware/43xxx_wi-fi/tools/arm_gnu/bin/win32/../../lib/thumb/v7em\libc.a(lib_a-memcmp.o)
                                0x1d4 (size before relaxing)
 .debug_str     0x0000a2d5       0xd3 c:/users/tp/documents/multiradio/firmware/43xxx_wi-fi/tools/arm_gnu/bin/win32/../../lib/thumb/v7em\libc.a(lib_a-memcpy-stub.o)
                                0x20d (size before relaxing)
 .debug_str     0x0000a3a8       0x4b c:/users/tp/documents/multiradio/firmware/43xxx_wi-fi/tools/arm_gnu/bin/win32/../../lib/thumb/v7em\libc.a(lib_a-memset.o)
                                0x1e8 (size before relaxing)

.debug_frame    0x00000000     0x271c
 .debug_frame   0x00000000       0x34 build/waf.sflash_write-NoOS-LSRSTERLING_00950-SDIO/Modules/./WICED/platform/MCU/STM32F4xx/../../ARM_CM4/crt0_GCC.o
 .debug_frame   0x00000034       0x40 build/waf.sflash_write-NoOS-LSRSTERLING_00950-SDIO/libraries/App_SFlash_write.a(sflash_write.o)
 .debug_frame   0x00000074      0x138 build/waf.sflash_write-NoOS-LSRSTERLING_00950-SDIO/libraries/Platform_LSRSTERLING_00950.a(platform.o)
 .debug_frame   0x000001ac       0xc8 build/waf.sflash_write-NoOS-LSRSTERLING_00950-SDIO/libraries/WWD_NoOS_Interface.a(wwd_rtos.o)
 .debug_frame   0x00000274       0x60 build/waf.sflash_write-NoOS-LSRSTERLING_00950-SDIO/libraries/WWD_NoOS_Interface.a(noos.o)
 .debug_frame   0x000002d4      0x1e0 build/waf.sflash_write-NoOS-LSRSTERLING_00950-SDIO/libraries/Lib_SPI_Flash_Library_LSRSTERLING_00950.a(spi_flash.o)
 .debug_frame   0x000004b4       0x58 build/waf.sflash_write-NoOS-LSRSTERLING_00950-SDIO/libraries/Lib_SPI_Flash_Library_LSRSTERLING_00950.a(spi_flash_wiced.o)
 .debug_frame   0x0000050c       0x9c build/waf.sflash_write-NoOS-LSRSTERLING_00950-SDIO/libraries/STM32F4xx.a(platform_stdio.o)
 .debug_frame   0x000005a8      0x52c build/waf.sflash_write-NoOS-LSRSTERLING_00950-SDIO/libraries/STM32F4xx.a(wiced_platform_common.o)
 .debug_frame   0x00000ad4       0xe0 build/waf.sflash_write-NoOS-LSRSTERLING_00950-SDIO/libraries/STM32F4xx.a(platform_init.o)
 .debug_frame   0x00000bb4       0x2c build/waf.sflash_write-NoOS-LSRSTERLING_00950-SDIO/libraries/STM32F4xx.a(platform_unhandled_isr.o)
 .debug_frame   0x00000be0      0x160 build/waf.sflash_write-NoOS-LSRSTERLING_00950-SDIO/libraries/STM32F4xx_Peripheral_Drivers.a(platform_gpio.o)
 .debug_frame   0x00000d40       0x70 build/waf.sflash_write-NoOS-LSRSTERLING_00950-SDIO/libraries/STM32F4xx_Peripheral_Drivers.a(platform_mcu_powersave.o)
 .debug_frame   0x00000db0      0x164 build/waf.sflash_write-NoOS-LSRSTERLING_00950-SDIO/libraries/STM32F4xx_Peripheral_Drivers.a(platform_spi.o)
 .debug_frame   0x00000f14      0x19c build/waf.sflash_write-NoOS-LSRSTERLING_00950-SDIO/libraries/STM32F4xx_Peripheral_Drivers.a(platform_uart.o)
 .debug_frame   0x000010b0       0x74 build/waf.sflash_write-NoOS-LSRSTERLING_00950-SDIO/libraries/STM32F4xx_Peripheral_Drivers.a(platform_watchdog.o)
 .debug_frame   0x00001124       0xdc build/waf.sflash_write-NoOS-LSRSTERLING_00950-SDIO/libraries/Lib_Ring_Buffer.a(ring_buffer.o)
 .debug_frame   0x00001200       0x60 build/waf.sflash_write-NoOS-LSRSTERLING_00950-SDIO/libraries/STM32F4xx_Peripheral_Libraries.a(misc.o)
 .debug_frame   0x00001260      0x168 build/waf.sflash_write-NoOS-LSRSTERLING_00950-SDIO/libraries/STM32F4xx_Peripheral_Libraries.a(stm32f4xx_dma.o)
 .debug_frame   0x000013c8      0x338 build/waf.sflash_write-NoOS-LSRSTERLING_00950-SDIO/libraries/STM32F4xx_Peripheral_Libraries.a(stm32f4xx_flash.o)
 .debug_frame   0x00001700      0x124 build/waf.sflash_write-NoOS-LSRSTERLING_00950-SDIO/libraries/STM32F4xx_Peripheral_Libraries.a(stm32f4xx_gpio.o)
 .debug_frame   0x00001824       0x70 build/waf.sflash_write-NoOS-LSRSTERLING_00950-SDIO/libraries/STM32F4xx_Peripheral_Libraries.a(stm32f4xx_iwdg.o)
 .debug_frame   0x00001894      0x328 build/waf.sflash_write-NoOS-LSRSTERLING_00950-SDIO/libraries/STM32F4xx_Peripheral_Libraries.a(stm32f4xx_rcc.o)
 .debug_frame   0x00001bbc      0x1e4 build/waf.sflash_write-NoOS-LSRSTERLING_00950-SDIO/libraries/STM32F4xx_Peripheral_Libraries.a(stm32f4xx_spi.o)
 .debug_frame   0x00001da0      0x6c0 build/waf.sflash_write-NoOS-LSRSTERLING_00950-SDIO/libraries/STM32F4xx_Peripheral_Libraries.a(stm32f4xx_tim.o)
 .debug_frame   0x00002460      0x220 build/waf.sflash_write-NoOS-LSRSTERLING_00950-SDIO/libraries/STM32F4xx_Peripheral_Libraries.a(stm32f4xx_usart.o)
 .debug_frame   0x00002680       0x38 c:/users/tp/documents/multiradio/firmware/43xxx_wi-fi/tools/arm_gnu/bin/win32/../../lib/thumb/v7em\libc.a(lib_a-memcmp.o)
 .debug_frame   0x000026b8       0x30 c:/users/tp/documents/multiradio/firmware/43xxx_wi-fi/tools/arm_gnu/bin/win32/../../lib/thumb/v7em\libc.a(lib_a-memcpy-stub.o)
 .debug_frame   0x000026e8       0x34 c:/users/tp/documents/multiradio/firmware/43xxx_wi-fi/tools/arm_gnu/bin/win32/../../lib/thumb/v7em\libc.a(lib_a-memset.o)

Cross Reference Table

Symbol                                            File
ADC_AnalogWatchdogCmd                             build/waf.sflash_write-NoOS-LSRSTERLING_00950-SDIO/libraries/STM32F4xx_Peripheral_Libraries.a(stm32f4xx_adc.o)
ADC_AnalogWatchdogSingleChannelConfig             build/waf.sflash_write-NoOS-LSRSTERLING_00950-SDIO/libraries/STM32F4xx_Peripheral_Libraries.a(stm32f4xx_adc.o)
ADC_AnalogWatchdogThresholdsConfig                build/waf.sflash_write-NoOS-LSRSTERLING_00950-SDIO/libraries/STM32F4xx_Peripheral_Libraries.a(stm32f4xx_adc.o)
ADC_AutoInjectedConvCmd                           build/waf.sflash_write-NoOS-LSRSTERLING_00950-SDIO/libraries/STM32F4xx_Peripheral_Libraries.a(stm32f4xx_adc.o)
ADC_ClearFlag                                     build/waf.sflash_write-NoOS-LSRSTERLING_00950-SDIO/libraries/STM32F4xx_Peripheral_Libraries.a(stm32f4xx_adc.o)
ADC_ClearITPendingBit                             build/waf.sflash_write-NoOS-LSRSTERLING_00950-SDIO/libraries/STM32F4xx_Peripheral_Libraries.a(stm32f4xx_adc.o)
ADC_Cmd                                           build/waf.sflash_write-NoOS-LSRSTERLING_00950-SDIO/libraries/STM32F4xx_Peripheral_Libraries.a(stm32f4xx_adc.o)
                                                  build/waf.sflash_write-NoOS-LSRSTERLING_00950-SDIO/libraries/STM32F4xx_Peripheral_Drivers.a(platform_adc.o)
ADC_CommonInit                                    build/waf.sflash_write-NoOS-LSRSTERLING_00950-SDIO/libraries/STM32F4xx_Peripheral_Libraries.a(stm32f4xx_adc.o)
                                                  build/waf.sflash_write-NoOS-LSRSTERLING_00950-SDIO/libraries/STM32F4xx_Peripheral_Drivers.a(platform_adc.o)
ADC_CommonStructInit                              build/waf.sflash_write-NoOS-LSRSTERLING_00950-SDIO/libraries/STM32F4xx_Peripheral_Libraries.a(stm32f4xx_adc.o)
                                                  build/waf.sflash_write-NoOS-LSRSTERLING_00950-SDIO/libraries/STM32F4xx_Peripheral_Drivers.a(platform_adc.o)
ADC_ContinuousModeCmd                             build/waf.sflash_write-NoOS-LSRSTERLING_00950-SDIO/libraries/STM32F4xx_Peripheral_Libraries.a(stm32f4xx_adc.o)
ADC_DMACmd                                        build/waf.sflash_write-NoOS-LSRSTERLING_00950-SDIO/libraries/STM32F4xx_Peripheral_Libraries.a(stm32f4xx_adc.o)
ADC_DMARequestAfterLastTransferCmd                build/waf.sflash_write-NoOS-LSRSTERLING_00950-SDIO/libraries/STM32F4xx_Peripheral_Libraries.a(stm32f4xx_adc.o)
ADC_DeInit                                        build/waf.sflash_write-NoOS-LSRSTERLING_00950-SDIO/libraries/STM32F4xx_Peripheral_Libraries.a(stm32f4xx_adc.o)
ADC_DiscModeChannelCountConfig                    build/waf.sflash_write-NoOS-LSRSTERLING_00950-SDIO/libraries/STM32F4xx_Peripheral_Libraries.a(stm32f4xx_adc.o)
ADC_DiscModeCmd                                   build/waf.sflash_write-NoOS-LSRSTERLING_00950-SDIO/libraries/STM32F4xx_Peripheral_Libraries.a(stm32f4xx_adc.o)
ADC_EOCOnEachRegularChannelCmd                    build/waf.sflash_write-NoOS-LSRSTERLING_00950-SDIO/libraries/STM32F4xx_Peripheral_Libraries.a(stm32f4xx_adc.o)
ADC_ExternalTrigInjectedConvConfig                build/waf.sflash_write-NoOS-LSRSTERLING_00950-SDIO/libraries/STM32F4xx_Peripheral_Libraries.a(stm32f4xx_adc.o)
ADC_ExternalTrigInjectedConvEdgeConfig            build/waf.sflash_write-NoOS-LSRSTERLING_00950-SDIO/libraries/STM32F4xx_Peripheral_Libraries.a(stm32f4xx_adc.o)
ADC_GetConversionValue                            build/waf.sflash_write-NoOS-LSRSTERLING_00950-SDIO/libraries/STM32F4xx_Peripheral_Libraries.a(stm32f4xx_adc.o)
                                                  build/waf.sflash_write-NoOS-LSRSTERLING_00950-SDIO/libraries/STM32F4xx_Peripheral_Drivers.a(platform_adc.o)
ADC_GetFlagStatus                                 build/waf.sflash_write-NoOS-LSRSTERLING_00950-SDIO/libraries/STM32F4xx_Peripheral_Libraries.a(stm32f4xx_adc.o)
                                                  build/waf.sflash_write-NoOS-LSRSTERLING_00950-SDIO/libraries/STM32F4xx_Peripheral_Drivers.a(platform_adc.o)
ADC_GetITStatus                                   build/waf.sflash_write-NoOS-LSRSTERLING_00950-SDIO/libraries/STM32F4xx_Peripheral_Libraries.a(stm32f4xx_adc.o)
ADC_GetInjectedConversionValue                    build/waf.sflash_write-NoOS-LSRSTERLING_00950-SDIO/libraries/STM32F4xx_Peripheral_Libraries.a(stm32f4xx_adc.o)
ADC_GetMultiModeConversionValue                   build/waf.sflash_write-NoOS-LSRSTERLING_00950-SDIO/libraries/STM32F4xx_Peripheral_Libraries.a(stm32f4xx_adc.o)
ADC_GetSoftwareStartConvStatus                    build/waf.sflash_write-NoOS-LSRSTERLING_00950-SDIO/libraries/STM32F4xx_Peripheral_Libraries.a(stm32f4xx_adc.o)
ADC_GetSoftwareStartInjectedConvCmdStatus         build/waf.sflash_write-NoOS-LSRSTERLING_00950-SDIO/libraries/STM32F4xx_Peripheral_Libraries.a(stm32f4xx_adc.o)
ADC_ITConfig                                      build/waf.sflash_write-NoOS-LSRSTERLING_00950-SDIO/libraries/STM32F4xx_Peripheral_Libraries.a(stm32f4xx_adc.o)
ADC_Init                                          build/waf.sflash_write-NoOS-LSRSTERLING_00950-SDIO/libraries/STM32F4xx_Peripheral_Libraries.a(stm32f4xx_adc.o)
                                                  build/waf.sflash_write-NoOS-LSRSTERLING_00950-SDIO/libraries/STM32F4xx_Peripheral_Drivers.a(platform_adc.o)
ADC_InjectedChannelConfig                         build/waf.sflash_write-NoOS-LSRSTERLING_00950-SDIO/libraries/STM32F4xx_Peripheral_Libraries.a(stm32f4xx_adc.o)
ADC_InjectedDiscModeCmd                           build/waf.sflash_write-NoOS-LSRSTERLING_00950-SDIO/libraries/STM32F4xx_Peripheral_Libraries.a(stm32f4xx_adc.o)
ADC_InjectedSequencerLengthConfig                 build/waf.sflash_write-NoOS-LSRSTERLING_00950-SDIO/libraries/STM32F4xx_Peripheral_Libraries.a(stm32f4xx_adc.o)
ADC_MultiModeDMARequestAfterLastTransferCmd       build/waf.sflash_write-NoOS-LSRSTERLING_00950-SDIO/libraries/STM32F4xx_Peripheral_Libraries.a(stm32f4xx_adc.o)
ADC_RegularChannelConfig                          build/waf.sflash_write-NoOS-LSRSTERLING_00950-SDIO/libraries/STM32F4xx_Peripheral_Libraries.a(stm32f4xx_adc.o)
                                                  build/waf.sflash_write-NoOS-LSRSTERLING_00950-SDIO/libraries/STM32F4xx_Peripheral_Drivers.a(platform_adc.o)
ADC_SetInjectedOffset                             build/waf.sflash_write-NoOS-LSRSTERLING_00950-SDIO/libraries/STM32F4xx_Peripheral_Libraries.a(stm32f4xx_adc.o)
ADC_SoftwareStartConv                             build/waf.sflash_write-NoOS-LSRSTERLING_00950-SDIO/libraries/STM32F4xx_Peripheral_Libraries.a(stm32f4xx_adc.o)
                                                  build/waf.sflash_write-NoOS-LSRSTERLING_00950-SDIO/libraries/STM32F4xx_Peripheral_Drivers.a(platform_adc.o)
ADC_SoftwareStartInjectedConv                     build/waf.sflash_write-NoOS-LSRSTERLING_00950-SDIO/libraries/STM32F4xx_Peripheral_Libraries.a(stm32f4xx_adc.o)
ADC_StructInit                                    build/waf.sflash_write-NoOS-LSRSTERLING_00950-SDIO/libraries/STM32F4xx_Peripheral_Libraries.a(stm32f4xx_adc.o)
                                                  build/waf.sflash_write-NoOS-LSRSTERLING_00950-SDIO/libraries/STM32F4xx_Peripheral_Drivers.a(platform_adc.o)
ADC_TempSensorVrefintCmd                          build/waf.sflash_write-NoOS-LSRSTERLING_00950-SDIO/libraries/STM32F4xx_Peripheral_Libraries.a(stm32f4xx_adc.o)
ADC_VBATCmd                                       build/waf.sflash_write-NoOS-LSRSTERLING_00950-SDIO/libraries/STM32F4xx_Peripheral_Libraries.a(stm32f4xx_adc.o)
ADC_irq                                           build/waf.sflash_write-NoOS-LSRSTERLING_00950-SDIO/libraries/STM32F4xx.a(platform_unhandled_isr.o)
                                                  build/waf.sflash_write-NoOS-LSRSTERLING_00950-SDIO/Modules/./WICED/platform/MCU/STM32F4xx/platform_vector_table.o
BusFaultException                                 build/waf.sflash_write-NoOS-LSRSTERLING_00950-SDIO/libraries/STM32F4xx.a(platform_unhandled_isr.o)
                                                  build/waf.sflash_write-NoOS-LSRSTERLING_00950-SDIO/Modules/./WICED/platform/MCU/STM32F4xx/platform_vector_table.o
CAN1_RX0_irq                                      build/waf.sflash_write-NoOS-LSRSTERLING_00950-SDIO/libraries/STM32F4xx.a(platform_unhandled_isr.o)
                                                  build/waf.sflash_write-NoOS-LSRSTERLING_00950-SDIO/Modules/./WICED/platform/MCU/STM32F4xx/platform_vector_table.o
CAN1_RX1_irq                                      build/waf.sflash_write-NoOS-LSRSTERLING_00950-SDIO/libraries/STM32F4xx.a(platform_unhandled_isr.o)
                                                  build/waf.sflash_write-NoOS-LSRSTERLING_00950-SDIO/Modules/./WICED/platform/MCU/STM32F4xx/platform_vector_table.o
CAN1_SCE_irq                                      build/waf.sflash_write-NoOS-LSRSTERLING_00950-SDIO/libraries/STM32F4xx.a(platform_unhandled_isr.o)
                                                  build/waf.sflash_write-NoOS-LSRSTERLING_00950-SDIO/Modules/./WICED/platform/MCU/STM32F4xx/platform_vector_table.o
CAN1_TX_irq                                       build/waf.sflash_write-NoOS-LSRSTERLING_00950-SDIO/libraries/STM32F4xx.a(platform_unhandled_isr.o)
                                                  build/waf.sflash_write-NoOS-LSRSTERLING_00950-SDIO/Modules/./WICED/platform/MCU/STM32F4xx/platform_vector_table.o
CAN2_RX0_irq                                      build/waf.sflash_write-NoOS-LSRSTERLING_00950-SDIO/libraries/STM32F4xx.a(platform_unhandled_isr.o)
                                                  build/waf.sflash_write-NoOS-LSRSTERLING_00950-SDIO/Modules/./WICED/platform/MCU/STM32F4xx/platform_vector_table.o
CAN2_RX1_irq                                      build/waf.sflash_write-NoOS-LSRSTERLING_00950-SDIO/libraries/STM32F4xx.a(platform_unhandled_isr.o)
                                                  build/waf.sflash_write-NoOS-LSRSTERLING_00950-SDIO/Modules/./WICED/platform/MCU/STM32F4xx/platform_vector_table.o
CAN2_SCE_irq                                      build/waf.sflash_write-NoOS-LSRSTERLING_00950-SDIO/libraries/STM32F4xx.a(platform_unhandled_isr.o)